Component: Arm Compiler for Embedded 6.21 Tool: armlink [5ec1fa00]

==============================================================================

Section Cross References

    startup_stm32f103xb.o(STACK) refers (Special) to heapauxi.o(.text) for __use_two_region_memory
    startup_stm32f103xb.o(HEAP) refers (Special) to heapauxi.o(.text) for __use_two_region_memory
    startup_stm32f103xb.o(RESET) refers (Special) to heapauxi.o(.text) for __use_two_region_memory
    startup_stm32f103xb.o(RESET) refers to startup_stm32f103xb.o(STACK) for __initial_sp
    startup_stm32f103xb.o(RESET) refers to startup_stm32f103xb.o(.text) for Reset_Handler
    startup_stm32f103xb.o(RESET) refers to stm32f1xx_it.o(.text.NMI_Handler) for NMI_Handler
    startup_stm32f103xb.o(RESET) refers to stm32f1xx_it.o(.text.HardFault_Handler) for HardFault_Handler
    startup_stm32f103xb.o(RESET) refers to stm32f1xx_it.o(.text.MemManage_Handler) for MemManage_Handler
    startup_stm32f103xb.o(RESET) refers to stm32f1xx_it.o(.text.BusFault_Handler) for BusFault_Handler
    startup_stm32f103xb.o(RESET) refers to stm32f1xx_it.o(.text.UsageFault_Handler) for UsageFault_Handler
    startup_stm32f103xb.o(RESET) refers to stm32f1xx_it.o(.text.SVC_Handler) for SVC_Handler
    startup_stm32f103xb.o(RESET) refers to stm32f1xx_it.o(.text.DebugMon_Handler) for DebugMon_Handler
    startup_stm32f103xb.o(RESET) refers to stm32f1xx_it.o(.text.PendSV_Handler) for PendSV_Handler
    startup_stm32f103xb.o(RESET) refers to stm32f1xx_it.o(.text.SysTick_Handler) for SysTick_Handler
    startup_stm32f103xb.o(.text) refers (Special) to heapauxi.o(.text) for __use_two_region_memory
    startup_stm32f103xb.o(.text) refers to system_stm32f1xx.o(.text.SystemInit) for SystemInit
    startup_stm32f103xb.o(.text) refers to __main.o(!!!main) for __main
    startup_stm32f103xb.o(.text) refers to startup_stm32f103xb.o(HEAP) for Heap_Mem
    startup_stm32f103xb.o(.text) refers to startup_stm32f103xb.o(STACK) for Stack_Mem
    main.o(.text.main) refers to stm32f1xx_hal.o(.text.HAL_Init) for HAL_Init
    main.o(.text.main) refers to main.o(.text.SystemClock_Config) for SystemClock_Config
    main.o(.text.main) refers to gpio.o(.text.MX_GPIO_Init) for MX_GPIO_Init
    main.o(.text.main) refers to usart.o(.text.MX_USART1_UART_Init) for MX_USART1_UART_Init
    main.o(.text.main) refers to i2c.o(.text.MX_I2C1_Init) for MX_I2C1_Init
    main.o(.text.main) refers to tms.o(.text.Tms_If_Init) for Tms_If_Init
    main.o(.text.main) refers to tms.o(.text.Tms_If_Poll) for Tms_If_Poll
    main.o(.ARM.exidx.text.main) refers to main.o(.text.main) for [Anonymous Symbol]
    main.o(.text.SystemClock_Config) refers to rt_memclr_w.o(.text) for __aeabi_memclr4
    main.o(.text.SystemClock_Config) refers to stm32f1xx_hal_rcc.o(.text.HAL_RCC_OscConfig) for HAL_RCC_OscConfig
    main.o(.text.SystemClock_Config) refers to main.o(.text.Error_Handler) for Error_Handler
    main.o(.text.SystemClock_Config) refers to stm32f1xx_hal_rcc.o(.text.HAL_RCC_ClockConfig) for HAL_RCC_ClockConfig
    main.o(.ARM.exidx.text.SystemClock_Config) refers to main.o(.text.SystemClock_Config) for [Anonymous Symbol]
    main.o(.ARM.exidx.text.Error_Handler) refers to main.o(.text.Error_Handler) for [Anonymous Symbol]
    gpio.o(.text.MX_GPIO_Init) refers to stm32f1xx_hal_gpio.o(.text.HAL_GPIO_WritePin) for HAL_GPIO_WritePin
    gpio.o(.text.MX_GPIO_Init) refers to stm32f1xx_hal_gpio.o(.text.HAL_GPIO_Init) for HAL_GPIO_Init
    gpio.o(.ARM.exidx.text.MX_GPIO_Init) refers to gpio.o(.text.MX_GPIO_Init) for [Anonymous Symbol]
    i2c.o(.text.MX_I2C1_Init) refers to i2c.o(.bss.hi2c1) for hi2c1
    i2c.o(.text.MX_I2C1_Init) refers to stm32f1xx_hal_i2c.o(.text.HAL_I2C_Init) for HAL_I2C_Init
    i2c.o(.text.MX_I2C1_Init) refers to main.o(.text.Error_Handler) for Error_Handler
    i2c.o(.ARM.exidx.text.MX_I2C1_Init) refers to i2c.o(.text.MX_I2C1_Init) for [Anonymous Symbol]
    i2c.o(.text.HAL_I2C_MspInit) refers to stm32f1xx_hal_gpio.o(.text.HAL_GPIO_Init) for HAL_GPIO_Init
    i2c.o(.ARM.exidx.text.HAL_I2C_MspInit) refers to i2c.o(.text.HAL_I2C_MspInit) for [Anonymous Symbol]
    i2c.o(.text.HAL_I2C_MspDeInit) refers to stm32f1xx_hal_gpio.o(.text.HAL_GPIO_DeInit) for HAL_GPIO_DeInit
    i2c.o(.ARM.exidx.text.HAL_I2C_MspDeInit) refers to i2c.o(.text.HAL_I2C_MspDeInit) for [Anonymous Symbol]
    i2c.o(.text.I2c_If_Transmit) refers to i2c.o(.bss.hi2c1) for hi2c1
    i2c.o(.text.I2c_If_Transmit) refers to stm32f1xx_hal_i2c.o(.text.HAL_I2C_Master_Transmit) for HAL_I2C_Master_Transmit
    i2c.o(.ARM.exidx.text.I2c_If_Transmit) refers to i2c.o(.text.I2c_If_Transmit) for [Anonymous Symbol]
    i2c.o(.text.I2c_If_Receive) refers to i2c.o(.bss.hi2c1) for hi2c1
    i2c.o(.text.I2c_If_Receive) refers to stm32f1xx_hal_i2c.o(.text.HAL_I2C_Master_Receive) for HAL_I2C_Master_Receive
    i2c.o(.ARM.exidx.text.I2c_If_Receive) refers to i2c.o(.text.I2c_If_Receive) for [Anonymous Symbol]
[...]
    [Anonymous Symbol]                       0x0800538c   Section        0  freemaster_utils.o(.text._FMSTR_MemSet)
    _FMSTR_PipeDiscardBytes                  0x080053b9   Thumb Code   146  freemaster_pipes.o(.text._FMSTR_PipeDiscardBytes)
    [Anonymous Symbol]                       0x080053b8   Section        0  freemaster_pipes.o(.text._FMSTR_PipeDiscardBytes)
    _FMSTR_PipeGetBytesFree                  0x0800544d   Thumb Code    76  freemaster_pipes.o(.text._FMSTR_PipeGetBytesFree)
    [Anonymous Symbol]                       0x0800544c   Section        0  freemaster_pipes.o(.text._FMSTR_PipeGetBytesFree)
    _FMSTR_PipeGetBytesReady                 0x08005499   Thumb Code    78  freemaster_pipes.o(.text._FMSTR_PipeGetBytesReady)
    [Anonymous Symbol]                       0x08005498   Section        0  freemaster_pipes.o(.text._FMSTR_PipeGetBytesReady)
    _FMSTR_PipeReceive                       0x080054e9   Thumb Code   204  freemaster_pipes.o(.text._FMSTR_PipeReceive)
    [Anonymous Symbol]                       0x080054e8   Section        0  freemaster_pipes.o(.text._FMSTR_PipeReceive)
    _FMSTR_PipeTransmit                      0x080055b5   Thumb Code   186  freemaster_pipes.o(.text._FMSTR_PipeTransmit)
    [Anonymous Symbol]                       0x080055b4   Section        0  freemaster_pipes.o(.text._FMSTR_PipeTransmit)
    [Anonymous Symbol]                       0x08005670   Section        0  freemaster_protocol.o(.text._FMSTR_ReadMem)
    [Anonymous Symbol]                       0x080056c0   Section        0  freemaster_protocol.o(.text._FMSTR_ReadMemBaseAddress)
    _FMSTR_RecMemCfg                         0x08005719   Thumb Code   206  freemaster_rec.o(.text._FMSTR_RecMemCfg)
    [Anonymous Symbol]                       0x08005718   Section        0  freemaster_rec.o(.text._FMSTR_RecMemCfg)
    _FMSTR_RecVarCfg                         0x080057e9   Thumb Code   464  freemaster_rec.o(.text._FMSTR_RecVarCfg)
    [Anonymous Symbol]                       0x080057e8   Section        0  freemaster_rec.o(.text._FMSTR_RecVarCfg)
    _FMSTR_Rx                                0x080059b9   Thumb Code   526  freemaster_serial.o(.text._FMSTR_Rx)
    [Anonymous Symbol]                       0x080059b8   Section        0  freemaster_serial.o(.text._FMSTR_Rx)
    _FMSTR_SendError                         0x08005bc9   Thumb Code    34  freemaster_serial.o(.text._FMSTR_SendError)
    [Anonymous Symbol]                       0x08005bc8   Section        0  freemaster_serial.o(.text._FMSTR_SendError)
    _FMSTR_SerialInit                        0x08005bed   Thumb Code   306  freemaster_serial.o(.text._FMSTR_SerialInit)
    [Anonymous Symbol]                       0x08005bec   Section        0  freemaster_serial.o(.text._FMSTR_SerialInit)
    _FMSTR_SerialPoll                        0x08005d21   Thumb Code    36  freemaster_serial.o(.text._FMSTR_SerialPoll)
    [Anonymous Symbol]                       0x08005d20   Section        0  freemaster_serial.o(.text._FMSTR_SerialPoll)
    _FMSTR_SerialSendResponse                0x08005d45   Thumb Code   350  freemaster_serial.o(.text._FMSTR_SerialSendResponse)
    [Anonymous Symbol]                       0x08005d44   Section        0  freemaster_serial.o(.text._FMSTR_SerialSendResponse)
    _FMSTR_SetRecCmd_CFGMEM                  0x08005ea5   Thumb Code   136  freemaster_rec.o(.text._FMSTR_SetRecCmd_CFGMEM)
    [Anonymous Symbol]                       0x08005ea4   Section        0  freemaster_rec.o(.text._FMSTR_SetRecCmd_CFGMEM)
    _FMSTR_SetRecCmd_CFGVAR                  0x08005f2d   Thumb Code   326  freemaster_rec.o(.text._FMSTR_SetRecCmd_CFGVAR)
    [Anonymous Symbol]                       0x08005f2c   Section        0  freemaster_rec.o(.text._FMSTR_SetRecCmd_CFGVAR)
    _FMSTR_SetScope_CFGMEM                   0x08006075   Thumb Code    70  freemaster_scope.o(.text._FMSTR_SetScope_CFGMEM)
    [Anonymous Symbol]                       0x08006074   Section        0  freemaster_scope.o(.text._FMSTR_SetScope_CFGMEM)
    _FMSTR_SetScope_CFGVAR                   0x080060bd   Thumb Code   194  freemaster_scope.o(.text._FMSTR_SetScope_CFGVAR)
    [Anonymous Symbol]                       0x080060bc   Section        0  freemaster_scope.o(.text._FMSTR_SetScope_CFGVAR)
    _FMSTR_StartRec                          0x08006181   Thumb Code   128  freemaster_rec.o(.text._FMSTR_StartRec)
    [Anonymous Symbol]                       0x08006180   Section        0  freemaster_rec.o(.text._FMSTR_StartRec)
    [Anonymous Symbol]                       0x08006200   Section        0  freemaster_utils.o(.text._FMSTR_StrCmp)
    [Anonymous Symbol]                       0x080062ac   Section        0  freemaster_utils.o(.text._FMSTR_StrLen)
    _FMSTR_Tx                                0x080062e5   Thumb Code   136  freemaster_serial.o(.text._FMSTR_Tx)
    [Anonymous Symbol]                       0x080062e4   Section        0  freemaster_serial.o(.text._FMSTR_Tx)
    [Anonymous Symbol]                       0x0800636c   Section        0  freemaster_protocol.o(.text._FMSTR_WriteMem)
    __NVIC_GetPriorityGrouping               0x080063d5   Thumb Code    16  stm32f1xx_hal_cortex.o(.text.__NVIC_GetPriorityGrouping)
    [Anonymous Symbol]                       0x080063d4   Section        0  stm32f1xx_hal_cortex.o(.text.__NVIC_GetPriorityGrouping)
    __NVIC_SetPriority                       0x080063e5   Thumb Code    66  stm32f1xx_hal_cortex.o(.text.__NVIC_SetPriority)
    [Anonymous Symbol]                       0x080063e4   Section        0  stm32f1xx_hal_cortex.o(.text.__NVIC_SetPriority)
    __NVIC_SetPriorityGrouping               0x08006429   Thumb Code    60  stm32f1xx_hal_cortex.o(.text.__NVIC_SetPriorityGrouping)
    [Anonymous Symbol]                       0x08006428   Section        0  stm32f1xx_hal_cortex.o(.text.__NVIC_SetPriorityGrouping)
    [Anonymous Symbol]                       0x08006464   Section        0  main.o(.text.main)
    x$fpl$dcmpinf                            0x0800648c   Section       24  dcmpi.o(x$fpl$dcmpinf)
    x$fpl$deqf                               0x080064a4   Section      120  deqf.o(x$fpl$deqf)
    x$fpl$dgeqf                              0x0800651c   Section      120  dgeqf.o(x$fpl$dgeqf)
    x$fpl$dleqf                              0x08006594   Section      120  dleqf.o(x$fpl$dleqf)
    x$fpl$dnaninf                            0x0800660c   Section      156  dnaninf.o(x$fpl$dnaninf)
    x$fpl$fcmp                               0x080066a8   Section       84  dcmp.o(x$fpl$fcmp)
    x$fpl$fcmp                               0x080066fc   Section       84  fcmp.o(x$fpl$fcmp)
    x$fpl$fcmpinf                            0x08006750   Section       24  fcmpi.o(x$fpl$fcmpinf)
    x$fpl$feqf                               0x08006768   Section      104  feqf.o(x$fpl$feqf)
    x$fpl$fgeqf                              0x080067d0   Section      104  fgeqf.o(x$fpl$fgeqf)
    x$fpl$fleqf                              0x08006838   Section      104  fleqf.o(x$fpl$fleqf)
    x$fpl$fnaninf                            0x080068a0   Section      140  fnaninf.o(x$fpl$fnaninf)
    x$fpl$usenofp                            0x0800692c   Section        0  usenofp.o(x$fpl$usenofp)
    HAL_RCC_GetSysClockFreq.aPLLMULFactorTable 0x08006984   Data          16  stm32f1xx_hal_rcc.o(.rodata.HAL_RCC_GetSysClockFreq.aPLLMULFactorTable)
    [Anonymous Symbol]                       0x08006984   Section        0  stm32f1xx_hal_rcc.o(.rodata.HAL_RCC_GetSysClockFreq.aPLLMULFactorTable)
    HAL_RCC_GetSysClockFreq.aPredivFactorTable 0x08006994   Data           2  stm32f1xx_hal_rcc.o(.rodata.HAL_RCC_GetSysClockFreq.aPredivFactorTable)
    [Anonymous Symbol]                       0x08006994   Section        0  stm32f1xx_hal_rcc.o(.rodata.HAL_RCC_GetSysClockFreq.aPredivFactorTable)
    _FMSTR_GetBoardConfig.fmstr_cfgParamNames 0x08006998   Data          44  freemaster_protocol.o(.rodata._FMSTR_GetBoardConfig.fmstr_cfgParamNames)
    [Anonymous Symbol]                       0x08006998   Section        0  freemaster_protocol.o(.rodata._FMSTR_GetBoardConfig.fmstr_cfgParamNames)
    [Anonymous Symbol]                       0x080069c4   Section        0  freemaster_protocol.o(.rodata.str1.1)
    .L.str.11                                0x080069c7   Data           7  freemaster_protocol.o(.rodata.str1.1)
    .L.str.13                                0x080069ed   Data          25  freemaster_protocol.o(.rodata.str1.1)
    .L.str.12                                0x08006a06   Data          12  freemaster_protocol.o(.rodata.str1.1)
    .L.str                                   0x08006a12   Data          17  freemaster_rec.o(.rodata.str1.1)
    [Anonymous Symbol]                       0x08006a12   Section        0  freemaster_rec.o(.rodata.str1.1)
    .L.str                                   0x08006a23   Data           7  freemaster_serial.o(.rodata.str1.1)
    [Anonymous Symbol]                       0x08006a23   Section        0  freemaster_serial.o(.rodata.str1.1)
    .bss                                     0x20000010   Section       96  libspace.o(.bss)
    As_ReadAngle.Angle                       0x20000070   Data           4  as.o(.bss.As_ReadAngle.Angle)
    [Anonymous Symbol]                       0x20000070   Section        0  as.o(.bss.As_ReadAngle.Angle)
    Tms_If_Poll.LastTick                     0x2000007c   Data           4  tms.o(.bss.Tms_If_Poll.LastTick)
    [Anonymous Symbol]                       0x2000007c   Section        0  tms.o(.bss.Tms_If_Poll.LastTick)
    Tms_Task_50ms.LedState                   0x20000080   Data           1  tms.o(.bss.Tms_Task_50ms.LedState)
    [Anonymous Symbol]                       0x20000080   Section        0  tms.o(.bss.Tms_Task_50ms.LedState)
    _fmstr_wFlags                            0x20000084   Data           4  freemaster_serial.o(.bss._fmstr_wFlags)
    [Anonymous Symbol]                       0x20000084   Section        0  freemaster_serial.o(.bss._fmstr_wFlags)
    fmstr_appCmd                             0x20000088   Data           1  freemaster_appcmd.o(.bss.fmstr_appCmd)
    [Anonymous Symbol]                       0x20000088   Section        0  freemaster_appcmd.o(.bss.fmstr_appCmd)
    fmstr_appCmdBuff                         0x20000089   Data          32  freemaster_appcmd.o(.bss.fmstr_appCmdBuff)
    [Anonymous Symbol]                       0x20000089   Section        0  freemaster_appcmd.o(.bss.fmstr_appCmdBuff)
    fmstr_appCmdCallFunc                     0x200000ac   Data          16  freemaster_appcmd.o(.bss.fmstr_appCmdCallFunc)
    [Anonymous Symbol]                       0x200000ac   Section        0  freemaster_appcmd.o(.bss.fmstr_appCmdCallFunc)
    fmstr_appCmdCallId                       0x200000bc   Data           4  freemaster_appcmd.o(.bss.fmstr_appCmdCallId)
    [Anonymous Symbol]                       0x200000bc   Section        0  freemaster_appcmd.o(.bss.fmstr_appCmdCallId)
    fmstr_appCmdLen                          0x200000c0   Data           4  freemaster_appcmd.o(.bss.fmstr_appCmdLen)
    [Anonymous Symbol]                       0x200000c0   Section        0  freemaster_appcmd.o(.bss.fmstr_appCmdLen)
    fmstr_appCmdResult                       0x200000c4   Data           1  freemaster_appcmd.o(.bss.fmstr_appCmdResult)
    [Anonymous Symbol]                       0x200000c4   Section        0  freemaster_appcmd.o(.bss.fmstr_appCmdResult)
    fmstr_appCmdResultDataLen                0x200000c5   Data           1  freemaster_appcmd.o(.bss.fmstr_appCmdResultDataLen)
    [Anonymous Symbol]                       0x200000c5   Section        0  freemaster_appcmd.o(.bss.fmstr_appCmdResultDataLen)
    fmstr_nRxCrc8                            0x200000c6   Data           1  freemaster_serial.o(.bss.fmstr_nRxCrc8)
    [Anonymous Symbol]                       0x200000c6   Section        0  freemaster_serial.o(.bss.fmstr_nRxCrc8)
    fmstr_nRxTodo                            0x200000c7   Data           1  freemaster_serial.o(.bss.fmstr_nRxTodo)
    [Anonymous Symbol]                       0x200000c7   Section        0  freemaster_serial.o(.bss.fmstr_nRxTodo)
    fmstr_nTxTodo                            0x200000c8   Data           1  freemaster_serial.o(.bss.fmstr_nTxTodo)
    [Anonymous Symbol]                       0x200000c8   Section        0  freemaster_serial.o(.bss.fmstr_nTxTodo)
    fmstr_pCommBuffer                        0x200000c9   Data         247  freemaster_serial.o(.bss.fmstr_pCommBuffer)
    [Anonymous Symbol]                       0x200000c9   Section        0  freemaster_serial.o(.bss.fmstr_pCommBuffer)
    fmstr_pOwnRecBuffer                      0x200001c0   Data        1024  freemaster_rec.o(.bss.fmstr_pOwnRecBuffer)
    [Anonymous Symbol]                       0x200001c0   Section        0  freemaster_rec.o(.bss.fmstr_pOwnRecBuffer)
    fmstr_pRxBuff                            0x200005c0   Data           4  freemaster_serial.o(.bss.fmstr_pRxBuff)
    [Anonymous Symbol]                       0x200005c0   Section        0  freemaster_serial.o(.bss.fmstr_pRxBuff)
    fmstr_pTxBuff                            0x200005c4   Data           4  freemaster_serial.o(.bss.fmstr_pTxBuff)
    [Anonymous Symbol]                       0x200005c4   Section        0  freemaster_serial.o(.bss.fmstr_pTxBuff)
    fmstr_recBuffs                           0x200005c8   Data          16  freemaster_rec.o(.bss.fmstr_recBuffs)
    [Anonymous Symbol]                       0x200005c8   Section        0  freemaster_rec.o(.bss.fmstr_recBuffs)
    fmstr_scopeCfg                           0x200005d8   Data          44  freemaster_scope.o(.bss.fmstr_scopeCfg)
    [Anonymous Symbol]                       0x200005d8   Section        0  freemaster_scope.o(.bss.fmstr_scopeCfg)
    fmstr_sessions                           0x20000604   Data           4  freemaster_protocol.o(.bss.fmstr_sessions)
    [Anonymous Symbol]                       0x20000604   Section        0  freemaster_protocol.o(.bss.fmstr_sessions)
    pcm_pipes                                0x200006a4   Data         108  freemaster_pipes.o(.bss.pcm_pipes)
    [Anonymous Symbol]                       0x200006a4   Section        0  freemaster_pipes.o(.bss.pcm_pipes)
    Heap_Mem                                 0x20000718   Data         512  startup_stm32f103xb.o(HEAP)
    HEAP                                     0x20000718   Section      512  startup_stm32f103xb.o(HEAP)
    Stack_Mem                                0x20000918   Data        1024  startup_stm32f103xb.o(STACK)
    STACK                                    0x20000918   Section     1024  startup_stm32f103xb.o(STACK)
    __initial_sp                             0x20000d18   Data           0  startup_stm32f103xb.o(STACK)

    Global Symbols

    Symbol Name                              Value     Ov Type        Size  Object(Section)

    BuildAttributes$$THM_ISAv4$P$D$K$B$S$PE$A:L22UL41UL21$X:L11$S22US41US21$IEEE1$IW$~IW$USESV6$~STKCKD$USESV7$~SHL$OSPACE$ROPI$EBA8$UX$STANDARDLIB$REQ8$PRES8$EABIv2 0x00000000   Number         0  anon$$obj.o ABSOLUTE
    __fp_init_empty                          0x00000000   Number         0  fpinit_empty.o ABSOLUTE
    __ARM_exceptions_init                     - Undefined Weak Reference
    __alloca_initialize                       - Undefined Weak Reference
    __arm_preinit_                            - Undefined Weak Reference
    __arm_relocate_pie_                       - Undefined Weak Reference
    __cpp_initialize__aeabi_                  - Undefined Weak Reference
    __cxa_finalize                            - Undefined Weak Reference
    __rt_locale                               - Undefined Weak Reference
    __sigvec_lookup                           - Undefined Weak Reference
    _atexit_init                              - Undefined Weak Reference
    _call_atexit_fns                          - Undefined Weak Reference
    _clock_init                               - Undefined Weak Reference
    _fp_trap_init                             - Undefined Weak Reference
    _fp_trap_shutdown                         - Undefined Weak Reference
    _get_lc_collate                           - Undefined Weak Reference
    _get_lc_ctype                             - Undefined Weak Reference
    _get_lc_monetary                          - Undefined Weak Reference
    _get_lc_numeric                           - Undefined Weak Reference
    _get_lc_time                              - Undefined Weak Reference
    _getenv_init                              - Undefined Weak Reference
    _handle_redirection                       - Undefined Weak Reference
    _init_alloc                               - Undefined Weak Reference
    _init_user_alloc                          - Undefined Weak Reference
    _initio                                   - Undefined Weak Reference
    _rand_init                                - Undefined Weak Reference
    _signal_finish                            - Undefined Weak Reference
    _signal_init                              - Undefined Weak Reference
    _terminate_alloc                          - Undefined Weak Reference
    _terminate_user_alloc                     - Undefined Weak Reference
    _terminateio                              - Undefined Weak Reference
    __Vectors_Size                           0x000000ec   Number         0  startup_stm32f103xb.o ABSOLUTE
    __Vectors                                0x08000000   Data           4  startup_stm32f103xb.o(RESET)
    __Vectors_End                            0x080000ec   Data           0  startup_stm32f103xb.o(RESET)
    __main                                   0x080000ed   Thumb Code     8  __main.o(!!!main)
    __scatterload                            0x080000f5   Thumb Code     0  __scatter.o(!!!scatter)
    __scatterload_rt2                        0x080000f5   Thumb Code    84  __scatter.o(!!!scatter)
    __scatterload_rt2_thumb_only             0x080000f5   Thumb Code     0  __scatter.o(!!!scatter)
    __scatterload_loop                       0x080000ff   Thumb Code     0  __scatter.o(!!!scatter)
    __scatterload_copy                       0x08000151   Thumb Code    26  __scatter_copy.o(!!handler_copy)
    __scatterload_null                       0x0800016d   Thumb Code     2  __scatter.o(!!handler_null)
    __scatterload_zeroinit                   0x08000171   Thumb Code    28  __scatter_zi.o(!!handler_zi)
    __rt_lib_init                            0x0800018d   Thumb Code     0  libinit.o(.ARM.Collect$$libinit$$00000000)
    __rt_lib_init_alloca_1                   0x0800018f   Thumb Code     0  libinit2.o(.ARM.Collect$$libinit$$00000030)
    __rt_lib_init_argv_1                     0x0800018f   Thumb Code     0  libinit2.o(.ARM.Collect$$libinit$$0000002E)
    __rt_lib_init_atexit_1                   0x0800018f   Thumb Code     0  libinit2.o(.ARM.Collect$$libinit$$0000001D)
    __rt_lib_init_clock_1                    0x0800018f   Thumb Code     0  libinit2.o(.ARM.Collect$$libinit$$00000023)
    __rt_lib_init_cpp_1                      0x0800018f   Thumb Code     0  libinit2.o(.ARM.Collect$$libinit$$00000034)
    __rt_lib_init_exceptions_1               0x0800018f   Thumb Code     0  libinit2.o(.ARM.Collect$$libinit$$00000032)
    __rt_lib_init_fp_1                       0x0800018f   Thumb Code     0  libinit2.o(.ARM.Collect$$libinit$$00000002)
    __rt_lib_init_fp_trap_1                  0x0800018f   Thumb Code     0  libinit2.o(.ARM.Collect$$libinit$$00000021)
    __rt_lib_init_getenv_1                   0x0800018f   Thumb Code     0  libinit2.o(.ARM.Collect$$libinit$$00000025)
    __rt_lib_init_heap_1                     0x0800018f   Thumb Code     0  libinit2.o(.ARM.Collect$$libinit$$0000000C)
    __rt_lib_init_lc_collate_1               0x0800018f   Thumb Code     0  libinit2.o(.ARM.Collect$$libinit$$00000013)
    __rt_lib_init_lc_ctype_1                 0x0800018f   Thumb Code     0  libinit2.o(.ARM.Collect$$libinit$$00000015)
    __rt_lib_init_lc_monetary_1              0x0800018f   Thumb Code     0  libinit2.o(.ARM.Collect$$libinit$$00000017)
    __rt_lib_init_lc_numeric_1               0x0800018f   Thumb Code     0  libinit2.o(.ARM.Collect$$libinit$$00000019)
    __rt_lib_init_lc_time_1                  0x0800018f   Thumb Code     0  libinit2.o(.ARM.Collect$$libinit$$0000001B)
    __rt_lib_init_preinit_1                  0x0800018f   Thumb Code     0  libinit2.o(.ARM.Collect$$libinit$$00000006)
    __rt_lib_init_rand_1                     0x0800018f   Thumb Code     0  libinit2.o(.ARM.Collect$$libinit$$00000010)
    __rt_lib_init_relocate_pie_1             0x0800018f   Thumb Code     0  libinit2.o(.ARM.Collect$$libinit$$00000004)
    __rt_lib_init_return                     0x0800018f   Thumb Code     0  libinit2.o(.ARM.Collect$$libinit$$00000035)
    __rt_lib_init_signal_1                   0x0800018f   Thumb Code     0  libinit2.o(.ARM.Collect$$libinit$$0000001F)
    __rt_lib_init_stdio_1                    0x0800018f   Thumb Code     0  libinit2.o(.ARM.Collect$$libinit$$00000027)
    __rt_lib_init_user_alloc_1               0x0800018f   Thumb Code     0  libinit2.o(.ARM.Collect$$libinit$$0000000E)
    __rt_lib_shutdown                        0x08000191   Thumb Code     0  libshutdown.o(.ARM.Collect$$libshutdown$$00000000)
    __rt_lib_shutdown_cpp_1                  0x08000193   Thumb Code     0  libshutdown2.o(.ARM.Collect$$libshutdown$$00000002)
    __rt_lib_shutdown_fp_trap_1              0x08000193   Thumb Code     0  libshutdown2.o(.ARM.Collect$$libshutdown$$00000007)
    __rt_lib_shutdown_heap_1                 0x08000193   Thumb Code     0  libshutdown2.o(.ARM.Collect$$libshutdown$$0000000F)
    __rt_lib_shutdown_return                 0x08000193   Thumb Code     0  libshutdown2.o(.ARM.Collect$$libshutdown$$00000010)
    __rt_lib_shutdown_signal_1               0x08000193   Thumb Code     0  libshutdown2.o(.ARM.Collect$$libshutdown$$0000000A)
    __rt_lib_shutdown_stdio_1                0x08000193   Thumb Code     0  libshutdown2.o(.ARM.Collect$$libshutdown$$00000004)
    __rt_lib_shutdown_user_alloc_1           0x08000193   Thumb Code     0  libshutdown2.o(.ARM.Collect$$libshutdown$$0000000C)
    __rt_entry                               0x08000195   Thumb Code     0  __rtentry.o(.ARM.Collect$$rtentry$$00000000)
    __rt_entry_presh_1                       0x08000195   Thumb Code     0  __rtentry2.o(.ARM.Collect$$rtentry$$00000002)
    __rt_entry_sh                            0x08000195   Thumb Code     0  __rtentry4.o(.ARM.Collect$$rtentry$$00000004)
    __rt_entry_li                            0x0800019b   Thumb Code     0  __rtentry2.o(.ARM.Collect$$rtentry$$0000000A)
    __rt_entry_postsh_1                      0x0800019b   Thumb Code     0  __rtentry2.o(.ARM.Collect$$rtentry$$00000009)
    __rt_entry_main                          0x0800019f   Thumb Code     0  __rtentry2.o(.ARM.Collect$$rtentry$$0000000D)
    __rt_entry_postli_1                      0x0800019f   Thumb Code     0  __rtentry2.o(.ARM.Collect$$rtentry$$0000000C)
    __rt_exit                                0x080001a7   Thumb Code     0  rtexit.o(.ARM.Collect$$rtexit$$00000000)
    __rt_exit_ls                             0x080001a9   Thumb Code     0  rtexit2.o(.ARM.Collect$$rtexit$$00000003)
    __rt_exit_prels_1                        0x080001a9   Thumb Code     0  rtexit2.o(.ARM.Collect$$rtexit$$00000002)
    __rt_exit_exit                           0x080001ad   Thumb Code     0  rtexit2.o(.ARM.Collect$$rtexit$$00000004)
    Reset_Handler                            0x080001b5   Thumb Code     8  startup_stm32f103xb.o(.text)
    ADC1_2_IRQHandler                        0x080001cf   Thumb Code     0  startup_stm32f103xb.o(.text)
    CAN1_RX1_IRQHandler                      0x080001cf   Thumb Code     0  startup_stm32f103xb.o(.text)
    CAN1_SCE_IRQHandler                      0x080001cf   Thumb Code     0  startup_stm32f103xb.o(.text)
    DMA1_Channel1_IRQHandler                 0x080001cf   Thumb Code     0  startup_stm32f103xb.o(.text)
    DMA1_Channel2_IRQHandler                 0x080001cf   Thumb Code     0  startup_stm32f103xb.o(.text)
    DMA1_Channel3_IRQHandler                 0x080001cf   Thumb Code     0  startup_stm32f103xb.o(.text)
    DMA1_Channel4_IRQHandler                 0x080001cf   Thumb Code     0  startup_stm32f103xb.o(.text)
    DMA1_Channel5_IRQHandler                 0x080001cf   Thumb Code     0  startup_stm32f103xb.o(.text)
    DMA1_Channel6_IRQHandler                 0x080001cf   Thumb Code     0  startup_stm32f103xb.o(.text)
    DMA1_Channel7_IRQHandler                 0x080001cf   Thumb Code     0  startup_stm32f103xb.o(.text)
    EXTI0_IRQHandler                         0x080001cf   Thumb Code     0  startup_stm32f103xb.o(.text)
    EXTI15_10_IRQHandler                     0x080001cf   Thumb Code     0  startup_stm32f103xb.o(.text)
    EXTI1_IRQHandler                         0x080001cf   Thumb Code     0  startup_stm32f103xb.o(.text)
    EXTI2_IRQHandler                         0x080001cf   Thumb Code     0  startup_stm32f103xb.o(.text)
    EXTI3_IRQHandler                         0x080001cf   Thumb Code     0  startup_stm32f103xb.o(.text)
    EXTI4_IRQHandler                         0x080001cf   Thumb Code     0  startup_stm32f103xb.o(.text)
    EXTI9_5_IRQHandler                       0x080001cf   Thumb Code     0  startup_stm32f103xb.o(.text)
    FLASH_IRQHandler                         0x080001cf   Thumb Code     0  startup_stm32f103xb.o(.text)
    I2C1_ER_IRQHandler                       0x080001cf   Thumb Code     0  startup_stm32f103xb.o(.text)
    I2C1_EV_IRQHandler                       0x080001cf   Thumb Code     0  startup_stm32f103xb.o(.text)
    I2C2_ER_IRQHandler                       0x080001cf   Thumb Code     0  startup_stm32f103xb.o(.text)
    I2C2_EV_IRQHandler                       0x080001cf   Thumb Code     0  startup_stm32f103xb.o(.text)
    PVD_IRQHandler                           0x080001cf   Thumb Code     0  startup_stm32f103xb.o(.text)
    RCC_IRQHandler                           0x080001cf   Thumb Code     0  startup_stm32f103xb.o(.text)
    RTC_Alarm_IRQHandler                     0x080001cf   Thumb Code     0  startup_stm32f103xb.o(.text)
    RTC_IRQHandler                           0x080001cf   Thumb Code     0  startup_stm32f103xb.o(.text)
    SPI1_IRQHandler                          0x080001cf   Thumb Code     0  startup_stm32f103xb.o(.text)
    SPI2_IRQHandler                          0x080001cf   Thumb Code     0  startup_stm32f103xb.o(.text)
    TAMPER_IRQHandler                        0x080001cf   Thumb Code     0  startup_stm32f103xb.o(.text)
    TIM1_BRK_IRQHandler                      0x080001cf   Thumb Code     0  startup_stm32f103xb.o(.text)
    TIM1_CC_IRQHandler                       0x080001cf   Thumb Code     0  startup_stm32f103xb.o(.text)
    TIM1_TRG_COM_IRQHandler                  0x080001cf   Thumb Code     0  startup_stm32f103xb.o(.text)
    TIM1_UP_IRQHandler                       0x080001cf   Thumb Code     0  startup_stm32f103xb.o(.text)
    TIM2_IRQHandler                          0x080001cf   Thumb Code     0  startup_stm32f103xb.o(.text)
    TIM3_IRQHandler                          0x080001cf   Thumb Code     0  startup_stm32f103xb.o(.text)
    TIM4_IRQHandler                          0x080001cf   Thumb Code     0  startup_stm32f103xb.o(.text)
    USART1_IRQHandler                        0x080001cf   Thumb Code     0  startup_stm32f103xb.o(.text)
    USART2_IRQHandler                        0x080001cf   Thumb Code     0  startup_stm32f103xb.o(.text)
    USART3_IRQHandler                        0x080001cf   Thumb Code     0  startup_stm32f103xb.o(.text)
    USBWakeUp_IRQHandler                     0x080001cf   Thumb Code     0  startup_stm32f103xb.o(.text)
    USB_HP_CAN1_TX_IRQHandler                0x080001cf   Thumb Code     0  startup_stm32f103xb.o(.text)
    USB_LP_CAN1_RX0_IRQHandler               0x080001cf   Thumb Code     0  startup_stm32f103xb.o(.text)
    WWDG_IRQHandler                          0x080001cf   Thumb Code     0  startup_stm32f103xb.o(.text)
    __user_initial_stackheap                 0x080001d1   Thumb Code     0  startup_stm32f103xb.o(.text)
    __aeabi_memclr4                          0x080001f5   Thumb Code     0  rt_memclr_w.o(.text)
    __aeabi_memclr8                          0x080001f5   Thumb Code     0  rt_memclr_w.o(.text)
    __rt_memclr_w                            0x080001f5   Thumb Code     0  rt_memclr_w.o(.text)
    _memset_w                                0x080001f9   Thumb Code    74  rt_memclr_w.o(.text)
    __use_two_region_memory                  0x08000243   Thumb Code     2  heapauxi.o(.text)
    __rt_heap_escrow$2region                 0x08000245   Thumb Code     2  heapauxi.o(.text)
    __rt_heap_expand$2region                 0x08000247   Thumb Code     2  heapauxi.o(.text)
    __user_setup_stackheap                   0x08000249   Thumb Code    74  sys_stackheap_outer.o(.text)
    exit                                     0x08000293   Thumb Code    18  exit.o(.text)
    __user_libspace                          0x080002a5   Thumb Code     8  libspace.o(.text)
    __user_perproc_libspace                  0x080002a5   Thumb Code     0  libspace.o(.text)
    __user_perthread_libspace                0x080002a5   Thumb Code     0  libspace.o(.text)
    _sys_exit                                0x080002ad   Thumb Code     8  sys_exit.o(.text)
    __I$use$semihosting                      0x080002b9   Thumb Code     0  use_no_semi.o(.text)
    __use_no_semihosting_swi                 0x080002b9   Thumb Code     2  use_no_semi.o(.text)
    __semihosting_library_function           0x080002bb   Thumb Code     0  indicate_semi.o(.text)
    As_If_Poll                               0x080002bd   Thumb Code     8  as.o(.text.As_If_Poll)
    BusFault_Handler                         0x0800032d   Thumb Code     4  stm32f1xx_it.o(.text.BusFault_Handler)
    DebugMon_Handler                         0x08000331   Thumb Code     2  stm32f1xx_it.o(.text.DebugMon_Handler)
    Error_Handler                            0x08000335   Thumb Code    14  main.o(.text.Error_Handler)
    FMSTR_AddressFromBuffer                  0x08000355   Thumb Code    22  freemaster_utils.o(.text.FMSTR_AddressFromBuffer)
    FMSTR_AddressToBuffer                    0x0800036d   Thumb Code    22  freemaster_utils.o(.text.FMSTR_AddressToBuffer)
    FMSTR_CalcAddrDelta                      0x080003b5   Thumb Code    20  freemaster_utils.o(.text.FMSTR_CalcAddrDelta)
    FMSTR_CopyFromBuffer                     0x080003c9   Thumb Code    40  freemaster_utils.o(.text.FMSTR_CopyFromBuffer)
    FMSTR_CopyFromBufferWithMask             0x080003f1   Thumb Code    48  freemaster_utils.o(.text.FMSTR_CopyFromBufferWithMask)
    FMSTR_CopyToBuffer                       0x08000421   Thumb Code    34  freemaster_utils.o(.text.FMSTR_CopyToBuffer)
    FMSTR_Crc8AddByte                        0x08000445   Thumb Code    82  freemaster_utils.o(.text.FMSTR_Crc8AddByte)
    FMSTR_Crc8Init                           0x08000499   Thumb Code    14  freemaster_utils.o(.text.FMSTR_Crc8Init)
    FMSTR_GetAlignmentCorrection             0x080004f1   Thumb Code    52  freemaster_utils.o(.text.FMSTR_GetAlignmentCorrection)
    FMSTR_GetAppCmdRespData                  0x08000525   Thumb Code   186  freemaster_appcmd.o(.text.FMSTR_GetAppCmdRespData)
    FMSTR_GetAppCmdStatus                    0x080005e1   Thumb Code   140  freemaster_appcmd.o(.text.FMSTR_GetAppCmdStatus)
    FMSTR_GetPipe                            0x0800066d   Thumb Code   316  freemaster_pipes.o(.text.FMSTR_GetPipe)
    FMSTR_GetRecCmd                          0x080007a9   Thumb Code   598  freemaster_rec.o(.text.FMSTR_GetRecCmd)
    FMSTR_IndexFromBuffer                    0x08000a01   Thumb Code    22  freemaster_utils.o(.text.FMSTR_IndexFromBuffer)
    FMSTR_Init                               0x08000a19   Thumb Code   186  freemaster_protocol.o(.text.FMSTR_Init)
    FMSTR_InitAppCmds                        0x08000ad5   Thumb Code    84  freemaster_appcmd.o(.text.FMSTR_InitAppCmds)
    FMSTR_InitPipes                          0x08000b29   Thumb Code    52  freemaster_pipes.o(.text.FMSTR_InitPipes)
    FMSTR_InitRec                            0x08000b5d   Thumb Code    76  freemaster_rec.o(.text.FMSTR_InitRec)
    FMSTR_InitScope                          0x08000ba9   Thumb Code    22  freemaster_scope.o(.text.FMSTR_InitScope)
    FMSTR_MemCpyFrom                         0x08000cc9   Thumb Code   154  freemaster_utils.o(.text.FMSTR_MemCpyFrom)
    FMSTR_MemCpySrcAligned_16                0x08000d65   Thumb Code    36  freemaster_utils.o(.text.FMSTR_MemCpySrcAligned_16)
    FMSTR_MemCpySrcAligned_32                0x08000d89   Thumb Code    36  freemaster_utils.o(.text.FMSTR_MemCpySrcAligned_32)
    FMSTR_MemCpySrcAligned_64                0x08000dad   Thumb Code    36  freemaster_utils.o(.text.FMSTR_MemCpySrcAligned_64)
    FMSTR_MemCpySrcAligned_8                 0x08000dd1   Thumb Code    36  freemaster_utils.o(.text.FMSTR_MemCpySrcAligned_8)
    FMSTR_MemCpyTo                           0x08000df5   Thumb Code   160  freemaster_utils.o(.text.FMSTR_MemCpyTo)
    FMSTR_MemCpyToMasked                     0x08000e95   Thumb Code   236  freemaster_utils.o(.text.FMSTR_MemCpyToMasked)
    FMSTR_PipeFrame                          0x08000f81   Thumb Code   480  freemaster_pipes.o(.text.FMSTR_PipeFrame)
    FMSTR_Poll                               0x08001161   Thumb Code    16  freemaster_protocol.o(.text.FMSTR_Poll)
    FMSTR_ProcessSerial                      0x08001171   Thumb Code   218  freemaster_serial.o(.text.FMSTR_ProcessSerial)
    FMSTR_ProtocolDecoder                    0x0800124d   Thumb Code   396  freemaster_protocol.o(.text.FMSTR_ProtocolDecoder)
    FMSTR_ReadScope                          0x080013d9   Thumb Code   216  freemaster_scope.o(.text.FMSTR_ReadScope)
    FMSTR_RecorderCreate                     0x080014b1   Thumb Code   224  freemaster_rec.o(.text.FMSTR_RecorderCreate)
    FMSTR_SendResponse                       0x08001591   Thumb Code    62  freemaster_protocol.o(.text.FMSTR_SendResponse)
    FMSTR_SetRecCmd                          0x080015d1   Thumb Code   326  freemaster_rec.o(.text.FMSTR_SetRecCmd)
    FMSTR_SetScope                           0x08001719   Thumb Code   302  freemaster_scope.o(.text.FMSTR_SetScope)
    FMSTR_SizeFromBuffer                     0x08001849   Thumb Code    22  freemaster_utils.o(.text.FMSTR_SizeFromBuffer)
    FMSTR_SizeToBuffer                       0x08001861   Thumb Code    22  freemaster_utils.o(.text.FMSTR_SizeToBuffer)
    FMSTR_SlebDecode                         0x08001879   Thumb Code    26  freemaster_utils.o(.text.FMSTR_SlebDecode)
    FMSTR_StoreAppCmd                        0x08001895   Thumb Code   204  freemaster_appcmd.o(.text.FMSTR_StoreAppCmd)
    FMSTR_StringCopyToBuffer                 0x08001961   Thumb Code    54  freemaster_utils.o(.text.FMSTR_StringCopyToBuffer)
    FMSTR_StringFromBuffer                   0x08001999   Thumb Code    96  freemaster_utils.o(.text.FMSTR_StringFromBuffer)
    FMSTR_ULebToBuffer                       0x080019f9   Thumb Code    22  freemaster_utils.o(.text.FMSTR_ULebToBuffer)
    FMSTR_UlebDecode                         0x08001a11   Thumb Code    26  freemaster_utils.o(.text.FMSTR_UlebDecode)
    FMSTR_UlebEncode                         0x08001a2d   Thumb Code   308  freemaster_utils.o(.text.FMSTR_UlebEncode)
    Fm_Uart_Flush                            0x08001b71   Thumb Code    28  freemaster_uart_user.o(.text.Fm_Uart_Flush)
    Fm_Uart_GetChar                          0x08001b8d   Thumb Code    34  freemaster_uart_user.o(.text.Fm_Uart_GetChar)
    Fm_Uart_IsReceiveRegFull                 0x08001bb5   Thumb Code    18  freemaster_uart_user.o(.text.Fm_Uart_IsReceiveRegFull)
    Fm_Uart_IsTransmitRegEmpty               0x08001bc9   Thumb Code    18  freemaster_uart_user.o(.text.Fm_Uart_IsTransmitRegEmpty)
    Fm_Uart_IsTransmitterActive              0x08001bdd   Thumb Code    24  freemaster_uart_user.o(.text.Fm_Uart_IsTransmitterActive)
    Fm_Uart_PutChar                          0x08001bf5   Thumb Code    34  freemaster_uart_user.o(.text.Fm_Uart_PutChar)
    HAL_GPIO_Init                            0x08001c19   Thumb Code   798  stm32f1xx_hal_gpio.o(.text.HAL_GPIO_Init)
    HAL_GPIO_WritePin                        0x08001f39   Thumb Code    46  stm32f1xx_hal_gpio.o(.text.HAL_GPIO_WritePin)
    HAL_GetTick                              0x08001f69   Thumb Code    12  stm32f1xx_hal.o(.text.HAL_GetTick)
    HAL_I2C_Init                             0x08001f75   Thumb Code   676  stm32f1xx_hal_i2c.o(.text.HAL_I2C_Init)
    HAL_I2C_Master_Receive                   0x08002219   Thumb Code  1212  stm32f1xx_hal_i2c.o(.text.HAL_I2C_Master_Receive)
    HAL_I2C_Master_Transmit                  0x080026d5   Thumb Code   520  stm32f1xx_hal_i2c.o(.text.HAL_I2C_Master_Transmit)
    HAL_I2C_MspInit                          0x080028dd   Thumb Code   162  i2c.o(.text.HAL_I2C_MspInit)
    HAL_IncTick                              0x08002981   Thumb Code    26  stm32f1xx_hal.o(.text.HAL_IncTick)
    HAL_Init                                 0x0800299d   Thumb Code    38  stm32f1xx_hal.o(.text.HAL_Init)
    HAL_InitTick                             0x080029c5   Thumb Code   112  stm32f1xx_hal.o(.text.HAL_InitTick)
    HAL_MspInit                              0x08002a35   Thumb Code   100  stm32f1xx_hal_msp.o(.text.HAL_MspInit)
    HAL_NVIC_SetPriority                     0x08002a99   Thumb Code    50  stm32f1xx_hal_cortex.o(.text.HAL_NVIC_SetPriority)
    HAL_NVIC_SetPriorityGrouping             0x08002acd   Thumb Code    16  stm32f1xx_hal_cortex.o(.text.HAL_NVIC_SetPriorityGrouping)
    HAL_RCC_ClockConfig                      0x08002add   Thumb Code   598  stm32f1xx_hal_rcc.o(.text.HAL_RCC_ClockConfig)
    HAL_RCC_GetHCLKFreq                      0x08002d35   Thumb Code    12  stm32f1xx_hal_rcc.o(.text.HAL_RCC_GetHCLKFreq)
    HAL_RCC_GetPCLK1Freq                     0x08002d41   Thumb Code    34  stm32f1xx_hal_rcc.o(.text.HAL_RCC_GetPCLK1Freq)
    HAL_RCC_GetPCLK2Freq                     0x08002d65   Thumb Code    34  stm32f1xx_hal_rcc.o(.text.HAL_RCC_GetPCLK2Freq)
    HAL_RCC_GetSysClockFreq                  0x08002d89   Thumb Code   188  stm32f1xx_hal_rcc.o(.text.HAL_RCC_GetSysClockFreq)
    HAL_RCC_OscConfig                        0x08002e45   Thumb Code  1658  stm32f1xx_hal_rcc.o(.text.HAL_RCC_OscConfig)
    HAL_SYSTICK_Config                       0x080034c1   Thumb Code    16  stm32f1xx_hal_cortex.o(.text.HAL_SYSTICK_Config)
    HAL_UART_Init                            0x080034d1   Thumb Code   158  stm32f1xx_hal_uart.o(.text.HAL_UART_Init)
    HAL_UART_MspInit                         0x08003571   Thumb Code   182  usart.o(.text.HAL_UART_MspInit)
    HAL_UART_Receive                         0x08003629   Thumb Code   318  stm32f1xx_hal_uart.o(.text.HAL_UART_Receive)
    HAL_UART_Transmit                        0x08003769   Thumb Code   304  stm32f1xx_hal_uart.o(.text.HAL_UART_Transmit)
    HardFault_Handler                        0x08003899   Thumb Code     4  stm32f1xx_it.o(.text.HardFault_Handler)
    I2c_If_Receive                           0x0800404d   Thumb Code    72  i2c.o(.text.I2c_If_Receive)
    I2c_If_Transmit                          0x08004095   Thumb Code    72  i2c.o(.text.I2c_If_Transmit)
    MX_GPIO_Init                             0x080040dd   Thumb Code   152  gpio.o(.text.MX_GPIO_Init)
    MX_I2C1_Init                             0x08004175   Thumb Code    72  i2c.o(.text.MX_I2C1_Init)
    MX_USART1_UART_Init                      0x080041bd   Thumb Code    64  usart.o(.text.MX_USART1_UART_Init)
    MemManage_Handler                        0x080041fd   Thumb Code     4  stm32f1xx_it.o(.text.MemManage_Handler)
    NMI_Handler                              0x08004201   Thumb Code     4  stm32f1xx_it.o(.text.NMI_Handler)
    PendSV_Handler                           0x08004271   Thumb Code     2  stm32f1xx_it.o(.text.PendSV_Handler)
    Rte_If_WriteData                         0x080042b1   Thumb Code    44  rte.o(.text.Rte_If_WriteData)
    SVC_Handler                              0x080042dd   Thumb Code     2  stm32f1xx_it.o(.text.SVC_Handler)
    SysTick_Handler                          0x08004335   Thumb Code     8  stm32f1xx_it.o(.text.SysTick_Handler)
    SystemClock_Config                       0x0800433d   Thumb Code   108  main.o(.text.SystemClock_Config)
    SystemInit                               0x080043a9   Thumb Code     2  system_stm32f1xx.o(.text.SystemInit)
    Tms_If_Init                              0x080043ad   Thumb Code     8  tms.o(.text.Tms_If_Init)
    Tms_If_Poll                              0x080043b5   Thumb Code   234  tms.o(.text.Tms_If_Poll)
    UsageFault_Handler                       0x08004731   Thumb Code     4  stm32f1xx_it.o(.text.UsageFault_Handler)
    _FMSTR_GetBoardConfig                    0x08004e5d   Thumb Code   382  freemaster_protocol.o(.text._FMSTR_GetBoardConfig)
    _FMSTR_MemSet                            0x0800538d   Thumb Code    44  freemaster_utils.o(.text._FMSTR_MemSet)
    _FMSTR_ReadMem                           0x08005671   Thumb Code    80  freemaster_protocol.o(.text._FMSTR_ReadMem)
    _FMSTR_ReadMemBaseAddress                0x080056c1   Thumb Code    88  freemaster_protocol.o(.text._FMSTR_ReadMemBaseAddress)
    _FMSTR_StrCmp                            0x08006201   Thumb Code   172  freemaster_utils.o(.text._FMSTR_StrCmp)
    _FMSTR_StrLen                            0x080062ad   Thumb Code    56  freemaster_utils.o(.text._FMSTR_StrLen)
    _FMSTR_WriteMem                          0x0800636d   Thumb Code   104  freemaster_protocol.o(.text._FMSTR_WriteMem)
    main                                     0x08006465   Thumb Code    40  main.o(.text.main)
    __fpl_dcmp_Inf                           0x0800648d   Thumb Code    24  dcmpi.o(x$fpl$dcmpinf)
    __aeabi_cdcmpeq                          0x080064a5   Thumb Code     0  deqf.o(x$fpl$deqf)
    _dcmpeq                                  0x080064a5   Thumb Code   120  deqf.o(x$fpl$deqf)
    __aeabi_cdcmpge                          0x0800651d   Thumb Code     0  dgeqf.o(x$fpl$dgeqf)
    _dcmpge                                  0x0800651d   Thumb Code   120  dgeqf.o(x$fpl$dgeqf)
    __aeabi_cdcmple                          0x08006595   Thumb Code     0  dleqf.o(x$fpl$dleqf)
    _dcmple                                  0x08006595   Thumb Code   120  dleqf.o(x$fpl$dleqf)
    __fpl_dcmple_InfNaN                      0x080065f7   Thumb Code     0  dleqf.o(x$fpl$dleqf)
    __fpl_dnaninf                            0x0800660d   Thumb Code   156  dnaninf.o(x$fpl$dnaninf)
    __aeabi_dcmpeq                           0x080066a9   Thumb Code     0  dcmp.o(x$fpl$fcmp)
    _deq                                     0x080066a9   Thumb Code    14  dcmp.o(x$fpl$fcmp)
    _dneq                                    0x080066b7   Thumb Code    14  dcmp.o(x$fpl$fcmp)
    __aeabi_dcmpgt                           0x080066c5   Thumb Code     0  dcmp.o(x$fpl$fcmp)
    _dgr                                     0x080066c5   Thumb Code    14  dcmp.o(x$fpl$fcmp)
    __aeabi_dcmpge                           0x080066d3   Thumb Code     0  dcmp.o(x$fpl$fcmp)
    _dgeq                                    0x080066d3   Thumb Code    14  dcmp.o(x$fpl$fcmp)
    __aeabi_dcmple                           0x080066e1   Thumb Code     0  dcmp.o(x$fpl$fcmp)
    _dleq                                    0x080066e1   Thumb Code    14  dcmp.o(x$fpl$fcmp)
    __aeabi_dcmplt                           0x080066ef   Thumb Code     0  dcmp.o(x$fpl$fcmp)
    _dls                                     0x080066ef   Thumb Code    14  dcmp.o(x$fpl$fcmp)
    __aeabi_fcmpeq                           0x080066fd   Thumb Code     0  fcmp.o(x$fpl$fcmp)
    _feq                                     0x080066fd   Thumb Code    14  fcmp.o(x$fpl$fcmp)
    _fneq                                    0x0800670b   Thumb Code    14  fcmp.o(x$fpl$fcmp)
    __aeabi_fcmpgt                           0x08006719   Thumb Code     0  fcmp.o(x$fpl$fcmp)
    _fgr                                     0x08006719   Thumb Code    14  fcmp.o(x$fpl$fcmp)
    __aeabi_fcmpge                           0x08006727   Thumb Code     0  fcmp.o(x$fpl$fcmp)
    _fgeq                                    0x08006727   Thumb Code    14  fcmp.o(x$fpl$fcmp)
    __aeabi_fcmple                           0x08006735   Thumb Code     0  fcmp.o(x$fpl$fcmp)
    _fleq                                    0x08006735   Thumb Code    14  fcmp.o(x$fpl$fcmp)
    __aeabi_fcmplt                           0x08006743   Thumb Code     0  fcmp.o(x$fpl$fcmp)
    _fls                                     0x08006743   Thumb Code    14  fcmp.o(x$fpl$fcmp)
    __fpl_fcmp_Inf                           0x08006751   Thumb Code    24  fcmpi.o(x$fpl$fcmpinf)
    __aeabi_cfcmpeq                          0x08006769   Thumb Code     0  feqf.o(x$fpl$feqf)
    _fcmpeq                                  0x08006769   Thumb Code   104  feqf.o(x$fpl$feqf)
    _fcmpge                                  0x080067d1   Thumb Code   104  fgeqf.o(x$fpl$fgeqf)
    __aeabi_cfcmple                          0x08006839   Thumb Code     0  fleqf.o(x$fpl$fleqf)
    _fcmple                                  0x08006839   Thumb Code   104  fleqf.o(x$fpl$fleqf)
    __fpl_fcmple_InfNaN                      0x0800688b   Thumb Code     0  fleqf.o(x$fpl$fleqf)
    __fpl_fnaninf                            0x080068a1   Thumb Code   140  fnaninf.o(x$fpl$fnaninf)
    AHBPrescTable                            0x0800692c   Data          16  system_stm32f1xx.o(.rodata.AHBPrescTable)
    __I$use$fp                               0x0800692c   Number         0  usenofp.o(x$fpl$usenofp)
    APBPrescTable                            0x0800693c   Data           8  system_stm32f1xx.o(.rodata.APBPrescTable)
    FMSTR_SERIAL                             0x08006944   Data          12  freemaster_serial.o(.rodata.FMSTR_SERIAL)
    FmUartDrv                                0x08006950   Data          52  freemaster_uart_user.o(.rodata.FmUartDrv)
    Region$$Table$$Base                      0x08006a2c   Number         0  anon$$obj.o(Region$$Table)
    Region$$Table$$Limit                     0x08006a4c   Number         0  anon$$obj.o(Region$$Table)
    AsRegAddr                                0x20000000   Data           1  as.o(.data.AsRegAddr)
    SystemCoreClock                          0x20000004   Data           4  system_stm32f1xx.o(.data.SystemCoreClock)
    uwTickFreq                               0x20000008   Data           1  stm32f1xx_hal.o(.data.uwTickFreq)
    uwTickPrio                               0x2000000c   Data           4  stm32f1xx_hal.o(.data.uwTickPrio)
    __libspace_start                         0x20000010   Data          96  libspace.o(.bss)
    __temporary_stack_top$libspace           0x20000070   Data           0  libspace.o(.bss)
    RteData                                  0x20000074   Data           8  rte.o(.bss.RteData)
    hi2c1                                    0x20000608   Data          84  i2c.o(.bss.hi2c1)
    huart1                                   0x2000065c   Data          72  usart.o(.bss.huart1)
    uwTick                                   0x20000710   Data           4  stm32f1xx_hal.o(.bss.uwTick)



==============================================================================

Memory Map of the image

  Image Entry point : 0x080000ed

  Load Region LR_IROM1 (Base: 0x08000000, Size: 0x00006a60, Max: 0x00010000, ABSOLUTE)

    Execution Region ER_IROM1 (Exec base: 0x08000000, Load base: 0x08000000, Size: 0x00006a4c, Max: 0x00010000, ABSOLUTE)

    Exec Addr    Load Addr    Size         Type   Attr      Idx    E Section Name        Object

    0x08000000   0x08000000   0x000000ec   Data   RO            3    RESET               startup_stm32f103xb.o
    0x080000ec   0x080000ec   0x00000008   Code   RO         1368  * !!!main             c_w.l(__main.o)
    0x080000f4   0x080000f4   0x0000005c   Code   RO         1558    !!!scatter          c_w.l(__scatter.o)
    0x08000150   0x08000150   0x0000001a   Code   RO         1562    !!handler_copy      c_w.l(__scatter_copy.o)
    0x0800016a   0x0800016a   0x00000002   PAD
    0x0800016c   0x0800016c   0x00000002   Code   RO         1559    !!handler_null      c_w.l(__scatter.o)
    0x0800016e   0x0800016e   0x00000002   PAD
    0x08000170   0x08000170   0x0000001c   Code   RO         1564    !!handler_zi        c_w.l(__scatter_zi.o)
    0x0800018c   0x0800018c   0x00000002   Code   RO         1420    .ARM.Collect$$libinit$$00000000  c_w.l(libinit.o)
    0x0800018e   0x0800018e   0x00000000   Code   RO         1427    .ARM.Collect$$libinit$$00000002  c_w.l(libinit2.o)
    0x0800018e   0x0800018e   0x00000000   Code   RO         1429    .ARM.Collect$$libinit$$00000004  c_w.l(libinit2.o)
    0x0800018e   0x0800018e   0x00000000   Code   RO         1431    .ARM.Collect$$libinit$$00000006  c_w.l(libinit2.o)
    0x0800018e   0x0800018e   0x00000000   Code   RO         1434    .ARM.Collect$$libinit$$0000000C  c_w.l(libinit2.o)
    0x0800018e   0x0800018e   0x00000000   Code   RO         1436    .ARM.Collect$$libinit$$0000000E  c_w.l(libinit2.o)
    0x0800018e   0x0800018e   0x00000000   Code   RO         1438    .ARM.Collect$$libinit$$00000010  c_w.l(libinit2.o)
    0x0800018e   0x0800018e   0x00000000   Code   RO         1441    .ARM.Collect$$libinit$$00000013  c_w.l(libinit2.o)
    0x0800018e   0x0800018e   0x00000000   Code   RO         1443    .ARM.Collect$$libinit$$00000015  c_w.l(libinit2.o)
    0x0800018e   0x0800018e   0x00000000   Code   RO         1445    .ARM.Collect$$libinit$$00000017  c_w.l(libinit2.o)
    0x0800018e   0x0800018e   0x00000000   Code   RO         1447    .ARM.Collect$$libinit$$00000019  c_w.l(libinit2.o)
    0x0800018e   0x0800018e   0x00000000   Code   RO         1449    .ARM.Collect$$libinit$$0000001B  c_w.l(libinit2.o)
    0x0800018e   0x0800018e   0x00000000   Code   RO         1451    .ARM.Collect$$libinit$$0000001D  c_w.l(libinit2.o)
    0x0800018e   0x0800018e   0x00000000   Code   RO         1453    .ARM.Collect$$libinit$$0000001F  c_w.l(libinit2.o)
    0x0800018e   0x0800018e   0x00000000   Code   RO         1455    .ARM.Collect$$libinit$$00000021  c_w.l(libinit2.o)
    0x0800018e   0x0800018e   0x00000000   Code   RO         1457    .ARM.Collect$$libinit$$00000023  c_w.l(libinit2.o)
    0x0800018e   0x0800018e   0x00000000   Code   RO         1459    .ARM.Collect$$libinit$$00000025  c_w.l(libinit2.o)
    0x0800018e   0x0800018e   0x00000000   Code   RO         1461    .ARM.Collect$$libinit$$00000027  c_w.l(libinit2.o)
    0x0800018e   0x0800018e   0x00000000   Code   RO         1465    .ARM.Collect$$libinit$$0000002E  c_w.l(libinit2.o)
    0x0800018e   0x0800018e   0x00000000   Code   RO         1467    .ARM.Collect$$libinit$$00000030  c_w.l(libinit2.o)
    0x0800018e   0x0800018e   0x00000000   Code   RO         1469    .ARM.Collect$$libinit$$00000032  c_w.l(libinit2.o)
    0x0800018e   0x0800018e   0x00000000   Code   RO         1471    .ARM.Collect$$libinit$$00000034  c_w.l(libinit2.o)
    0x0800018e   0x0800018e   0x00000002   Code   RO         1472    .ARM.Collect$$libinit$$00000035  c_w.l(libinit2.o)
    0x08000190   0x08000190   0x00000002   Code   RO         1494    .ARM.Collect$$libshutdown$$00000000  c_w.l(libshutdown.o)
    0x08000192   0x08000192   0x00000000   Code   RO         1509    .ARM.Collect$$libshutdown$$00000002  c_w.l(libshutdown2.o)
    0x08000192   0x08000192   0x00000000   Code   RO         1511    .ARM.Collect$$libshutdown$$00000004  c_w.l(libshutdown2.o)
    0x08000192   0x08000192   0x00000000   Code   RO         1514    .ARM.Collect$$libshutdown$$00000007  c_w.l(libshutdown2.o)
    0x08000192   0x08000192   0x00000000   Code   RO         1517    .ARM.Collect$$libshutdown$$0000000A  c_w.l(libshutdown2.o)
    0x08000192   0x08000192   0x00000000   Code   RO         1519    .ARM.Collect$$libshutdown$$0000000C  c_w.l(libshutdown2.o)
    0x08000192   0x08000192   0x00000000   Code   RO         1522    .ARM.Collect$$libshutdown$$0000000F  c_w.l(libshutdown2.o)
    0x08000192   0x08000192   0x00000002   Code   RO         1523    .ARM.Collect$$libshutdown$$00000010  c_w.l(libshutdown2.o)
    0x08000194   0x08000194   0x00000000   Code   RO         1374    .ARM.Collect$$rtentry$$00000000  c_w.l(__rtentry.o)
    0x08000194   0x08000194   0x00000000   Code   RO         1389    .ARM.Collect$$rtentry$$00000002  c_w.l(__rtentry2.o)
    0x08000194   0x08000194   0x00000006   Code   RO         1401    .ARM.Collect$$rtentry$$00000004  c_w.l(__rtentry4.o)
    0x0800019a   0x0800019a   0x00000000   Code   RO         1391    .ARM.Collect$$rtentry$$00000009  c_w.l(__rtentry2.o)
    0x0800019a   0x0800019a   0x00000004   Code   RO         1392    .ARM.Collect$$rtentry$$0000000A  c_w.l(__rtentry2.o)
    0x0800019e   0x0800019e   0x00000000   Code   RO         1394    .ARM.Collect$$rtentry$$0000000C  c_w.l(__rtentry2.o)
    0x0800019e   0x0800019e   0x00000008   Code   RO         1395    .ARM.Collect$$rtentry$$0000000D  c_w.l(__rtentry2.o)
    0x080001a6   0x080001a6   0x00000002   Code   RO         1424    .ARM.Collect$$rtexit$$00000000  c_w.l(rtexit.o)
    0x080001a8   0x080001a8   0x00000000   Code   RO         1474    .ARM.Collect$$rtexit$$00000002  c_w.l(rtexit2.o)
    0x080001a8   0x080001a8   0x00000004   Code   RO         1475    .ARM.Collect$$rtexit$$00000003  c_w.l(rtexit2.o)
    0x080001ac   0x080001ac   0x00000006   Code   RO         1476    .ARM.Collect$$rtexit$$00000004  c_w.l(rtexit2.o)
    0x080001b2   0x080001b2   0x00000002   PAD
    0x080001b4   0x080001b4   0x00000040   Code   RO            4    .text               startup_stm32f103xb.o
    0x080001f4   0x080001f4   0x0000004e   Code   RO         1364    .text               c_w.l(rt_memclr_w.o)
    0x08000242   0x08000242   0x00000006   Code   RO         1366    .text               c_w.l(heapauxi.o)
    0x08000248   0x08000248   0x0000004a   Code   RO         1411    .text               c_w.l(sys_stackheap_outer.o)
    0x08000292   0x08000292   0x00000012   Code   RO         1413    .text               c_w.l(exit.o)
    0x080002a4   0x080002a4   0x00000008   Code   RO         1421    .text               c_w.l(libspace.o)
    0x080002ac   0x080002ac   0x0000000c   Code   RO         1484    .text               c_w.l(sys_exit.o)
    0x080002b8   0x080002b8   0x00000002   Code   RO         1499    .text               c_w.l(use_no_semi.o)
    0x080002ba   0x080002ba   0x00000000   Code   RO         1501    .text               c_w.l(indicate_semi.o)
    0x080002ba   0x080002ba   0x00000002   PAD
    0x080002bc   0x080002bc   0x00000008   Code   RO          812    .text.As_If_Poll    as.o
    0x080002c4   0x080002c4   0x00000066   Code   RO          814    .text.As_ReadAngle  as.o
    0x0800032a   0x0800032a   0x00000002   PAD
    0x0800032c   0x0800032c   0x00000004   Code   RO           75    .text.BusFault_Handler  stm32f1xx_it.o
    0x08000330   0x08000330   0x00000002   Code   RO           81    .text.DebugMon_Handler  stm32f1xx_it.o
    0x08000332   0x08000332   0x00000002   PAD
    0x08000334   0x08000334   0x0000000e   Code   RO           15    .text.Error_Handler  main.o
    0x08000342   0x08000342   0x00000002   PAD
    0x08000344   0x08000344   0x00000010   Code   RO         1018    .text.FMSTR_ADDR_VALID_Func  freemaster_rec.o
    0x08000354   0x08000354   0x00000016   Code   RO         1234    .text.FMSTR_AddressFromBuffer  freemaster_utils.o
    0x0800036a   0x0800036a   0x00000002   PAD
    0x0800036c   0x0800036c   0x00000016   Code   RO         1230    .text.FMSTR_AddressToBuffer  freemaster_utils.o
    0x08000382   0x08000382   0x00000002   PAD
    0x08000384   0x08000384   0x0000000a   Code   RO         1062    .text.FMSTR_CAST_ADDR_TO_PTR_Func  freemaster_rec.o
    0x0800038e   0x0800038e   0x00000002   PAD
    0x08000390   0x08000390   0x0000000a   Code   RO         1208    .text.FMSTR_CAST_ADDR_TO_PTR_Func  freemaster_utils.o
    0x0800039a   0x0800039a   0x00000002   PAD
    0x0800039c   0x0800039c   0x0000000a   Code   RO         1012    .text.FMSTR_CAST_PTR_TO_ADDR_Func  freemaster_rec.o
    0x080003a6   0x080003a6   0x00000002   PAD
    0x080003a8   0x080003a8   0x0000000a   Code   RO         1204    .text.FMSTR_CAST_PTR_TO_ADDR_Func  freemaster_utils.o
    0x080003b2   0x080003b2   0x00000002   PAD
    0x080003b4   0x080003b4   0x00000014   Code   RO         1312    .text.FMSTR_CalcAddrDelta  freemaster_utils.o
    0x080003c8   0x080003c8   0x00000028   Code   RO         1226    .text.FMSTR_CopyFromBuffer  freemaster_utils.o
    0x080003f0   0x080003f0   0x00000030   Code   RO         1228    .text.FMSTR_CopyFromBufferWithMask  freemaster_utils.o
    0x08000420   0x08000420   0x00000022   Code   RO         1224    .text.FMSTR_CopyToBuffer  freemaster_utils.o
    0x08000442   0x08000442   0x00000002   PAD
    0x08000444   0x08000444   0x00000052   Code   RO         1270    .text.FMSTR_Crc8AddByte  freemaster_utils.o
    0x08000496   0x08000496   0x00000002   PAD
    0x08000498   0x08000498   0x0000000e   Code   RO         1268    .text.FMSTR_Crc8Init  freemaster_utils.o
    0x080004a6   0x080004a6   0x00000002   PAD
    0x080004a8   0x080004a8   0x00000048   Code   RO          860    .text.FMSTR_FindAppCmdCallIndex  freemaster_appcmd.o
    0x080004f0   0x080004f0   0x00000034   Code   RO         1254    .text.FMSTR_GetAlignmentCorrection  freemaster_utils.o
    0x08000524   0x08000524   0x000000ba   Code   RO          862    .text.FMSTR_GetAppCmdRespData  freemaster_appcmd.o
    0x080005de   0x080005de   0x00000002   PAD
    0x080005e0   0x080005e0   0x0000008c   Code   RO          858    .text.FMSTR_GetAppCmdStatus  freemaster_appcmd.o
    0x0800066c   0x0800066c   0x0000013c   Code   RO          943    .text.FMSTR_GetPipe  freemaster_pipes.o
    0x080007a8   0x080007a8   0x00000256   Code   RO         1042    .text.FMSTR_GetRecCmd  freemaster_rec.o
    0x080009fe   0x080009fe   0x00000002   PAD
    0x08000a00   0x08000a00   0x00000016   Code   RO         1242    .text.FMSTR_IndexFromBuffer  freemaster_utils.o
    0x08000a16   0x08000a16   0x00000002   PAD
    0x08000a18   0x08000a18   0x000000ba   Code   RO          976    .text.FMSTR_Init    freemaster_protocol.o
    0x08000ad2   0x08000ad2   0x00000002   PAD
    0x08000ad4   0x08000ad4   0x00000054   Code   RO          854    .text.FMSTR_InitAppCmds  freemaster_appcmd.o
    0x08000b28   0x08000b28   0x00000034   Code   RO          893    .text.FMSTR_InitPipes  freemaster_pipes.o
    0x08000b5c   0x08000b5c   0x0000004c   Code   RO         1010    .text.FMSTR_InitRec  freemaster_rec.o
    0x08000ba8   0x08000ba8   0x00000016   Code   RO         1114    .text.FMSTR_InitScope  freemaster_scope.o
    0x08000bbe   0x08000bbe   0x00000002   PAD
    0x08000bc0   0x08000bc0   0x00000108   Code   RO         1256    .text.FMSTR_LebDecode  freemaster_utils.o
    0x08000cc8   0x08000cc8   0x0000009a   Code   RO         1206    .text.FMSTR_MemCpyFrom  freemaster_utils.o
    0x08000d62   0x08000d62   0x00000002   PAD
    0x08000d64   0x08000d64   0x00000024   Code   RO         1300    .text.FMSTR_MemCpySrcAligned_16  freemaster_utils.o
    0x08000d88   0x08000d88   0x00000024   Code   RO         1302    .text.FMSTR_MemCpySrcAligned_32  freemaster_utils.o
    0x08000dac   0x08000dac   0x00000024   Code   RO         1306    .text.FMSTR_MemCpySrcAligned_64  freemaster_utils.o
    0x08000dd0   0x08000dd0   0x00000024   Code   RO         1298    .text.FMSTR_MemCpySrcAligned_8  freemaster_utils.o
    0x08000df4   0x08000df4   0x000000a0   Code   RO         1202    .text.FMSTR_MemCpyTo  freemaster_utils.o
    0x08000e94   0x08000e94   0x000000ec   Code   RO         1218    .text.FMSTR_MemCpyToMasked  freemaster_utils.o
    0x08000f80   0x08000f80   0x000001e0   Code   RO          947    .text.FMSTR_PipeFrame  freemaster_pipes.o
    0x08001160   0x08001160   0x00000010   Code   RO          978    .text.FMSTR_Poll    freemaster_protocol.o
    0x08001170   0x08001170   0x000000da   Code   RO         1138    .text.FMSTR_ProcessSerial  freemaster_serial.o
    0x0800124a   0x0800124a   0x00000002   PAD
    0x0800124c   0x0800124c   0x0000018c   Code   RO          982    .text.FMSTR_ProtocolDecoder  freemaster_protocol.o
    0x080013d8   0x080013d8   0x000000d8   Code   RO         1122    .text.FMSTR_ReadScope  freemaster_scope.o
    0x080014b0   0x080014b0   0x000000e0   Code   RO         1014    .text.FMSTR_RecorderCreate  freemaster_rec.o
    0x08001590   0x08001590   0x0000003e   Code   RO          980    .text.FMSTR_SendResponse  freemaster_protocol.o
    0x080015ce   0x080015ce   0x00000002   PAD
    0x080015d0   0x080015d0   0x00000146   Code   RO         1032    .text.FMSTR_SetRecCmd  freemaster_rec.o
    0x08001716   0x08001716   0x00000002   PAD
    0x08001718   0x08001718   0x0000012e   Code   RO         1116    .text.FMSTR_SetScope  freemaster_scope.o
    0x08001846   0x08001846   0x00000002   PAD
    0x08001848   0x08001848   0x00000016   Code   RO         1240    .text.FMSTR_SizeFromBuffer  freemaster_utils.o
    0x0800185e   0x0800185e   0x00000002   PAD
    0x08001860   0x08001860   0x00000016   Code   RO         1238    .text.FMSTR_SizeToBuffer  freemaster_utils.o
    0x08001876   0x08001876   0x00000002   PAD
    0x08001878   0x08001878   0x0000001a   Code   RO         1244    .text.FMSTR_SlebDecode  freemaster_utils.o
    0x08001892   0x08001892   0x00000002   PAD
    0x08001894   0x08001894   0x000000cc   Code   RO          856    .text.FMSTR_StoreAppCmd  freemaster_appcmd.o
    0x08001960   0x08001960   0x00000036   Code   RO         1262    .text.FMSTR_StringCopyToBuffer  freemaster_utils.o
    0x08001996   0x08001996   0x00000002   PAD
    0x08001998   0x08001998   0x00000060   Code   RO         1260    .text.FMSTR_StringFromBuffer  freemaster_utils.o
    0x080019f8   0x080019f8   0x00000016   Code   RO         1246    .text.FMSTR_ULebToBuffer  freemaster_utils.o
    0x08001a0e   0x08001a0e   0x00000002   PAD
    0x08001a10   0x08001a10   0x0000001a   Code   RO         1236    .text.FMSTR_UlebDecode  freemaster_utils.o
    0x08001a2a   0x08001a2a   0x00000002   PAD
    0x08001a2c   0x08001a2c   0x00000134   Code   RO         1232    .text.FMSTR_UlebEncode  freemaster_utils.o
    0x08001b60   0x08001b60   0x00000008   Code   RO         1329    .text.Fm_Uart_EnableReceive  freemaster_uart_user.o
    0x08001b68   0x08001b68   0x00000008   Code   RO         1327    .text.Fm_Uart_EnableTransmit  freemaster_uart_user.o
    0x08001b70   0x08001b70   0x0000001c   Code   RO         1341    .text.Fm_Uart_Flush  freemaster_uart_user.o
    0x08001b8c   0x08001b8c   0x00000022   Code   RO         1339    .text.Fm_Uart_GetChar  freemaster_uart_user.o
    0x08001bae   0x08001bae   0x00000002   PAD
    0x08001bb0   0x08001bb0   0x00000004   Code   RO         1325    .text.Fm_Uart_Init  freemaster_uart_user.o
    0x08001bb4   0x08001bb4   0x00000012   Code   RO         1333    .text.Fm_Uart_IsReceiveRegFull  freemaster_uart_user.o
    0x08001bc6   0x08001bc6   0x00000002   PAD
    0x08001bc8   0x08001bc8   0x00000012   Code   RO         1331    .text.Fm_Uart_IsTransmitRegEmpty  freemaster_uart_user.o
    0x08001bda   0x08001bda   0x00000002   PAD
    0x08001bdc   0x08001bdc   0x00000018   Code   RO         1335    .text.Fm_Uart_IsTransmitterActive  freemaster_uart_user.o
    0x08001bf4   0x08001bf4   0x00000022   Code   RO         1337    .text.Fm_Uart_PutChar  freemaster_uart_user.o
    0x08001c16   0x08001c16   0x00000002   PAD
    0x08001c18   0x08001c18   0x0000031e   Code   RO          400    .text.HAL_GPIO_Init  stm32f1xx_hal_gpio.o
    0x08001f36   0x08001f36   0x00000002   PAD
    0x08001f38   0x08001f38   0x0000002e   Code   RO          406    .text.HAL_GPIO_WritePin  stm32f1xx_hal_gpio.o
    0x08001f66   0x08001f66   0x00000002   PAD
    0x08001f68   0x08001f68   0x0000000c   Code   RO          298    .text.HAL_GetTick   stm32f1xx_hal.o
    0x08001f74   0x08001f74   0x000002a4   Code   RO          115    .text.HAL_I2C_Init  stm32f1xx_hal_i2c.o
    0x08002218   0x08002218   0x000004bc   Code   RO          133    .text.HAL_I2C_Master_Receive  stm32f1xx_hal_i2c.o
    0x080026d4   0x080026d4   0x00000208   Code   RO          123    .text.HAL_I2C_Master_Transmit  stm32f1xx_hal_i2c.o
    0x080028dc   0x080028dc   0x000000a2   Code   RO           35    .text.HAL_I2C_MspInit  i2c.o
    0x0800297e   0x0800297e   0x00000002   PAD
    0x08002980   0x08002980   0x0000001a   Code   RO          296    .text.HAL_IncTick   stm32f1xx_hal.o
    0x0800299a   0x0800299a   0x00000002   PAD
    0x0800299c   0x0800299c   0x00000026   Code   RO          286    .text.HAL_Init      stm32f1xx_hal.o
    0x080029c2   0x080029c2   0x00000002   PAD
    0x080029c4   0x080029c4   0x00000070   Code   RO          288    .text.HAL_InitTick  stm32f1xx_hal.o
    0x08002a34   0x08002a34   0x00000064   Code   RO           94    .text.HAL_MspInit   stm32f1xx_hal_msp.o
    0x08002a98   0x08002a98   0x00000032   Code   RO          460    .text.HAL_NVIC_SetPriority  stm32f1xx_hal_cortex.o
    0x08002aca   0x08002aca   0x00000002   PAD
    0x08002acc   0x08002acc   0x00000010   Code   RO          456    .text.HAL_NVIC_SetPriorityGrouping  stm32f1xx_hal_cortex.o
    0x08002adc   0x08002adc   0x00000256   Code   RO          352    .text.HAL_RCC_ClockConfig  stm32f1xx_hal_rcc.o
    0x08002d32   0x08002d32   0x00000002   PAD
    0x08002d34   0x08002d34   0x0000000c   Code   RO          362    .text.HAL_RCC_GetHCLKFreq  stm32f1xx_hal_rcc.o
    0x08002d40   0x08002d40   0x00000022   Code   RO          364    .text.HAL_RCC_GetPCLK1Freq  stm32f1xx_hal_rcc.o
    0x08002d62   0x08002d62   0x00000002   PAD
    0x08002d64   0x08002d64   0x00000022   Code   RO          366    .text.HAL_RCC_GetPCLK2Freq  stm32f1xx_hal_rcc.o
    0x08002d86   0x08002d86   0x00000002   PAD
    0x08002d88   0x08002d88   0x000000bc   Code   RO          354    .text.HAL_RCC_GetSysClockFreq  stm32f1xx_hal_rcc.o
    0x08002e44   0x08002e44   0x0000067a   Code   RO          348    .text.HAL_RCC_OscConfig  stm32f1xx_hal_rcc.o
    0x080034be   0x080034be   0x00000002   PAD
    0x080034c0   0x080034c0   0x00000010   Code   RO          480    .text.HAL_SYSTICK_Config  stm32f1xx_hal_cortex.o
    0x080034d0   0x080034d0   0x0000009e   Code   RO          664    .text.HAL_UART_Init  stm32f1xx_hal_uart.o
    0x0800356e   0x0800356e   0x00000002   PAD
    0x08003570   0x08003570   0x000000b6   Code   RO           53    .text.HAL_UART_MspInit  usart.o
    0x08003626   0x08003626   0x00000002   PAD
    0x08003628   0x08003628   0x0000013e   Code   RO          684    .text.HAL_UART_Receive  stm32f1xx_hal_uart.o
    0x08003766   0x08003766   0x00000002   PAD
    0x08003768   0x08003768   0x00000130   Code   RO          680    .text.HAL_UART_Transmit  stm32f1xx_hal_uart.o
    0x08003898   0x08003898   0x00000004   Code   RO           71    .text.HardFault_Handler  stm32f1xx_it.o
    0x0800389c   0x0800389c   0x00000064   Code   RO          277    .text.I2C_IsAcknowledgeFailed  stm32f1xx_hal_i2c.o
    0x08003900   0x08003900   0x000001aa   Code   RO          135    .text.I2C_MasterRequestRead  stm32f1xx_hal_i2c.o
    0x08003aaa   0x08003aaa   0x00000002   PAD
    0x08003aac   0x08003aac   0x00000112   Code   RO          127    .text.I2C_MasterRequestWrite  stm32f1xx_hal_i2c.o
    0x08003bbe   0x08003bbe   0x00000002   PAD
    0x08003bc0   0x08003bc0   0x000000ac   Code   RO          131    .text.I2C_WaitOnBTFFlagUntilTimeout  stm32f1xx_hal_i2c.o
    0x08003c6c   0x08003c6c   0x00000108   Code   RO          125    .text.I2C_WaitOnFlagUntilTimeout  stm32f1xx_hal_i2c.o
    0x08003d74   0x08003d74   0x00000154   Code   RO          275    .text.I2C_WaitOnMasterAddressFlagUntilTimeout  stm32f1xx_hal_i2c.o
    0x08003ec8   0x08003ec8   0x000000dc   Code   RO          137    .text.I2C_WaitOnRXNEFlagUntilTimeout  stm32f1xx_hal_i2c.o
    0x08003fa4   0x08003fa4   0x000000a8   Code   RO          129    .text.I2C_WaitOnTXEFlagUntilTimeout  stm32f1xx_hal_i2c.o
    0x0800404c   0x0800404c   0x00000048   Code   RO           41    .text.I2c_If_Receive  i2c.o
    0x08004094   0x08004094   0x00000048   Code   RO           39    .text.I2c_If_Transmit  i2c.o
    0x080040dc   0x080040dc   0x00000098   Code   RO           25    .text.MX_GPIO_Init  gpio.o
    0x08004174   0x08004174   0x00000048   Code   RO           33    .text.MX_I2C1_Init  i2c.o
    0x080041bc   0x080041bc   0x00000040   Code   RO           51    .text.MX_USART1_UART_Init  usart.o
    0x080041fc   0x080041fc   0x00000004   Code   RO           73    .text.MemManage_Handler  stm32f1xx_it.o
    0x08004200   0x08004200   0x00000004   Code   RO           69    .text.NMI_Handler   stm32f1xx_it.o
    0x08004204   0x08004204   0x0000006c   Code   RO          466    .text.NVIC_EncodePriority  stm32f1xx_hal_cortex.o
    0x08004270   0x08004270   0x00000002   Code   RO           83    .text.PendSV_Handler  stm32f1xx_it.o
    0x08004272   0x08004272   0x00000002   PAD
    0x08004274   0x08004274   0x0000003a   Code   RO          350    .text.RCC_Delay     stm32f1xx_hal_rcc.o
    0x080042ae   0x080042ae   0x00000002   PAD
    0x080042b0   0x080042b0   0x0000002c   Code   RO         1351    .text.Rte_If_WriteData  rte.o
    0x080042dc   0x080042dc   0x00000002   Code   RO           79    .text.SVC_Handler   stm32f1xx_it.o
    0x080042de   0x080042de   0x00000002   PAD
    0x080042e0   0x080042e0   0x00000052   Code   RO          482    .text.SysTick_Config  stm32f1xx_hal_cortex.o
    0x08004332   0x08004332   0x00000002   PAD
    0x08004334   0x08004334   0x00000008   Code   RO           85    .text.SysTick_Handler  stm32f1xx_it.o
    0x0800433c   0x0800433c   0x0000006c   Code   RO           13    .text.SystemClock_Config  main.o
    0x080043a8   0x080043a8   0x00000002   Code   RO          795    .text.SystemInit    system_stm32f1xx.o
    0x080043aa   0x080043aa   0x00000002   PAD
    0x080043ac   0x080043ac   0x00000008   Code   RO          825    .text.Tms_If_Init   tms.o
    0x080043b4   0x080043b4   0x000000ea   Code   RO          829    .text.Tms_If_Poll   tms.o
    0x0800449e   0x0800449e   0x00000002   PAD
    0x080044a0   0x080044a0   0x00000002   Code   RO          841    .text.Tms_Task_1000ms  tms.o
    0x080044a2   0x080044a2   0x00000002   PAD
    0x080044a4   0x080044a4   0x00000008   Code   RO          837    .text.Tms_Task_100ms  tms.o
    0x080044ac   0x080044ac   0x00000002   Code   RO          833    .text.Tms_Task_10ms  tms.o
    0x080044ae   0x080044ae   0x00000002   PAD
    0x080044b0   0x080044b0   0x00000002   Code   RO          831    .text.Tms_Task_1ms  tms.o
    0x080044b2   0x080044b2   0x00000002   PAD
    0x080044b4   0x080044b4   0x00000002   Code   RO          839    .text.Tms_Task_500ms  tms.o
    0x080044b6   0x080044b6   0x00000002   PAD
    0x080044b8   0x080044b8   0x0000003a   Code   RO          835    .text.Tms_Task_50ms  tms.o
    0x080044f2   0x080044f2   0x00000002   PAD
    0x080044f4   0x080044f4   0x00000008   Code   RO          843    .text.Tms_Task_Idle  tms.o
    0x080044fc   0x080044fc   0x00000008   Code   RO          827    .text.Tms_Task_Init  tms.o
    0x08004504   0x08004504   0x00000094   Code   RO          712    .text.UART_EndRxTransfer  stm32f1xx_hal_uart.o
    0x08004598   0x08004598   0x000000ba   Code   RO          668    .text.UART_SetConfig  stm32f1xx_hal_uart.o
    0x08004652   0x08004652   0x00000002   PAD
    0x08004654   0x08004654   0x000000da   Code   RO          682    .text.UART_WaitOnFlagUntilTimeout  stm32f1xx_hal_uart.o
    0x0800472e   0x0800472e   0x00000002   PAD
    0x08004730   0x08004730   0x00000004   Code   RO           77    .text.UsageFault_Handler  stm32f1xx_it.o
    0x08004734   0x08004734   0x00000048   Code   RO         1040    .text._FMSTR_AbortRec  freemaster_rec.o
    0x0800477c   0x0800477c   0x0000005a   Code   RO         1046    .text._FMSTR_CalcRecStatus  freemaster_rec.o
    0x080047d6   0x080047d6   0x00000002   PAD
    0x080047d8   0x080047d8   0x00000196   Code   RO         1044    .text._FMSTR_CheckConfiguration  freemaster_rec.o
    0x0800496e   0x0800496e   0x00000002   PAD
    0x08004970   0x08004970   0x00000040   Code   RO         1290    .text._FMSTR_Compare  freemaster_utils.o
    0x080049b0   0x080049b0   0x00000028   Code   RO         1072    .text._FMSTR_Compare16S  freemaster_rec.o
    0x080049d8   0x080049d8   0x00000028   Code   RO         1074    .text._FMSTR_Compare16U  freemaster_rec.o
    0x08004a00   0x08004a00   0x00000028   Code   RO         1076    .text._FMSTR_Compare32S  freemaster_rec.o
    0x08004a28   0x08004a28   0x00000028   Code   RO         1078    .text._FMSTR_Compare32U  freemaster_rec.o
    0x08004a50   0x08004a50   0x00000034   Code   RO         1080    .text._FMSTR_Compare64S  freemaster_rec.o
    0x08004a84   0x08004a84   0x00000034   Code   RO         1082    .text._FMSTR_Compare64U  freemaster_rec.o
    0x08004ab8   0x08004ab8   0x00000028   Code   RO         1068    .text._FMSTR_Compare8S  freemaster_rec.o
    0x08004ae0   0x08004ae0   0x00000028   Code   RO         1070    .text._FMSTR_Compare8U  freemaster_rec.o
    0x08004b08   0x08004b08   0x00000030   Code   RO         1066    .text._FMSTR_CompareDouble  freemaster_rec.o
    0x08004b38   0x08004b38   0x0000002a   Code   RO         1064    .text._FMSTR_CompareFloat  freemaster_rec.o
    0x08004b62   0x08004b62   0x00000002   PAD
    0x08004b64   0x08004b64   0x00000038   Code   RO         1214    .text._FMSTR_CopyDstAligned_U16  freemaster_utils.o
    0x08004b9c   0x08004b9c   0x00000054   Code   RO         1314    .text._FMSTR_CopyDstAligned_U32  freemaster_utils.o
    0x08004bf0   0x08004bf0   0x00000046   Code   RO         1220    .text._FMSTR_CopyMaskedDstAligned_U16  freemaster_utils.o
    0x08004c36   0x08004c36   0x00000002   PAD
    0x08004c38   0x08004c38   0x00000038   Code   RO         1316    .text._FMSTR_CopyMaskedDstAligned_U32  freemaster_utils.o
    0x08004c70   0x08004c70   0x00000038   Code   RO         1210    .text._FMSTR_CopySrcAligned_U16  freemaster_utils.o
    0x08004ca8   0x08004ca8   0x00000054   Code   RO         1304    .text._FMSTR_CopySrcAligned_U32  freemaster_utils.o
    0x08004cfc   0x08004cfc   0x00000098   Code   RO         1308    .text._FMSTR_CopySrcAligned_U64  freemaster_utils.o
    0x08004d94   0x08004d94   0x00000050   Code   RO          945    .text._FMSTR_FindPipe  freemaster_pipes.o
    0x08004de4   0x08004de4   0x00000076   Code   RO          984    .text._FMSTR_FindSession  freemaster_protocol.o
    0x08004e5a   0x08004e5a   0x00000002   PAD
    0x08004e5c   0x08004e5c   0x0000017e   Code   RO          986    .text._FMSTR_GetBoardConfig  freemaster_protocol.o
    0x08004fda   0x08004fda   0x00000002   PAD
    0x08004fdc   0x08004fdc   0x00000012   Code   RO         1086    .text._FMSTR_GetDouble  freemaster_rec.o
    0x08004fee   0x08004fee   0x00000002   PAD
    0x08004ff0   0x08004ff0   0x00000010   Code   RO         1084    .text._FMSTR_GetFloat  freemaster_rec.o
    0x08005000   0x08005000   0x00000032   Code   RO         1016    .text._FMSTR_GetRecorderBufferByRecIx  freemaster_rec.o
    0x08005032   0x08005032   0x00000002   PAD
    0x08005034   0x08005034   0x00000038   Code   RO         1024    .text._FMSTR_GetRecorderByRecIx  freemaster_rec.o
    0x0800506c   0x0800506c   0x00000012   Code   RO         1092    .text._FMSTR_GetS16  freemaster_rec.o
    0x0800507e   0x0800507e   0x00000002   PAD
    0x08005080   0x08005080   0x00000010   Code   RO         1096    .text._FMSTR_GetS32  freemaster_rec.o
    0x08005090   0x08005090   0x00000012   Code   RO         1100    .text._FMSTR_GetS64  freemaster_rec.o
    0x080050a2   0x080050a2   0x00000002   PAD
    0x080050a4   0x080050a4   0x00000012   Code   RO         1088    .text._FMSTR_GetS8  freemaster_rec.o
    0x080050b6   0x080050b6   0x00000002   PAD
    0x080050b8   0x080050b8   0x00000010   Code   RO         1094    .text._FMSTR_GetU16  freemaster_rec.o
    0x080050c8   0x080050c8   0x00000010   Code   RO         1098    .text._FMSTR_GetU32  freemaster_rec.o
    0x080050d8   0x080050d8   0x00000012   Code   RO         1102    .text._FMSTR_GetU64  freemaster_rec.o
    0x080050ea   0x080050ea   0x00000002   PAD
    0x080050ec   0x080050ec   0x00000010   Code   RO         1090    .text._FMSTR_GetU8  freemaster_rec.o
    0x080050fc   0x080050fc   0x00000042   Code   RO         1142    .text._FMSTR_Listen  freemaster_serial.o
    0x0800513e   0x0800513e   0x00000002   PAD
    0x08005140   0x08005140   0x000000aa   Code   RO         1216    .text._FMSTR_MemCpyDstAligned  freemaster_utils.o
    0x080051ea   0x080051ea   0x00000002   PAD
    0x080051ec   0x080051ec   0x000000f4   Code   RO         1222    .text._FMSTR_MemCpyMaskedDstAligned  freemaster_utils.o
    0x080052e0   0x080052e0   0x000000aa   Code   RO         1212    .text._FMSTR_MemCpySrcAligned  freemaster_utils.o
    0x0800538a   0x0800538a   0x00000002   PAD
    0x0800538c   0x0800538c   0x0000002c   Code   RO         1278    .text._FMSTR_MemSet  freemaster_utils.o
    0x080053b8   0x080053b8   0x00000092   Code   RO          949    .text._FMSTR_PipeDiscardBytes  freemaster_pipes.o
    0x0800544a   0x0800544a   0x00000002   PAD
    0x0800544c   0x0800544c   0x0000004c   Code   RO          901    .text._FMSTR_PipeGetBytesFree  freemaster_pipes.o
    0x08005498   0x08005498   0x0000004e   Code   RO          937    .text._FMSTR_PipeGetBytesReady  freemaster_pipes.o
    0x080054e6   0x080054e6   0x00000002   PAD
    0x080054e8   0x080054e8   0x000000cc   Code   RO          951    .text._FMSTR_PipeReceive  freemaster_pipes.o
    0x080055b4   0x080055b4   0x000000ba   Code   RO          953    .text._FMSTR_PipeTransmit  freemaster_pipes.o
    0x0800566e   0x0800566e   0x00000002   PAD
    0x08005670   0x08005670   0x00000050   Code   RO          988    .text._FMSTR_ReadMem  freemaster_protocol.o
    0x080056c0   0x080056c0   0x00000058   Code   RO          990    .text._FMSTR_ReadMemBaseAddress  freemaster_protocol.o
    0x08005718   0x08005718   0x000000ce   Code   RO         1026    .text._FMSTR_RecMemCfg  freemaster_rec.o
    0x080057e6   0x080057e6   0x00000002   PAD
    0x080057e8   0x080057e8   0x000001d0   Code   RO         1030    .text._FMSTR_RecVarCfg  freemaster_rec.o
    0x080059b8   0x080059b8   0x0000020e   Code   RO         1144    .text._FMSTR_Rx     freemaster_serial.o
    0x08005bc6   0x08005bc6   0x00000002   PAD
    0x08005bc8   0x08005bc8   0x00000022   Code   RO         1146    .text._FMSTR_SendError  freemaster_serial.o
    0x08005bea   0x08005bea   0x00000002   PAD
    0x08005bec   0x08005bec   0x00000132   Code   RO         1132    .text._FMSTR_SerialInit  freemaster_serial.o
    0x08005d1e   0x08005d1e   0x00000002   PAD
    0x08005d20   0x08005d20   0x00000024   Code   RO         1134    .text._FMSTR_SerialPoll  freemaster_serial.o
    0x08005d44   0x08005d44   0x0000015e   Code   RO         1136    .text._FMSTR_SerialSendResponse  freemaster_serial.o
    0x08005ea2   0x08005ea2   0x00000002   PAD
    0x08005ea4   0x08005ea4   0x00000088   Code   RO         1034    .text._FMSTR_SetRecCmd_CFGMEM  freemaster_rec.o
    0x08005f2c   0x08005f2c   0x00000146   Code   RO         1036    .text._FMSTR_SetRecCmd_CFGVAR  freemaster_rec.o
    0x08006072   0x08006072   0x00000002   PAD
    0x08006074   0x08006074   0x00000046   Code   RO         1118    .text._FMSTR_SetScope_CFGMEM  freemaster_scope.o
    0x080060ba   0x080060ba   0x00000002   PAD
    0x080060bc   0x080060bc   0x000000c2   Code   RO         1120    .text._FMSTR_SetScope_CFGVAR  freemaster_scope.o
    0x0800617e   0x0800617e   0x00000002   PAD
    0x08006180   0x08006180   0x00000080   Code   RO         1038    .text._FMSTR_StartRec  freemaster_rec.o
    0x08006200   0x08006200   0x000000ac   Code   RO         1288    .text._FMSTR_StrCmp  freemaster_utils.o
    0x080062ac   0x080062ac   0x00000038   Code   RO         1294    .text._FMSTR_StrLen  freemaster_utils.o
    0x080062e4   0x080062e4   0x00000088   Code   RO         1140    .text._FMSTR_Tx     freemaster_serial.o
    0x0800636c   0x0800636c   0x00000068   Code   RO          992    .text._FMSTR_WriteMem  freemaster_protocol.o
    0x080063d4   0x080063d4   0x00000010   Code   RO          462    .text.__NVIC_GetPriorityGrouping  stm32f1xx_hal_cortex.o
    0x080063e4   0x080063e4   0x00000042   Code   RO          464    .text.__NVIC_SetPriority  stm32f1xx_hal_cortex.o
    0x08006426   0x08006426   0x00000002   PAD
    0x08006428   0x08006428   0x0000003c   Code   RO          458    .text.__NVIC_SetPriorityGrouping  stm32f1xx_hal_cortex.o
    0x08006464   0x08006464   0x00000028   Code   RO           11    .text.main          main.o
    0x0800648c   0x0800648c   0x00000018   Code   RO         1403    x$fpl$dcmpinf       fz_ws.l(dcmpi.o)
    0x080064a4   0x080064a4   0x00000078   Code   RO         1375    x$fpl$deqf          fz_ws.l(deqf.o)
    0x0800651c   0x0800651c   0x00000078   Code   RO         1377    x$fpl$dgeqf         fz_ws.l(dgeqf.o)
    0x08006594   0x08006594   0x00000078   Code   RO         1379    x$fpl$dleqf         fz_ws.l(dleqf.o)
    0x0800660c   0x0800660c   0x0000009c   Code   RO         1405    x$fpl$dnaninf       fz_ws.l(dnaninf.o)
    0x080066a8   0x080066a8   0x00000054   Code   RO         1370    x$fpl$fcmp          fz_ws.l(dcmp.o)
    0x080066fc   0x080066fc   0x00000054   Code   RO         1372    x$fpl$fcmp          fz_ws.l(fcmp.o)
    0x08006750   0x08006750   0x00000018   Code   RO         1407    x$fpl$fcmpinf       fz_ws.l(fcmpi.o)
    0x08006768   0x08006768   0x00000068   Code   RO         1381    x$fpl$feqf          fz_ws.l(feqf.o)
    0x080067d0   0x080067d0   0x00000068   Code   RO         1383    x$fpl$fgeqf         fz_ws.l(fgeqf.o)
    0x08006838   0x08006838   0x00000068   Code   RO         1385    x$fpl$fleqf         fz_ws.l(fleqf.o)
    0x080068a0   0x080068a0   0x0000008c   Code   RO         1409    x$fpl$fnaninf       fz_ws.l(fnaninf.o)
    0x0800692c   0x0800692c   0x00000000   Code   RO         1387    x$fpl$usenofp       fz_ws.l(usenofp.o)
    0x0800692c   0x0800692c   0x00000010   Data   RO          800    .rodata.AHBPrescTable  system_stm32f1xx.o
    0x0800693c   0x0800693c   0x00000008   Data   RO          801    .rodata.APBPrescTable  system_stm32f1xx.o
    0x08006944   0x08006944   0x0000000c   Data   RO         1148    .rodata.FMSTR_SERIAL  freemaster_serial.o
    0x08006950   0x08006950   0x00000034   Data   RO         1343    .rodata.FmUartDrv   freemaster_uart_user.o
    0x08006984   0x08006984   0x00000010   Data   RO          376    .rodata.HAL_RCC_GetSysClockFreq.aPLLMULFactorTable  stm32f1xx_hal_rcc.o
    0x08006994   0x08006994   0x00000002   Data   RO          377    .rodata.HAL_RCC_GetSysClockFreq.aPredivFactorTable  stm32f1xx_hal_rcc.o
    0x08006996   0x08006996   0x00000002   PAD
    0x08006998   0x08006998   0x0000002c   Data   RO         1001    .rodata._FMSTR_GetBoardConfig.fmstr_cfgParamNames  freemaster_protocol.o
    0x080069c4   0x080069c4   0x0000004e   Data   RO         1002    .rodata.str1.1      freemaster_protocol.o
    0x08006a12   0x08006a12   0x00000011   Data   RO         1106    .rodata.str1.1      freemaster_rec.o
    0x08006a23   0x08006a23   0x00000007   Data   RO         1156    .rodata.str1.1      freemaster_serial.o
    0x08006a2a   0x08006a2a   0x00000002   PAD
    0x08006a2c   0x08006a2c   0x00000020   Data   RO         1557    Region$$Table       anon$$obj.o


    Execution Region RW_IRAM1 (Exec base: 0x20000000, Load base: 0x08006a50, Size: 0x00000d18, Max: 0x00005000, ABSOLUTE)

    Exec Addr    Load Addr    Size         Type   Attr      Idx    E Section Name        Object

    0x20000000   0x08006a50   0x00000001   Data   RW          816    .data.AsRegAddr     as.o
    0x20000001   0x08006a51   0x00000003   PAD
    0x20000004   0x08006a54   0x00000004   Data   RW          799    .data.SystemCoreClock  system_stm32f1xx.o
    0x20000008   0x08006a58   0x00000001   Data   RW          337    .data.uwTickFreq    stm32f1xx_hal.o
    0x20000009   0x08006a59   0x00000003   PAD
    0x2000000c   0x08006a5c   0x00000004   Data   RW          336    .data.uwTickPrio    stm32f1xx_hal.o
    0x20000010        -       0x00000060   Zero   RW         1422    .bss                c_w.l(libspace.o)
    0x20000070        -       0x00000004   Zero   RW          817    .bss.As_ReadAngle.Angle  as.o
    0x20000074        -       0x00000008   Zero   RW         1355    .bss.RteData        rte.o
    0x2000007c        -       0x00000004   Zero   RW          845    .bss.Tms_If_Poll.LastTick  tms.o
    0x20000080        -       0x00000001   Zero   RW          846    .bss.Tms_Task_50ms.LedState  tms.o
    0x20000081   0x08006a60   0x00000003   PAD
    0x20000084        -       0x00000004   Zero   RW         1149    .bss._fmstr_wFlags  freemaster_serial.o
    0x20000088        -       0x00000001   Zero   RW          878    .bss.fmstr_appCmd   freemaster_appcmd.o
    0x20000089        -       0x00000020   Zero   RW          881    .bss.fmstr_appCmdBuff  freemaster_appcmd.o
    0x200000a9   0x08006a60   0x00000003   PAD
    0x200000ac        -       0x00000010   Zero   RW          877    .bss.fmstr_appCmdCallFunc  freemaster_appcmd.o
    0x200000bc        -       0x00000004   Zero   RW          876    .bss.fmstr_appCmdCallId  freemaster_appcmd.o
    0x200000c0        -       0x00000004   Zero   RW          880    .bss.fmstr_appCmdLen  freemaster_appcmd.o
    0x200000c4        -       0x00000001   Zero   RW          879    .bss.fmstr_appCmdResult  freemaster_appcmd.o
    0x200000c5        -       0x00000001   Zero   RW          882    .bss.fmstr_appCmdResultDataLen  freemaster_appcmd.o
    0x200000c6        -       0x00000001   Zero   RW         1154    .bss.fmstr_nRxCrc8  freemaster_serial.o
    0x200000c7        -       0x00000001   Zero   RW         1150    .bss.fmstr_nRxTodo  freemaster_serial.o
    0x200000c8        -       0x00000001   Zero   RW         1153    .bss.fmstr_nTxTodo  freemaster_serial.o
    0x200000c9        -       0x000000f7   Zero   RW         1151    .bss.fmstr_pCommBuffer  freemaster_serial.o
    0x200001c0        -       0x00000400   Zero   RW         1105    .bss.fmstr_pOwnRecBuffer  freemaster_rec.o
    0x200005c0        -       0x00000004   Zero   RW         1155    .bss.fmstr_pRxBuff  freemaster_serial.o
    0x200005c4        -       0x00000004   Zero   RW         1152    .bss.fmstr_pTxBuff  freemaster_serial.o
    0x200005c8        -       0x00000010   Zero   RW         1104    .bss.fmstr_recBuffs  freemaster_rec.o
    0x200005d8        -       0x0000002c   Zero   RW         1124    .bss.fmstr_scopeCfg  freemaster_scope.o
    0x20000604        -       0x00000004   Zero   RW         1000    .bss.fmstr_sessions  freemaster_protocol.o
    0x20000608        -       0x00000054   Zero   RW           43    .bss.hi2c1          i2c.o
    0x2000065c        -       0x00000048   Zero   RW           61    .bss.huart1         usart.o
    0x200006a4        -       0x0000006c   Zero   RW          967    .bss.pcm_pipes      freemaster_pipes.o
    0x20000710        -       0x00000004   Zero   RW          338    .bss.uwTick         stm32f1xx_hal.o
    0x20000714   0x08006a60   0x00000004   PAD
    0x20000718        -       0x00000200   Zero   RW            2    HEAP                startup_stm32f103xb.o
    0x20000918        -       0x00000400   Zero   RW            1    STACK               startup_stm32f103xb.o


==============================================================================

Image component sizes


      Code (inc. data)   RO Data    RW Data    ZI Data      Debug   Object Name

       110          0          0          1          4       1319   as.o
       686          0          0          0         59       4140   freemaster_appcmd.o
      1618          0          0          0        108      16143   freemaster_pipes.o
      1432         32        122          0          4       5072   freemaster_protocol.o
      3798         20         17          0       1040      14129   freemaster_rec.o
       804          0          0          0         44       2802   freemaster_scope.o
      1672          0         19          0        262       3837   freemaster_serial.o
       176          0         52          0          0       2459   freemaster_uart_user.o
      3388          0          0          0          0      14791   freemaster_utils.o
       152          0          0          0          0       1597   gpio.o
       378          0          0          0         84       5099   i2c.o
       162          0          0          0          0       1737   main.o
        44          0          0          0          8       1072   rte.o
        64         26        236          0       1536        832   startup_stm32f103xb.o
       188          0          0          5          4       5651   stm32f1xx_hal.o
       414          0          0          0          0       7637   stm32f1xx_hal_cortex.o
       844          0          0          0          0       4315   stm32f1xx_hal_gpio.o
      4372          0          0          0          0      37555   stm32f1xx_hal_i2c.o
       100          0          0          0          0       1289   stm32f1xx_hal_msp.o
      2582          0         18          0          0       7516   stm32f1xx_hal_rcc.o
      1332          0          0          0          0      20142   stm32f1xx_hal_uart.o
        34          0          0          0          0       1047   stm32f1xx_it.o
         2          0         24          4          0       1658   system_stm32f1xx.o
       332          0          0          0          5       2127   tms.o
       246          0          0          0         72       4697   usart.o

    ----------------------------------------------------------------------
     25104         78        524         16       3240     168663   Object Totals
         0          0         32          0          0          0   (incl. Generated)
       174          0          4          6         10          0   (incl. Padding)

    ----------------------------------------------------------------------

      Code (inc. data)   RO Data    RW Data    ZI Data      Debug   Library Member Name

         8          0          0          0          0         68   __main.o
         0          0          0          0          0          0   __rtentry.o
        12          0          0          0          0          0   __rtentry2.o
         6          0          0          0          0          0   __rtentry4.o
        94          8          0          0          0          0   __scatter.o
        26          0          0          0          0          0   __scatter_copy.o
        28          0          0          0          0          0   __scatter_zi.o
        18          0          0          0          0         80   exit.o
         6          0          0          0          0        152   heapauxi.o
         0          0          0          0          0          0   indicate_semi.o
         2          0          0          0          0          0   libinit.o
         2          0          0          0          0          0   libinit2.o
         2          0          0          0          0          0   libshutdown.o
         2          0          0          0          0          0   libshutdown2.o
         8          4          0          0         96         68   libspace.o
        78          0          0          0          0         80   rt_memclr_w.o
         2          0          0          0          0          0   rtexit.o
        10          0          0          0          0          0   rtexit2.o
        12          4          0          0          0         68   sys_exit.o
        74          0          0          0          0         80   sys_stackheap_outer.o
         2          0          0          0          0         68   use_no_semi.o
        84          0          0          0          0        196   dcmp.o
        24          0          0          0          0         68   dcmpi.o
       120          4          0          0          0         92   deqf.o
       120          4          0          0          0         92   dgeqf.o
       120          4          0          0          0         92   dleqf.o
       156          4          0          0          0         92   dnaninf.o
        84          0          0          0          0        196   fcmp.o
        24          0          0          0          0         68   fcmpi.o
       104          4          0          0          0         84   feqf.o
       104          4          0          0          0         84   fgeqf.o
       104          4          0          0          0         84   fleqf.o
       140          4          0          0          0         84   fnaninf.o
         0          0          0          0          0          0   usenofp.o

    ----------------------------------------------------------------------
      1584         48          0          0         96       1896   Library Totals
         8          0          0          0          0          0   (incl. Padding)

    ----------------------------------------------------------------------

      Code (inc. data)   RO Data    RW Data    ZI Data      Debug   Library Name

       392         16          0          0         96        664   c_w.l
      1184         32          0          0          0       1232   fz_ws.l

    ----------------------------------------------------------------------
      1584         48          0          0         96       1896   Library Totals

    ----------------------------------------------------------------------

==============================================================================


      Code (inc. data)   RO Data    RW Data    ZI Data      Debug   

     26688        126        524         16       3336     169383   Grand Totals
     26688        126        524         16       3336     169383   ELF Image Totals
     26688        126        524         16          0          0   ROM Totals

==============================================================================

    Total RO  Size (Code + RO Data)                27212 (  26.57kB)
    Total RW  Size (RW Data + ZI Data)              3352 (   3.27kB)
    Total ROM Size (Code + RO Data + RW Data)      27228 (  26.59kB)

==============================================================================

