<html>
<body>
<pre>
<h1>µVision Build Log</h1>
<h2>Tool Versions:</h2>
IDE-Version: ¦ÌVision V5.39.0.0
Copyright (C) 2023 ARM Ltd and ARM Germany GmbH. All rights reserved.
License Information: 1 1, 1, LIC=BUURY-IMPR1-ARCXW-QHA48-FP81Y-D7ZV1
 
Tool Versions:
Toolchain:       MDK-ARM Plus  Version: 5.39.0.0
Toolchain Path:  D:\A_Software\Keil\Keil_ARM_Install\ARM\ARMCLANG\Bin
C Compiler:      ArmClang.exe V6.21
Assembler:       Armasm.exe V6.21
Linker/Locator:  ArmLink.exe V6.21
Library Manager: ArmAr.exe V6.21
Hex Converter:   FromElf.exe V6.21
CPU DLL:         SARMCM3.DLL V5.39.0.0
Dialog DLL:      DCM.DLL V1.17.5.0
Target DLL:      STLink\ST-LINKIII-KEIL_SWO.dll V3.2.0.0
Dialog DLL:      TCM.DLL V1.56.4.0
 
<h2>Project:</h2>
D:\A_Software\Keil\Project2\FOC\FocControl\MDK-ARM\FocControl.uvprojx
Project File Date:  04/01/2026

<h2>Output:</h2>
*** Using Compiler 'V6.21', folder: 'D:\A_Software\Keil\Keil_ARM_Install\ARM\ARMCLANG\Bin'
Build target 'FocControl'
compiling stm32f1xx_hal_gpio_ex.c...
compiling stm32f1xx_hal_msp.c...
compiling gpio.c...
compiling main.c...
compiling usart.c...
compiling stm32f1xx_it.c...
compiling stm32f1xx_hal.c...
compiling stm32f1xx_hal_rcc_ex.c...
compiling stm32f1xx_hal_cortex.c...
compiling stm32f1xx_hal_gpio.c...
compiling stm32f1xx_hal_dma.c...
compiling stm32f1xx_hal_rcc.c...
compiling stm32f1xx_hal_uart.c...
compiling Test.c...
compiling stm32f1xx_hal_pwr.c...
compiling system_stm32f1xx.c...
compiling stm32f1xx_hal_flash.c...
compiling stm32f1xx_hal_exti.c...
compiling stm32f1xx_hal_flash_ex.c...
compiling freemaster_appcmd.c...
compiling freemaster_can.c...
compiling freemaster_net.c...
compiling freemaster_pdbdm.c...
compiling freemaster_protocol.c...
compiling freemaster_scope.c...
compiling freemaster_tsa.c...
compiling freemaster_serial.c...
compiling freemaster_sha.c...
compiling freemaster_rec.c...
compiling freemaster_ures.c...
compiling freemaster_pipes.c...
compiling freemaster_uart_user.c...
compiling freemaster_utils.c...
linking...
Program Size: Code=12312 RO-data=468 RW-data=12 ZI-data=3244  
FromELF: creating hex file...
"FocControl\FocControl.axf" - 0 Error(s), 0 Warning(s).

<h2>Software Packages used:</h2>

Package Vendor: ARM
                http://www.keil.com/pack/ARM.CMSIS.5.9.0.pack
                ARM::CMSIS@5.9.0
                CMSIS (Common Microcontroller Software Interface Standard)
   * Component: CORE Version: 5.6.0

Package Vendor: Keil
                https://www.keil.com/pack/Keil.STM32F1xx_DFP.2.4.1.pack
                Keil::STM32F1xx_DFP@2.4.1
                STMicroelectronics STM32F1 Series Device Support, Drivers and Examples

<h2>Collection of Component include folders:</h2>
  ./RTE/_FocControl
  D:/A_Software/Keil/Keil_ARM_Install/ARM/CMSIS/5.9.0/CMSIS/Core/Include
  D:/A_Software/Keil/Keil_ARM_Install/Keil/STM32F1xx_DFP/2.4.1/Device/Include

<h2>Collection of Component Files used:</h2>

   * Component: ARM::CMSIS:CORE@5.6.0
      Include file:  CMSIS/Core/Include/tz_context.h
Build Time Elapsed:  00:00:02
</pre>
</body>
</html>
