Component: Arm Compiler for Embedded 6.21 Tool: armlink [5ec1fa00]

==============================================================================

Section Cross References

    startup_stm32f103xb.o(STACK) refers (Special) to heapauxi.o(.text) for __use_two_region_memory
    startup_stm32f103xb.o(HEAP) refers (Special) to heapauxi.o(.text) for __use_two_region_memory
    startup_stm32f103xb.o(RESET) refers (Special) to heapauxi.o(.text) for __use_two_region_memory
    startup_stm32f103xb.o(RESET) refers to startup_stm32f103xb.o(STACK) for __initial_sp
    startup_stm32f103xb.o(RESET) refers to startup_stm32f103xb.o(.text) for Reset_Handler
    startup_stm32f103xb.o(RESET) refers to stm32f1xx_it.o(.text.NMI_Handler) for NMI_Handler
    startup_stm32f103xb.o(RESET) refers to stm32f1xx_it.o(.text.HardFault_Handler) for HardFault_Handler
    startup_stm32f103xb.o(RESET) refers to stm32f1xx_it.o(.text.MemManage_Handler) for MemManage_Handler
    startup_stm32f103xb.o(RESET) refers to stm32f1xx_it.o(.text.BusFault_Handler) for BusFault_Handler
    startup_stm32f103xb.o(RESET) refers to stm32f1xx_it.o(.text.UsageFault_Handler) for UsageFault_Handler
    startup_stm32f103xb.o(RESET) refers to stm32f1xx_it.o(.text.SVC_Handler) for SVC_Handler
    startup_stm32f103xb.o(RESET) refers to stm32f1xx_it.o(.text.DebugMon_Handler) for DebugMon_Handler
    startup_stm32f103xb.o(RESET) refers to stm32f1xx_it.o(.text.PendSV_Handler) for PendSV_Handler
    startup_stm32f103xb.o(RESET) refers to stm32f1xx_it.o(.text.SysTick_Handler) for SysTick_Handler
    startup_stm32f103xb.o(.text) refers (Special) to heapauxi.o(.text) for __use_two_region_memory
    startup_stm32f103xb.o(.text) refers to system_stm32f1xx.o(.text.SystemInit) for SystemInit
    startup_stm32f103xb.o(.text) refers to __main.o(!!!main) for __main
    startup_stm32f103xb.o(.text) refers to startup_stm32f103xb.o(HEAP) for Heap_Mem
    startup_stm32f103xb.o(.text) refers to startup_stm32f103xb.o(STACK) for Stack_Mem
    main.o(.text.main) refers to stm32f1xx_hal.o(.text.HAL_Init) for HAL_Init
    main.o(.text.main) refers to main.o(.text.SystemClock_Config) for SystemClock_Config
    main.o(.text.main) refers to gpio.o(.text.MX_GPIO_Init) for MX_GPIO_Init
    main.o(.text.main) refers to usart.o(.text.MX_USART1_UART_Init) for MX_USART1_UART_Init
    main.o(.text.main) refers to tms.o(.text.Tms_If_Init) for Tms_If_Init
    main.o(.text.main) refers to tms.o(.text.Tms_If_Poll) for Tms_If_Poll
    main.o(.ARM.exidx.text.main) refers to main.o(.text.main) for [Anonymous Symbol]
    main.o(.text.SystemClock_Config) refers to rt_memclr_w.o(.text) for __aeabi_memclr4
    main.o(.text.SystemClock_Config) refers to stm32f1xx_hal_rcc.o(.text.HAL_RCC_OscConfig) for HAL_RCC_OscConfig
    main.o(.text.SystemClock_Config) refers to main.o(.text.Error_Handler) for Error_Handler
    main.o(.text.SystemClock_Config) refers to stm32f1xx_hal_rcc.o(.text.HAL_RCC_ClockConfig) for HAL_RCC_ClockConfig
    main.o(.ARM.exidx.text.SystemClock_Config) refers to main.o(.text.SystemClock_Config) for [Anonymous Symbol]
    main.o(.ARM.exidx.text.Error_Handler) refers to main.o(.text.Error_Handler) for [Anonymous Symbol]
    gpio.o(.text.MX_GPIO_Init) refers to stm32f1xx_hal_gpio.o(.text.HAL_GPIO_WritePin) for HAL_GPIO_WritePin
    gpio.o(.text.MX_GPIO_Init) refers to stm32f1xx_hal_gpio.o(.text.HAL_GPIO_Init) for HAL_GPIO_Init
    gpio.o(.ARM.exidx.text.MX_GPIO_Init) refers to gpio.o(.text.MX_GPIO_Init) for [Anonymous Symbol]
    usart.o(.text.MX_USART1_UART_Init) refers to usart.o(.bss.huart1) for huart1
    usart.o(.text.MX_USART1_UART_Init) refers to stm32f1xx_hal_uart.o(.text.HAL_UART_Init) for HAL_UART_Init
    usart.o(.text.MX_USART1_UART_Init) refers to main.o(.text.Error_Handler) for Error_Handler
    usart.o(.ARM.exidx.text.MX_USART1_UART_Init) refers to usart.o(.text.MX_USART1_UART_Init) for [Anonymous Symbol]
    usart.o(.text.HAL_UART_MspInit) refers to stm32f1xx_hal_gpio.o(.text.HAL_GPIO_Init) for HAL_GPIO_Init
    usart.o(.ARM.exidx.text.HAL_UART_MspInit) refers to usart.o(.text.HAL_UART_MspInit) for [Anonymous Symbol]
    usart.o(.text.HAL_UART_MspDeInit) refers to stm32f1xx_hal_gpio.o(.text.HAL_GPIO_DeInit) for HAL_GPIO_DeInit
    usart.o(.ARM.exidx.text.HAL_UART_MspDeInit) refers to usart.o(.text.HAL_UART_MspDeInit) for [Anonymous Symbol]
    usart.o(.text.Uart_If_Transmit) refers to usart.o(.bss.huart1) for huart1
    usart.o(.text.Uart_If_Transmit) refers to stm32f1xx_hal_uart.o(.text.HAL_UART_Transmit) for HAL_UART_Transmit
    usart.o(.ARM.exidx.text.Uart_If_Transmit) refers to usart.o(.text.Uart_If_Transmit) for [Anonymous Symbol]
    usart.o(.text.Uart_If_Receive) refers to usart.o(.bss.huart1) for huart1
    usart.o(.text.Uart_If_Receive) refers to stm32f1xx_hal_uart.o(.text.HAL_UART_Receive) for HAL_UART_Receive
    usart.o(.ARM.exidx.text.Uart_If_Receive) refers to usart.o(.text.Uart_If_Receive) for [Anonymous Symbol]
[...]
    [Anonymous Symbol]                       0x08003a60   Section        0  freemaster_pipes.o(.text._FMSTR_FindPipe)
    _FMSTR_FindSession                       0x08003ab1   Thumb Code   118  freemaster_protocol.o(.text._FMSTR_FindSession)
    [Anonymous Symbol]                       0x08003ab0   Section        0  freemaster_protocol.o(.text._FMSTR_FindSession)
    [Anonymous Symbol]                       0x08003b28   Section        0  freemaster_protocol.o(.text._FMSTR_GetBoardConfig)
    _FMSTR_GetDouble                         0x08003ca9   Thumb Code    18  freemaster_rec.o(.text._FMSTR_GetDouble)
    [Anonymous Symbol]                       0x08003ca8   Section        0  freemaster_rec.o(.text._FMSTR_GetDouble)
    _FMSTR_GetFloat                          0x08003cbd   Thumb Code    16  freemaster_rec.o(.text._FMSTR_GetFloat)
    [Anonymous Symbol]                       0x08003cbc   Section        0  freemaster_rec.o(.text._FMSTR_GetFloat)
    _FMSTR_GetRecorderBufferByRecIx          0x08003ccd   Thumb Code    50  freemaster_rec.o(.text._FMSTR_GetRecorderBufferByRecIx)
    [Anonymous Symbol]                       0x08003ccc   Section        0  freemaster_rec.o(.text._FMSTR_GetRecorderBufferByRecIx)
    _FMSTR_GetRecorderByRecIx                0x08003d01   Thumb Code    56  freemaster_rec.o(.text._FMSTR_GetRecorderByRecIx)
    [Anonymous Symbol]                       0x08003d00   Section        0  freemaster_rec.o(.text._FMSTR_GetRecorderByRecIx)
    _FMSTR_GetS16                            0x08003d39   Thumb Code    18  freemaster_rec.o(.text._FMSTR_GetS16)
    [Anonymous Symbol]                       0x08003d38   Section        0  freemaster_rec.o(.text._FMSTR_GetS16)
    _FMSTR_GetS32                            0x08003d4d   Thumb Code    16  freemaster_rec.o(.text._FMSTR_GetS32)
    [Anonymous Symbol]                       0x08003d4c   Section        0  freemaster_rec.o(.text._FMSTR_GetS32)
    _FMSTR_GetS64                            0x08003d5d   Thumb Code    18  freemaster_rec.o(.text._FMSTR_GetS64)
    [Anonymous Symbol]                       0x08003d5c   Section        0  freemaster_rec.o(.text._FMSTR_GetS64)
    _FMSTR_GetS8                             0x08003d71   Thumb Code    18  freemaster_rec.o(.text._FMSTR_GetS8)
    [Anonymous Symbol]                       0x08003d70   Section        0  freemaster_rec.o(.text._FMSTR_GetS8)
    _FMSTR_GetU16                            0x08003d85   Thumb Code    16  freemaster_rec.o(.text._FMSTR_GetU16)
    [Anonymous Symbol]                       0x08003d84   Section        0  freemaster_rec.o(.text._FMSTR_GetU16)
    _FMSTR_GetU32                            0x08003d95   Thumb Code    16  freemaster_rec.o(.text._FMSTR_GetU32)
    [Anonymous Symbol]                       0x08003d94   Section        0  freemaster_rec.o(.text._FMSTR_GetU32)
    _FMSTR_GetU64                            0x08003da5   Thumb Code    18  freemaster_rec.o(.text._FMSTR_GetU64)
    [Anonymous Symbol]                       0x08003da4   Section        0  freemaster_rec.o(.text._FMSTR_GetU64)
    _FMSTR_GetU8                             0x08003db9   Thumb Code    16  freemaster_rec.o(.text._FMSTR_GetU8)
    [Anonymous Symbol]                       0x08003db8   Section        0  freemaster_rec.o(.text._FMSTR_GetU8)
    _FMSTR_Listen                            0x08003dc9   Thumb Code    66  freemaster_serial.o(.text._FMSTR_Listen)
    [Anonymous Symbol]                       0x08003dc8   Section        0  freemaster_serial.o(.text._FMSTR_Listen)
    _FMSTR_MemCpyDstAligned                  0x08003e0d   Thumb Code   170  freemaster_utils.o(.text._FMSTR_MemCpyDstAligned)
    [Anonymous Symbol]                       0x08003e0c   Section        0  freemaster_utils.o(.text._FMSTR_MemCpyDstAligned)
    _FMSTR_MemCpyMaskedDstAligned            0x08003eb9   Thumb Code   244  freemaster_utils.o(.text._FMSTR_MemCpyMaskedDstAligned)
    [Anonymous Symbol]                       0x08003eb8   Section        0  freemaster_utils.o(.text._FMSTR_MemCpyMaskedDstAligned)
    _FMSTR_MemCpySrcAligned                  0x08003fad   Thumb Code   170  freemaster_utils.o(.text._FMSTR_MemCpySrcAligned)
    [Anonymous Symbol]                       0x08003fac   Section        0  freemaster_utils.o(.text._FMSTR_MemCpySrcAligned)
    [Anonymous Symbol]                       0x08004058   Section        0  freemaster_utils.o(.text._FMSTR_MemSet)
    _FMSTR_PipeDiscardBytes                  0x08004085   Thumb Code   146  freemaster_pipes.o(.text._FMSTR_PipeDiscardBytes)
    [Anonymous Symbol]                       0x08004084   Section        0  freemaster_pipes.o(.text._FMSTR_PipeDiscardBytes)
    _FMSTR_PipeGetBytesFree                  0x08004119   Thumb Code    76  freemaster_pipes.o(.text._FMSTR_PipeGetBytesFree)
    [Anonymous Symbol]                       0x08004118   Section        0  freemaster_pipes.o(.text._FMSTR_PipeGetBytesFree)
    _FMSTR_PipeGetBytesReady                 0x08004165   Thumb Code    78  freemaster_pipes.o(.text._FMSTR_PipeGetBytesReady)
    [Anonymous Symbol]                       0x08004164   Section        0  freemaster_pipes.o(.text._FMSTR_PipeGetBytesReady)
    _FMSTR_PipeReceive                       0x080041b5   Thumb Code   204  freemaster_pipes.o(.text._FMSTR_PipeReceive)
    [Anonymous Symbol]                       0x080041b4   Section        0  freemaster_pipes.o(.text._FMSTR_PipeReceive)
    _FMSTR_PipeTransmit                      0x08004281   Thumb Code   186  freemaster_pipes.o(.text._FMSTR_PipeTransmit)
    [Anonymous Symbol]                       0x08004280   Section        0  freemaster_pipes.o(.text._FMSTR_PipeTransmit)
    [Anonymous Symbol]                       0x0800433c   Section        0  freemaster_protocol.o(.text._FMSTR_ReadMem)
    [Anonymous Symbol]                       0x0800438c   Section        0  freemaster_protocol.o(.text._FMSTR_ReadMemBaseAddress)
    _FMSTR_RecMemCfg                         0x080043e5   Thumb Code   206  freemaster_rec.o(.text._FMSTR_RecMemCfg)
    [Anonymous Symbol]                       0x080043e4   Section        0  freemaster_rec.o(.text._FMSTR_RecMemCfg)
    _FMSTR_RecVarCfg                         0x080044b5   Thumb Code   464  freemaster_rec.o(.text._FMSTR_RecVarCfg)
    [Anonymous Symbol]                       0x080044b4   Section        0  freemaster_rec.o(.text._FMSTR_RecVarCfg)
    _FMSTR_Rx                                0x08004685   Thumb Code   526  freemaster_serial.o(.text._FMSTR_Rx)
    [Anonymous Symbol]                       0x08004684   Section        0  freemaster_serial.o(.text._FMSTR_Rx)
    _FMSTR_SendError                         0x08004895   Thumb Code    34  freemaster_serial.o(.text._FMSTR_SendError)
    [Anonymous Symbol]                       0x08004894   Section        0  freemaster_serial.o(.text._FMSTR_SendError)
    _FMSTR_SerialInit                        0x080048b9   Thumb Code   306  freemaster_serial.o(.text._FMSTR_SerialInit)
    [Anonymous Symbol]                       0x080048b8   Section        0  freemaster_serial.o(.text._FMSTR_SerialInit)
    _FMSTR_SerialPoll                        0x080049ed   Thumb Code    36  freemaster_serial.o(.text._FMSTR_SerialPoll)
    [Anonymous Symbol]                       0x080049ec   Section        0  freemaster_serial.o(.text._FMSTR_SerialPoll)
    _FMSTR_SerialSendResponse                0x08004a11   Thumb Code   350  freemaster_serial.o(.text._FMSTR_SerialSendResponse)
    [Anonymous Symbol]                       0x08004a10   Section        0  freemaster_serial.o(.text._FMSTR_SerialSendResponse)
    _FMSTR_SetRecCmd_CFGMEM                  0x08004b71   Thumb Code   136  freemaster_rec.o(.text._FMSTR_SetRecCmd_CFGMEM)
    [Anonymous Symbol]                       0x08004b70   Section        0  freemaster_rec.o(.text._FMSTR_SetRecCmd_CFGMEM)
    _FMSTR_SetRecCmd_CFGVAR                  0x08004bf9   Thumb Code   326  freemaster_rec.o(.text._FMSTR_SetRecCmd_CFGVAR)
    [Anonymous Symbol]                       0x08004bf8   Section        0  freemaster_rec.o(.text._FMSTR_SetRecCmd_CFGVAR)
    _FMSTR_SetScope_CFGMEM                   0x08004d41   Thumb Code    70  freemaster_scope.o(.text._FMSTR_SetScope_CFGMEM)
    [Anonymous Symbol]                       0x08004d40   Section        0  freemaster_scope.o(.text._FMSTR_SetScope_CFGMEM)
    _FMSTR_SetScope_CFGVAR                   0x08004d89   Thumb Code   194  freemaster_scope.o(.text._FMSTR_SetScope_CFGVAR)
    [Anonymous Symbol]                       0x08004d88   Section        0  freemaster_scope.o(.text._FMSTR_SetScope_CFGVAR)
    _FMSTR_StartRec                          0x08004e4d   Thumb Code   128  freemaster_rec.o(.text._FMSTR_StartRec)
    [Anonymous Symbol]                       0x08004e4c   Section        0  freemaster_rec.o(.text._FMSTR_StartRec)
    [Anonymous Symbol]                       0x08004ecc   Section        0  freemaster_utils.o(.text._FMSTR_StrCmp)
    [Anonymous Symbol]                       0x08004f78   Section        0  freemaster_utils.o(.text._FMSTR_StrLen)
    _FMSTR_Tx                                0x08004fb1   Thumb Code   136  freemaster_serial.o(.text._FMSTR_Tx)
    [Anonymous Symbol]                       0x08004fb0   Section        0  freemaster_serial.o(.text._FMSTR_Tx)
    [Anonymous Symbol]                       0x08005038   Section        0  freemaster_protocol.o(.text._FMSTR_WriteMem)
    __NVIC_GetPriorityGrouping               0x080050a1   Thumb Code    16  stm32f1xx_hal_cortex.o(.text.__NVIC_GetPriorityGrouping)
    [Anonymous Symbol]                       0x080050a0   Section        0  stm32f1xx_hal_cortex.o(.text.__NVIC_GetPriorityGrouping)
    __NVIC_SetPriority                       0x080050b1   Thumb Code    66  stm32f1xx_hal_cortex.o(.text.__NVIC_SetPriority)
    [Anonymous Symbol]                       0x080050b0   Section        0  stm32f1xx_hal_cortex.o(.text.__NVIC_SetPriority)
    __NVIC_SetPriorityGrouping               0x080050f5   Thumb Code    60  stm32f1xx_hal_cortex.o(.text.__NVIC_SetPriorityGrouping)
    [Anonymous Symbol]                       0x080050f4   Section        0  stm32f1xx_hal_cortex.o(.text.__NVIC_SetPriorityGrouping)
    [Anonymous Symbol]                       0x08005130   Section        0  main.o(.text.main)
    x$fpl$dcmpinf                            0x08005154   Section       24  dcmpi.o(x$fpl$dcmpinf)
    x$fpl$deqf                               0x0800516c   Section      120  deqf.o(x$fpl$deqf)
    x$fpl$dgeqf                              0x080051e4   Section      120  dgeqf.o(x$fpl$dgeqf)
    x$fpl$dleqf                              0x0800525c   Section      120  dleqf.o(x$fpl$dleqf)
    x$fpl$dnaninf                            0x080052d4   Section      156  dnaninf.o(x$fpl$dnaninf)
    x$fpl$fcmp                               0x08005370   Section       84  dcmp.o(x$fpl$fcmp)
    x$fpl$fcmp                               0x080053c4   Section       84  fcmp.o(x$fpl$fcmp)
    x$fpl$fcmpinf                            0x08005418   Section       24  fcmpi.o(x$fpl$fcmpinf)
    x$fpl$feqf                               0x08005430   Section      104  feqf.o(x$fpl$feqf)
    x$fpl$fgeqf                              0x08005498   Section      104  fgeqf.o(x$fpl$fgeqf)
    x$fpl$fleqf                              0x08005500   Section      104  fleqf.o(x$fpl$fleqf)
    x$fpl$fnaninf                            0x08005568   Section      140  fnaninf.o(x$fpl$fnaninf)
    x$fpl$usenofp                            0x080055f4   Section        0  usenofp.o(x$fpl$usenofp)
    HAL_RCC_GetSysClockFreq.aPLLMULFactorTable 0x0800564c   Data          16  stm32f1xx_hal_rcc.o(.rodata.HAL_RCC_GetSysClockFreq.aPLLMULFactorTable)
    [Anonymous Symbol]                       0x0800564c   Section        0  stm32f1xx_hal_rcc.o(.rodata.HAL_RCC_GetSysClockFreq.aPLLMULFactorTable)
    HAL_RCC_GetSysClockFreq.aPredivFactorTable 0x0800565c   Data           2  stm32f1xx_hal_rcc.o(.rodata.HAL_RCC_GetSysClockFreq.aPredivFactorTable)
    [Anonymous Symbol]                       0x0800565c   Section        0  stm32f1xx_hal_rcc.o(.rodata.HAL_RCC_GetSysClockFreq.aPredivFactorTable)
    _FMSTR_GetBoardConfig.fmstr_cfgParamNames 0x08005660   Data          44  freemaster_protocol.o(.rodata._FMSTR_GetBoardConfig.fmstr_cfgParamNames)
    [Anonymous Symbol]                       0x08005660   Section        0  freemaster_protocol.o(.rodata._FMSTR_GetBoardConfig.fmstr_cfgParamNames)
    [Anonymous Symbol]                       0x0800568c   Section        0  freemaster_protocol.o(.rodata.str1.1)
    .L.str.11                                0x0800568f   Data           7  freemaster_protocol.o(.rodata.str1.1)
    .L.str.13                                0x080056b5   Data          25  freemaster_protocol.o(.rodata.str1.1)
    .L.str.12                                0x080056ce   Data          12  freemaster_protocol.o(.rodata.str1.1)
    .L.str                                   0x080056da   Data          17  freemaster_rec.o(.rodata.str1.1)
    [Anonymous Symbol]                       0x080056da   Section        0  freemaster_rec.o(.rodata.str1.1)
    .L.str                                   0x080056eb   Data           7  freemaster_serial.o(.rodata.str1.1)
    [Anonymous Symbol]                       0x080056eb   Section        0  freemaster_serial.o(.rodata.str1.1)
    .bss                                     0x20000010   Section       96  libspace.o(.bss)
    Tms_If_Poll.LastTick                     0x20000070   Data           4  tms.o(.bss.Tms_If_Poll.LastTick)
    [Anonymous Symbol]                       0x20000070   Section        0  tms.o(.bss.Tms_If_Poll.LastTick)
    Tms_Task_50ms.LedState                   0x20000074   Data           1  tms.o(.bss.Tms_Task_50ms.LedState)
    [Anonymous Symbol]                       0x20000074   Section        0  tms.o(.bss.Tms_Task_50ms.LedState)
    _fmstr_wFlags                            0x20000078   Data           4  freemaster_serial.o(.bss._fmstr_wFlags)
    [Anonymous Symbol]                       0x20000078   Section        0  freemaster_serial.o(.bss._fmstr_wFlags)
    fmstr_appCmd                             0x2000007c   Data           1  freemaster_appcmd.o(.bss.fmstr_appCmd)
    [Anonymous Symbol]                       0x2000007c   Section        0  freemaster_appcmd.o(.bss.fmstr_appCmd)
    fmstr_appCmdBuff                         0x2000007d   Data          32  freemaster_appcmd.o(.bss.fmstr_appCmdBuff)
    [Anonymous Symbol]                       0x2000007d   Section        0  freemaster_appcmd.o(.bss.fmstr_appCmdBuff)
    fmstr_appCmdCallFunc                     0x200000a0   Data          16  freemaster_appcmd.o(.bss.fmstr_appCmdCallFunc)
    [Anonymous Symbol]                       0x200000a0   Section        0  freemaster_appcmd.o(.bss.fmstr_appCmdCallFunc)
    fmstr_appCmdCallId                       0x200000b0   Data           4  freemaster_appcmd.o(.bss.fmstr_appCmdCallId)
    [Anonymous Symbol]                       0x200000b0   Section        0  freemaster_appcmd.o(.bss.fmstr_appCmdCallId)
    fmstr_appCmdLen                          0x200000b4   Data           4  freemaster_appcmd.o(.bss.fmstr_appCmdLen)
    [Anonymous Symbol]                       0x200000b4   Section        0  freemaster_appcmd.o(.bss.fmstr_appCmdLen)
    fmstr_appCmdResult                       0x200000b8   Data           1  freemaster_appcmd.o(.bss.fmstr_appCmdResult)
    [Anonymous Symbol]                       0x200000b8   Section        0  freemaster_appcmd.o(.bss.fmstr_appCmdResult)
    fmstr_appCmdResultDataLen                0x200000b9   Data           1  freemaster_appcmd.o(.bss.fmstr_appCmdResultDataLen)
    [Anonymous Symbol]                       0x200000b9   Section        0  freemaster_appcmd.o(.bss.fmstr_appCmdResultDataLen)
    fmstr_nRxCrc8                            0x200000ba   Data           1  freemaster_serial.o(.bss.fmstr_nRxCrc8)
    [Anonymous Symbol]                       0x200000ba   Section        0  freemaster_serial.o(.bss.fmstr_nRxCrc8)
    fmstr_nRxTodo                            0x200000bb   Data           1  freemaster_serial.o(.bss.fmstr_nRxTodo)
    [Anonymous Symbol]                       0x200000bb   Section        0  freemaster_serial.o(.bss.fmstr_nRxTodo)
    fmstr_nTxTodo                            0x200000bc   Data           1  freemaster_serial.o(.bss.fmstr_nTxTodo)
    [Anonymous Symbol]                       0x200000bc   Section        0  freemaster_serial.o(.bss.fmstr_nTxTodo)
    fmstr_pCommBuffer                        0x200000bd   Data         247  freemaster_serial.o(.bss.fmstr_pCommBuffer)
    [Anonymous Symbol]                       0x200000bd   Section        0  freemaster_serial.o(.bss.fmstr_pCommBuffer)
    fmstr_pOwnRecBuffer                      0x200001b4   Data        1024  freemaster_rec.o(.bss.fmstr_pOwnRecBuffer)
    [Anonymous Symbol]                       0x200001b4   Section        0  freemaster_rec.o(.bss.fmstr_pOwnRecBuffer)
    fmstr_pRxBuff                            0x200005b4   Data           4  freemaster_serial.o(.bss.fmstr_pRxBuff)
    [Anonymous Symbol]                       0x200005b4   Section        0  freemaster_serial.o(.bss.fmstr_pRxBuff)
    fmstr_pTxBuff                            0x200005b8   Data           4  freemaster_serial.o(.bss.fmstr_pTxBuff)
    [Anonymous Symbol]                       0x200005b8   Section        0  freemaster_serial.o(.bss.fmstr_pTxBuff)
    fmstr_recBuffs                           0x200005bc   Data          16  freemaster_rec.o(.bss.fmstr_recBuffs)
    [Anonymous Symbol]                       0x200005bc   Section        0  freemaster_rec.o(.bss.fmstr_recBuffs)
    fmstr_scopeCfg                           0x200005cc   Data          44  freemaster_scope.o(.bss.fmstr_scopeCfg)
    [Anonymous Symbol]                       0x200005cc   Section        0  freemaster_scope.o(.bss.fmstr_scopeCfg)
    fmstr_sessions                           0x200005f8   Data           4  freemaster_protocol.o(.bss.fmstr_sessions)
    [Anonymous Symbol]                       0x200005f8   Section        0  freemaster_protocol.o(.bss.fmstr_sessions)
    pcm_pipes                                0x20000644   Data         108  freemaster_pipes.o(.bss.pcm_pipes)
    [Anonymous Symbol]                       0x20000644   Section        0  freemaster_pipes.o(.bss.pcm_pipes)
    Heap_Mem                                 0x200006b8   Data         512  startup_stm32f103xb.o(HEAP)
    HEAP                                     0x200006b8   Section      512  startup_stm32f103xb.o(HEAP)
    Stack_Mem                                0x200008b8   Data        1024  startup_stm32f103xb.o(STACK)
    STACK                                    0x200008b8   Section     1024  startup_stm32f103xb.o(STACK)
    __initial_sp                             0x20000cb8   Data           0  startup_stm32f103xb.o(STACK)

    Global Symbols

    Symbol Name                              Value     Ov Type        Size  Object(Section)

    BuildAttributes$$THM_ISAv4$P$D$K$B$S$PE$A:L22UL41UL21$X:L11$S22US41US21$IEEE1$IW$~IW$USESV6$~STKCKD$USESV7$~SHL$OSPACE$ROPI$EBA8$UX$STANDARDLIB$REQ8$PRES8$EABIv2 0x00000000   Number         0  anon$$obj.o ABSOLUTE
    __fp_init_empty                          0x00000000   Number         0  fpinit_empty.o ABSOLUTE
    __ARM_exceptions_init                     - Undefined Weak Reference
    __alloca_initialize                       - Undefined Weak Reference
    __arm_preinit_                            - Undefined Weak Reference
    __arm_relocate_pie_                       - Undefined Weak Reference
    __cpp_initialize__aeabi_                  - Undefined Weak Reference
    __cxa_finalize                            - Undefined Weak Reference
    __rt_locale                               - Undefined Weak Reference
    __sigvec_lookup                           - Undefined Weak Reference
    _atexit_init                              - Undefined Weak Reference
    _call_atexit_fns                          - Undefined Weak Reference
    _clock_init                               - Undefined Weak Reference
    _fp_trap_init                             - Undefined Weak Reference
    _fp_trap_shutdown                         - Undefined Weak Reference
    _get_lc_collate                           - Undefined Weak Reference
    _get_lc_ctype                             - Undefined Weak Reference
    _get_lc_monetary                          - Undefined Weak Reference
    _get_lc_numeric                           - Undefined Weak Reference
    _get_lc_time                              - Undefined Weak Reference
    _getenv_init                              - Undefined Weak Reference
    _handle_redirection                       - Undefined Weak Reference
    _init_alloc                               - Undefined Weak Reference
    _init_user_alloc                          - Undefined Weak Reference
    _initio                                   - Undefined Weak Reference
    _rand_init                                - Undefined Weak Reference
    _signal_finish                            - Undefined Weak Reference
    _signal_init                              - Undefined Weak Reference
    _terminate_alloc                          - Undefined Weak Reference
    _terminate_user_alloc                     - Undefined Weak Reference
    _terminateio                              - Undefined Weak Reference
    __Vectors_Size                           0x000000ec   Number         0  startup_stm32f103xb.o ABSOLUTE
    __Vectors                                0x08000000   Data           4  startup_stm32f103xb.o(RESET)
    __Vectors_End                            0x080000ec   Data           0  startup_stm32f103xb.o(RESET)
    __main                                   0x080000ed   Thumb Code     8  __main.o(!!!main)
    __scatterload                            0x080000f5   Thumb Code     0  __scatter.o(!!!scatter)
    __scatterload_rt2                        0x080000f5   Thumb Code    84  __scatter.o(!!!scatter)
    __scatterload_rt2_thumb_only             0x080000f5   Thumb Code     0  __scatter.o(!!!scatter)
    __scatterload_loop                       0x080000ff   Thumb Code     0  __scatter.o(!!!scatter)
    __scatterload_copy                       0x08000151   Thumb Code    26  __scatter_copy.o(!!handler_copy)
    __scatterload_null                       0x0800016d   Thumb Code     2  __scatter.o(!!handler_null)
    __scatterload_zeroinit                   0x08000171   Thumb Code    28  __scatter_zi.o(!!handler_zi)
    __rt_lib_init                            0x0800018d   Thumb Code     0  libinit.o(.ARM.Collect$$libinit$$00000000)
    __rt_lib_init_alloca_1                   0x0800018f   Thumb Code     0  libinit2.o(.ARM.Collect$$libinit$$00000030)
    __rt_lib_init_argv_1                     0x0800018f   Thumb Code     0  libinit2.o(.ARM.Collect$$libinit$$0000002E)
    __rt_lib_init_atexit_1                   0x0800018f   Thumb Code     0  libinit2.o(.ARM.Collect$$libinit$$0000001D)
    __rt_lib_init_clock_1                    0x0800018f   Thumb Code     0  libinit2.o(.ARM.Collect$$libinit$$00000023)
    __rt_lib_init_cpp_1                      0x0800018f   Thumb Code     0  libinit2.o(.ARM.Collect$$libinit$$00000034)
    __rt_lib_init_exceptions_1               0x0800018f   Thumb Code     0  libinit2.o(.ARM.Collect$$libinit$$00000032)
    __rt_lib_init_fp_1                       0x0800018f   Thumb Code     0  libinit2.o(.ARM.Collect$$libinit$$00000002)
    __rt_lib_init_fp_trap_1                  0x0800018f   Thumb Code     0  libinit2.o(.ARM.Collect$$libinit$$00000021)
    __rt_lib_init_getenv_1                   0x0800018f   Thumb Code     0  libinit2.o(.ARM.Collect$$libinit$$00000025)
    __rt_lib_init_heap_1                     0x0800018f   Thumb Code     0  libinit2.o(.ARM.Collect$$libinit$$0000000C)
    __rt_lib_init_lc_collate_1               0x0800018f   Thumb Code     0  libinit2.o(.ARM.Collect$$libinit$$00000013)
    __rt_lib_init_lc_ctype_1                 0x0800018f   Thumb Code     0  libinit2.o(.ARM.Collect$$libinit$$00000015)
    __rt_lib_init_lc_monetary_1              0x0800018f   Thumb Code     0  libinit2.o(.ARM.Collect$$libinit$$00000017)
    __rt_lib_init_lc_numeric_1               0x0800018f   Thumb Code     0  libinit2.o(.ARM.Collect$$libinit$$00000019)
    __rt_lib_init_lc_time_1                  0x0800018f   Thumb Code     0  libinit2.o(.ARM.Collect$$libinit$$0000001B)
    __rt_lib_init_preinit_1                  0x0800018f   Thumb Code     0  libinit2.o(.ARM.Collect$$libinit$$00000006)
    __rt_lib_init_rand_1                     0x0800018f   Thumb Code     0  libinit2.o(.ARM.Collect$$libinit$$00000010)
    __rt_lib_init_relocate_pie_1             0x0800018f   Thumb Code     0  libinit2.o(.ARM.Collect$$libinit$$00000004)
    __rt_lib_init_return                     0x0800018f   Thumb Code     0  libinit2.o(.ARM.Collect$$libinit$$00000035)
    __rt_lib_init_signal_1                   0x0800018f   Thumb Code     0  libinit2.o(.ARM.Collect$$libinit$$0000001F)
    __rt_lib_init_stdio_1                    0x0800018f   Thumb Code     0  libinit2.o(.ARM.Collect$$libinit$$00000027)
    __rt_lib_init_user_alloc_1               0x0800018f   Thumb Code     0  libinit2.o(.ARM.Collect$$libinit$$0000000E)
    __rt_lib_shutdown                        0x08000191   Thumb Code     0  libshutdown.o(.ARM.Collect$$libshutdown$$00000000)
    __rt_lib_shutdown_cpp_1                  0x08000193   Thumb Code     0  libshutdown2.o(.ARM.Collect$$libshutdown$$00000002)
    __rt_lib_shutdown_fp_trap_1              0x08000193   Thumb Code     0  libshutdown2.o(.ARM.Collect$$libshutdown$$00000007)
    __rt_lib_shutdown_heap_1                 0x08000193   Thumb Code     0  libshutdown2.o(.ARM.Collect$$libshutdown$$0000000F)
    __rt_lib_shutdown_return                 0x08000193   Thumb Code     0  libshutdown2.o(.ARM.Collect$$libshutdown$$00000010)
    __rt_lib_shutdown_signal_1               0x08000193   Thumb Code     0  libshutdown2.o(.ARM.Collect$$libshutdown$$0000000A)
    __rt_lib_shutdown_stdio_1                0x08000193   Thumb Code     0  libshutdown2.o(.ARM.Collect$$libshutdown$$00000004)
    __rt_lib_shutdown_user_alloc_1           0x08000193   Thumb Code     0  libshutdown2.o(.ARM.Collect$$libshutdown$$0000000C)
    __rt_entry                               0x08000195   Thumb Code     0  __rtentry.o(.ARM.Collect$$rtentry$$00000000)
    __rt_entry_presh_1                       0x08000195   Thumb Code     0  __rtentry2.o(.ARM.Collect$$rtentry$$00000002)
    __rt_entry_sh                            0x08000195   Thumb Code     0  __rtentry4.o(.ARM.Collect$$rtentry$$00000004)
    __rt_entry_li                            0x0800019b   Thumb Code     0  __rtentry2.o(.ARM.Collect$$rtentry$$0000000A)
    __rt_entry_postsh_1                      0x0800019b   Thumb Code     0  __rtentry2.o(.ARM.Collect$$rtentry$$00000009)
    __rt_entry_main                          0x0800019f   Thumb Code     0  __rtentry2.o(.ARM.Collect$$rtentry$$0000000D)
    __rt_entry_postli_1                      0x0800019f   Thumb Code     0  __rtentry2.o(.ARM.Collect$$rtentry$$0000000C)
    __rt_exit                                0x080001a7   Thumb Code     0  rtexit.o(.ARM.Collect$$rtexit$$00000000)
    __rt_exit_ls                             0x080001a9   Thumb Code     0  rtexit2.o(.ARM.Collect$$rtexit$$00000003)
    __rt_exit_prels_1                        0x080001a9   Thumb Code     0  rtexit2.o(.ARM.Collect$$rtexit$$00000002)
    __rt_exit_exit                           0x080001ad   Thumb Code     0  rtexit2.o(.ARM.Collect$$rtexit$$00000004)
    Reset_Handler                            0x080001b5   Thumb Code     8  startup_stm32f103xb.o(.text)
    ADC1_2_IRQHandler                        0x080001cf   Thumb Code     0  startup_stm32f103xb.o(.text)
    CAN1_RX1_IRQHandler                      0x080001cf   Thumb Code     0  startup_stm32f103xb.o(.text)
    CAN1_SCE_IRQHandler                      0x080001cf   Thumb Code     0  startup_stm32f103xb.o(.text)
    DMA1_Channel1_IRQHandler                 0x080001cf   Thumb Code     0  startup_stm32f103xb.o(.text)
    DMA1_Channel2_IRQHandler                 0x080001cf   Thumb Code     0  startup_stm32f103xb.o(.text)
    DMA1_Channel3_IRQHandler                 0x080001cf   Thumb Code     0  startup_stm32f103xb.o(.text)
    DMA1_Channel4_IRQHandler                 0x080001cf   Thumb Code     0  startup_stm32f103xb.o(.text)
    DMA1_Channel5_IRQHandler                 0x080001cf   Thumb Code     0  startup_stm32f103xb.o(.text)
    DMA1_Channel6_IRQHandler                 0x080001cf   Thumb Code     0  startup_stm32f103xb.o(.text)
    DMA1_Channel7_IRQHandler                 0x080001cf   Thumb Code     0  startup_stm32f103xb.o(.text)
    EXTI0_IRQHandler                         0x080001cf   Thumb Code     0  startup_stm32f103xb.o(.text)
    EXTI15_10_IRQHandler                     0x080001cf   Thumb Code     0  startup_stm32f103xb.o(.text)
    EXTI1_IRQHandler                         0x080001cf   Thumb Code     0  startup_stm32f103xb.o(.text)
    EXTI2_IRQHandler                         0x080001cf   Thumb Code     0  startup_stm32f103xb.o(.text)
    EXTI3_IRQHandler                         0x080001cf   Thumb Code     0  startup_stm32f103xb.o(.text)
    EXTI4_IRQHandler                         0x080001cf   Thumb Code     0  startup_stm32f103xb.o(.text)
    EXTI9_5_IRQHandler                       0x080001cf   Thumb Code     0  startup_stm32f103xb.o(.text)
    FLASH_IRQHandler                         0x080001cf   Thumb Code     0  startup_stm32f103xb.o(.text)
    I2C1_ER_IRQHandler                       0x080001cf   Thumb Code     0  startup_stm32f103xb.o(.text)
    I2C1_EV_IRQHandler                       0x080001cf   Thumb Code     0  startup_stm32f103xb.o(.text)
    I2C2_ER_IRQHandler                       0x080001cf   Thumb Code     0  startup_stm32f103xb.o(.text)
    I2C2_EV_IRQHandler                       0x080001cf   Thumb Code     0  startup_stm32f103xb.o(.text)
    PVD_IRQHandler                           0x080001cf   Thumb Code     0  startup_stm32f103xb.o(.text)
    RCC_IRQHandler                           0x080001cf   Thumb Code     0  startup_stm32f103xb.o(.text)
    RTC_Alarm_IRQHandler                     0x080001cf   Thumb Code     0  startup_stm32f103xb.o(.text)
    RTC_IRQHandler                           0x080001cf   Thumb Code     0  startup_stm32f103xb.o(.text)
    SPI1_IRQHandler                          0x080001cf   Thumb Code     0  startup_stm32f103xb.o(.text)
    SPI2_IRQHandler                          0x080001cf   Thumb Code     0  startup_stm32f103xb.o(.text)
    TAMPER_IRQHandler                        0x080001cf   Thumb Code     0  startup_stm32f103xb.o(.text)
    TIM1_BRK_IRQHandler                      0x080001cf   Thumb Code     0  startup_stm32f103xb.o(.text)
    TIM1_CC_IRQHandler                       0x080001cf   Thumb Code     0  startup_stm32f103xb.o(.text)
    TIM1_TRG_COM_IRQHandler                  0x080001cf   Thumb Code     0  startup_stm32f103xb.o(.text)
    TIM1_UP_IRQHandler                       0x080001cf   Thumb Code     0  startup_stm32f103xb.o(.text)
    TIM2_IRQHandler                          0x080001cf   Thumb Code     0  startup_stm32f103xb.o(.text)
    TIM3_IRQHandler                          0x080001cf   Thumb Code     0  startup_stm32f103xb.o(.text)
    TIM4_IRQHandler                          0x080001cf   Thumb Code     0  startup_stm32f103xb.o(.text)
    USART1_IRQHandler                        0x080001cf   Thumb Code     0  startup_stm32f103xb.o(.text)
    USART2_IRQHandler                        0x080001cf   Thumb Code     0  startup_stm32f103xb.o(.text)
    USART3_IRQHandler                        0x080001cf   Thumb Code     0  startup_stm32f103xb.o(.text)
    USBWakeUp_IRQHandler                     0x080001cf   Thumb Code     0  startup_stm32f103xb.o(.text)
    USB_HP_CAN1_TX_IRQHandler                0x080001cf   Thumb Code     0  startup_stm32f103xb.o(.text)
    USB_LP_CAN1_RX0_IRQHandler               0x080001cf   Thumb Code     0  startup_stm32f103xb.o(.text)
    WWDG_IRQHandler                          0x080001cf   Thumb Code     0  startup_stm32f103xb.o(.text)
    __user_initial_stackheap                 0x080001d1   Thumb Code     0  startup_stm32f103xb.o(.text)
    __aeabi_memclr4                          0x080001f5   Thumb Code     0  rt_memclr_w.o(.text)
    __aeabi_memclr8                          0x080001f5   Thumb Code     0  rt_memclr_w.o(.text)
    __rt_memclr_w                            0x080001f5   Thumb Code     0  rt_memclr_w.o(.text)
    _memset_w                                0x080001f9   Thumb Code    74  rt_memclr_w.o(.text)
    __use_two_region_memory                  0x08000243   Thumb Code     2  heapauxi.o(.text)
    __rt_heap_escrow$2region                 0x08000245   Thumb Code     2  heapauxi.o(.text)
    __rt_heap_expand$2region                 0x08000247   Thumb Code     2  heapauxi.o(.text)
    __user_setup_stackheap                   0x08000249   Thumb Code    74  sys_stackheap_outer.o(.text)
    exit                                     0x08000293   Thumb Code    18  exit.o(.text)
    __user_libspace                          0x080002a5   Thumb Code     8  libspace.o(.text)
    __user_perproc_libspace                  0x080002a5   Thumb Code     0  libspace.o(.text)
    __user_perthread_libspace                0x080002a5   Thumb Code     0  libspace.o(.text)
    _sys_exit                                0x080002ad   Thumb Code     8  sys_exit.o(.text)
    __I$use$semihosting                      0x080002b9   Thumb Code     0  use_no_semi.o(.text)
    __use_no_semihosting_swi                 0x080002b9   Thumb Code     2  use_no_semi.o(.text)
    __semihosting_library_function           0x080002bb   Thumb Code     0  indicate_semi.o(.text)
    BusFault_Handler                         0x080002bd   Thumb Code     4  stm32f1xx_it.o(.text.BusFault_Handler)
    DebugMon_Handler                         0x080002c1   Thumb Code     2  stm32f1xx_it.o(.text.DebugMon_Handler)
    Error_Handler                            0x080002c5   Thumb Code    14  main.o(.text.Error_Handler)
    FMSTR_AddressFromBuffer                  0x080002e5   Thumb Code    22  freemaster_utils.o(.text.FMSTR_AddressFromBuffer)
    FMSTR_AddressToBuffer                    0x080002fd   Thumb Code    22  freemaster_utils.o(.text.FMSTR_AddressToBuffer)
    FMSTR_CalcAddrDelta                      0x08000345   Thumb Code    20  freemaster_utils.o(.text.FMSTR_CalcAddrDelta)
    FMSTR_CopyFromBuffer                     0x08000359   Thumb Code    40  freemaster_utils.o(.text.FMSTR_CopyFromBuffer)
    FMSTR_CopyFromBufferWithMask             0x08000381   Thumb Code    48  freemaster_utils.o(.text.FMSTR_CopyFromBufferWithMask)
    FMSTR_CopyToBuffer                       0x080003b1   Thumb Code    34  freemaster_utils.o(.text.FMSTR_CopyToBuffer)
    FMSTR_Crc8AddByte                        0x080003d5   Thumb Code    82  freemaster_utils.o(.text.FMSTR_Crc8AddByte)
    FMSTR_Crc8Init                           0x08000429   Thumb Code    14  freemaster_utils.o(.text.FMSTR_Crc8Init)
    FMSTR_GetAlignmentCorrection             0x08000481   Thumb Code    52  freemaster_utils.o(.text.FMSTR_GetAlignmentCorrection)
    FMSTR_GetAppCmdRespData                  0x080004b5   Thumb Code   186  freemaster_appcmd.o(.text.FMSTR_GetAppCmdRespData)
    FMSTR_GetAppCmdStatus                    0x08000571   Thumb Code   140  freemaster_appcmd.o(.text.FMSTR_GetAppCmdStatus)
    FMSTR_GetPipe                            0x080005fd   Thumb Code   316  freemaster_pipes.o(.text.FMSTR_GetPipe)
    FMSTR_GetRecCmd                          0x08000739   Thumb Code   598  freemaster_rec.o(.text.FMSTR_GetRecCmd)
    FMSTR_IndexFromBuffer                    0x08000991   Thumb Code    22  freemaster_utils.o(.text.FMSTR_IndexFromBuffer)
    FMSTR_Init                               0x080009a9   Thumb Code   186  freemaster_protocol.o(.text.FMSTR_Init)
    FMSTR_InitAppCmds                        0x08000a65   Thumb Code    84  freemaster_appcmd.o(.text.FMSTR_InitAppCmds)
    FMSTR_InitPipes                          0x08000ab9   Thumb Code    52  freemaster_pipes.o(.text.FMSTR_InitPipes)
    FMSTR_InitRec                            0x08000aed   Thumb Code    76  freemaster_rec.o(.text.FMSTR_InitRec)
    FMSTR_InitScope                          0x08000b39   Thumb Code    22  freemaster_scope.o(.text.FMSTR_InitScope)
    FMSTR_MemCpyFrom                         0x08000c59   Thumb Code   154  freemaster_utils.o(.text.FMSTR_MemCpyFrom)
    FMSTR_MemCpySrcAligned_16                0x08000cf5   Thumb Code    36  freemaster_utils.o(.text.FMSTR_MemCpySrcAligned_16)
    FMSTR_MemCpySrcAligned_32                0x08000d19   Thumb Code    36  freemaster_utils.o(.text.FMSTR_MemCpySrcAligned_32)
    FMSTR_MemCpySrcAligned_64                0x08000d3d   Thumb Code    36  freemaster_utils.o(.text.FMSTR_MemCpySrcAligned_64)
    FMSTR_MemCpySrcAligned_8                 0x08000d61   Thumb Code    36  freemaster_utils.o(.text.FMSTR_MemCpySrcAligned_8)
    FMSTR_MemCpyTo                           0x08000d85   Thumb Code   160  freemaster_utils.o(.text.FMSTR_MemCpyTo)
    FMSTR_MemCpyToMasked                     0x08000e25   Thumb Code   236  freemaster_utils.o(.text.FMSTR_MemCpyToMasked)
    FMSTR_PipeFrame                          0x08000f11   Thumb Code   480  freemaster_pipes.o(.text.FMSTR_PipeFrame)
    FMSTR_Poll                               0x080010f1   Thumb Code    16  freemaster_protocol.o(.text.FMSTR_Poll)
    FMSTR_ProcessSerial                      0x08001101   Thumb Code   218  freemaster_serial.o(.text.FMSTR_ProcessSerial)
    FMSTR_ProtocolDecoder                    0x080011dd   Thumb Code   396  freemaster_protocol.o(.text.FMSTR_ProtocolDecoder)
    FMSTR_ReadScope                          0x08001369   Thumb Code   216  freemaster_scope.o(.text.FMSTR_ReadScope)
    FMSTR_RecorderCreate                     0x08001441   Thumb Code   224  freemaster_rec.o(.text.FMSTR_RecorderCreate)
    FMSTR_SendResponse                       0x08001521   Thumb Code    62  freemaster_protocol.o(.text.FMSTR_SendResponse)
    FMSTR_SetRecCmd                          0x08001561   Thumb Code   326  freemaster_rec.o(.text.FMSTR_SetRecCmd)
    FMSTR_SetScope                           0x080016a9   Thumb Code   302  freemaster_scope.o(.text.FMSTR_SetScope)
    FMSTR_SizeFromBuffer                     0x080017d9   Thumb Code    22  freemaster_utils.o(.text.FMSTR_SizeFromBuffer)
    FMSTR_SizeToBuffer                       0x080017f1   Thumb Code    22  freemaster_utils.o(.text.FMSTR_SizeToBuffer)
    FMSTR_SlebDecode                         0x08001809   Thumb Code    26  freemaster_utils.o(.text.FMSTR_SlebDecode)
    FMSTR_StoreAppCmd                        0x08001825   Thumb Code   204  freemaster_appcmd.o(.text.FMSTR_StoreAppCmd)
    FMSTR_StringCopyToBuffer                 0x080018f1   Thumb Code    54  freemaster_utils.o(.text.FMSTR_StringCopyToBuffer)
    FMSTR_StringFromBuffer                   0x08001929   Thumb Code    96  freemaster_utils.o(.text.FMSTR_StringFromBuffer)
    FMSTR_ULebToBuffer                       0x08001989   Thumb Code    22  freemaster_utils.o(.text.FMSTR_ULebToBuffer)
    FMSTR_UlebDecode                         0x080019a1   Thumb Code    26  freemaster_utils.o(.text.FMSTR_UlebDecode)
    FMSTR_UlebEncode                         0x080019bd   Thumb Code   308  freemaster_utils.o(.text.FMSTR_UlebEncode)
    Fm_Uart_Flush                            0x08001b01   Thumb Code    28  freemaster_uart_user.o(.text.Fm_Uart_Flush)
    Fm_Uart_GetChar                          0x08001b1d   Thumb Code    34  freemaster_uart_user.o(.text.Fm_Uart_GetChar)
    Fm_Uart_IsReceiveRegFull                 0x08001b45   Thumb Code    18  freemaster_uart_user.o(.text.Fm_Uart_IsReceiveRegFull)
    Fm_Uart_IsTransmitRegEmpty               0x08001b59   Thumb Code    18  freemaster_uart_user.o(.text.Fm_Uart_IsTransmitRegEmpty)
    Fm_Uart_IsTransmitterActive              0x08001b6d   Thumb Code    24  freemaster_uart_user.o(.text.Fm_Uart_IsTransmitterActive)
    Fm_Uart_PutChar                          0x08001b85   Thumb Code    34  freemaster_uart_user.o(.text.Fm_Uart_PutChar)
    HAL_GPIO_Init                            0x08001ba9   Thumb Code   798  stm32f1xx_hal_gpio.o(.text.HAL_GPIO_Init)
    HAL_GPIO_WritePin                        0x08001ec9   Thumb Code    46  stm32f1xx_hal_gpio.o(.text.HAL_GPIO_WritePin)
    HAL_GetTick                              0x08001ef9   Thumb Code    12  stm32f1xx_hal.o(.text.HAL_GetTick)
    HAL_IncTick                              0x08001f05   Thumb Code    26  stm32f1xx_hal.o(.text.HAL_IncTick)
    HAL_Init                                 0x08001f21   Thumb Code    38  stm32f1xx_hal.o(.text.HAL_Init)
    HAL_InitTick                             0x08001f49   Thumb Code   112  stm32f1xx_hal.o(.text.HAL_InitTick)
    HAL_MspInit                              0x08001fb9   Thumb Code   100  stm32f1xx_hal_msp.o(.text.HAL_MspInit)
    HAL_NVIC_SetPriority                     0x0800201d   Thumb Code    50  stm32f1xx_hal_cortex.o(.text.HAL_NVIC_SetPriority)
    HAL_NVIC_SetPriorityGrouping             0x08002051   Thumb Code    16  stm32f1xx_hal_cortex.o(.text.HAL_NVIC_SetPriorityGrouping)
    HAL_RCC_ClockConfig                      0x08002061   Thumb Code   598  stm32f1xx_hal_rcc.o(.text.HAL_RCC_ClockConfig)
    HAL_RCC_GetHCLKFreq                      0x080022b9   Thumb Code    12  stm32f1xx_hal_rcc.o(.text.HAL_RCC_GetHCLKFreq)
    HAL_RCC_GetPCLK1Freq                     0x080022c5   Thumb Code    34  stm32f1xx_hal_rcc.o(.text.HAL_RCC_GetPCLK1Freq)
    HAL_RCC_GetPCLK2Freq                     0x080022e9   Thumb Code    34  stm32f1xx_hal_rcc.o(.text.HAL_RCC_GetPCLK2Freq)
    HAL_RCC_GetSysClockFreq                  0x0800230d   Thumb Code   188  stm32f1xx_hal_rcc.o(.text.HAL_RCC_GetSysClockFreq)
    HAL_RCC_OscConfig                        0x080023c9   Thumb Code  1658  stm32f1xx_hal_rcc.o(.text.HAL_RCC_OscConfig)
    HAL_SYSTICK_Config                       0x08002a45   Thumb Code    16  stm32f1xx_hal_cortex.o(.text.HAL_SYSTICK_Config)
    HAL_UART_Init                            0x08002a55   Thumb Code   158  stm32f1xx_hal_uart.o(.text.HAL_UART_Init)
    HAL_UART_MspInit                         0x08002af5   Thumb Code   182  usart.o(.text.HAL_UART_MspInit)
    HAL_UART_Receive                         0x08002bad   Thumb Code   318  stm32f1xx_hal_uart.o(.text.HAL_UART_Receive)
    HAL_UART_Transmit                        0x08002ced   Thumb Code   304  stm32f1xx_hal_uart.o(.text.HAL_UART_Transmit)
    HardFault_Handler                        0x08002e1d   Thumb Code     4  stm32f1xx_it.o(.text.HardFault_Handler)
    MX_GPIO_Init                             0x08002e21   Thumb Code   152  gpio.o(.text.MX_GPIO_Init)
    MX_USART1_UART_Init                      0x08002eb9   Thumb Code    64  usart.o(.text.MX_USART1_UART_Init)
    MemManage_Handler                        0x08002ef9   Thumb Code     4  stm32f1xx_it.o(.text.MemManage_Handler)
    NMI_Handler                              0x08002efd   Thumb Code     4  stm32f1xx_it.o(.text.NMI_Handler)
    PendSV_Handler                           0x08002f6d   Thumb Code     2  stm32f1xx_it.o(.text.PendSV_Handler)
    SVC_Handler                              0x08002fad   Thumb Code     2  stm32f1xx_it.o(.text.SVC_Handler)
    SysTick_Handler                          0x08003005   Thumb Code     8  stm32f1xx_it.o(.text.SysTick_Handler)
    SystemClock_Config                       0x0800300d   Thumb Code   108  main.o(.text.SystemClock_Config)
    SystemInit                               0x08003079   Thumb Code     2  system_stm32f1xx.o(.text.SystemInit)
    Tms_If_Init                              0x0800307d   Thumb Code     8  tms.o(.text.Tms_If_Init)
    Tms_If_Poll                              0x08003085   Thumb Code   234  tms.o(.text.Tms_If_Poll)
    UsageFault_Handler                       0x080033fd   Thumb Code     4  stm32f1xx_it.o(.text.UsageFault_Handler)
    _FMSTR_GetBoardConfig                    0x08003b29   Thumb Code   382  freemaster_protocol.o(.text._FMSTR_GetBoardConfig)
    _FMSTR_MemSet                            0x08004059   Thumb Code    44  freemaster_utils.o(.text._FMSTR_MemSet)
    _FMSTR_ReadMem                           0x0800433d   Thumb Code    80  freemaster_protocol.o(.text._FMSTR_ReadMem)
    _FMSTR_ReadMemBaseAddress                0x0800438d   Thumb Code    88  freemaster_protocol.o(.text._FMSTR_ReadMemBaseAddress)
    _FMSTR_StrCmp                            0x08004ecd   Thumb Code   172  freemaster_utils.o(.text._FMSTR_StrCmp)
    _FMSTR_StrLen                            0x08004f79   Thumb Code    56  freemaster_utils.o(.text._FMSTR_StrLen)
    _FMSTR_WriteMem                          0x08005039   Thumb Code   104  freemaster_protocol.o(.text._FMSTR_WriteMem)
    main                                     0x08005131   Thumb Code    36  main.o(.text.main)
    __fpl_dcmp_Inf                           0x08005155   Thumb Code    24  dcmpi.o(x$fpl$dcmpinf)
    __aeabi_cdcmpeq                          0x0800516d   Thumb Code     0  deqf.o(x$fpl$deqf)
    _dcmpeq                                  0x0800516d   Thumb Code   120  deqf.o(x$fpl$deqf)
    __aeabi_cdcmpge                          0x080051e5   Thumb Code     0  dgeqf.o(x$fpl$dgeqf)
    _dcmpge                                  0x080051e5   Thumb Code   120  dgeqf.o(x$fpl$dgeqf)
    __aeabi_cdcmple                          0x0800525d   Thumb Code     0  dleqf.o(x$fpl$dleqf)
    _dcmple                                  0x0800525d   Thumb Code   120  dleqf.o(x$fpl$dleqf)
    __fpl_dcmple_InfNaN                      0x080052bf   Thumb Code     0  dleqf.o(x$fpl$dleqf)
    __fpl_dnaninf                            0x080052d5   Thumb Code   156  dnaninf.o(x$fpl$dnaninf)
    __aeabi_dcmpeq                           0x08005371   Thumb Code     0  dcmp.o(x$fpl$fcmp)
    _deq                                     0x08005371   Thumb Code    14  dcmp.o(x$fpl$fcmp)
    _dneq                                    0x0800537f   Thumb Code    14  dcmp.o(x$fpl$fcmp)
    __aeabi_dcmpgt                           0x0800538d   Thumb Code     0  dcmp.o(x$fpl$fcmp)
    _dgr                                     0x0800538d   Thumb Code    14  dcmp.o(x$fpl$fcmp)
    __aeabi_dcmpge                           0x0800539b   Thumb Code     0  dcmp.o(x$fpl$fcmp)
    _dgeq                                    0x0800539b   Thumb Code    14  dcmp.o(x$fpl$fcmp)
    __aeabi_dcmple                           0x080053a9   Thumb Code     0  dcmp.o(x$fpl$fcmp)
    _dleq                                    0x080053a9   Thumb Code    14  dcmp.o(x$fpl$fcmp)
    __aeabi_dcmplt                           0x080053b7   Thumb Code     0  dcmp.o(x$fpl$fcmp)
    _dls                                     0x080053b7   Thumb Code    14  dcmp.o(x$fpl$fcmp)
    __aeabi_fcmpeq                           0x080053c5   Thumb Code     0  fcmp.o(x$fpl$fcmp)
    _feq                                     0x080053c5   Thumb Code    14  fcmp.o(x$fpl$fcmp)
    _fneq                                    0x080053d3   Thumb Code    14  fcmp.o(x$fpl$fcmp)
    __aeabi_fcmpgt                           0x080053e1   Thumb Code     0  fcmp.o(x$fpl$fcmp)
    _fgr                                     0x080053e1   Thumb Code    14  fcmp.o(x$fpl$fcmp)
    __aeabi_fcmpge                           0x080053ef   Thumb Code     0  fcmp.o(x$fpl$fcmp)
    _fgeq                                    0x080053ef   Thumb Code    14  fcmp.o(x$fpl$fcmp)
    __aeabi_fcmple                           0x080053fd   Thumb Code     0  fcmp.o(x$fpl$fcmp)
    _fleq                                    0x080053fd   Thumb Code    14  fcmp.o(x$fpl$fcmp)
    __aeabi_fcmplt                           0x0800540b   Thumb Code     0  fcmp.o(x$fpl$fcmp)
    _fls                                     0x0800540b   Thumb Code    14  fcmp.o(x$fpl$fcmp)
    __fpl_fcmp_Inf                           0x08005419   Thumb Code    24  fcmpi.o(x$fpl$fcmpinf)
    __aeabi_cfcmpeq                          0x08005431   Thumb Code     0  feqf.o(x$fpl$feqf)
    _fcmpeq                                  0x08005431   Thumb Code   104  feqf.o(x$fpl$feqf)
    _fcmpge                                  0x08005499   Thumb Code   104  fgeqf.o(x$fpl$fgeqf)
    __aeabi_cfcmple                          0x08005501   Thumb Code     0  fleqf.o(x$fpl$fleqf)
    _fcmple                                  0x08005501   Thumb Code   104  fleqf.o(x$fpl$fleqf)
    __fpl_fcmple_InfNaN                      0x08005553   Thumb Code     0  fleqf.o(x$fpl$fleqf)
    __fpl_fnaninf                            0x08005569   Thumb Code   140  fnaninf.o(x$fpl$fnaninf)
    AHBPrescTable                            0x080055f4   Data          16  system_stm32f1xx.o(.rodata.AHBPrescTable)
    __I$use$fp                               0x080055f4   Number         0  usenofp.o(x$fpl$usenofp)
    APBPrescTable                            0x08005604   Data           8  system_stm32f1xx.o(.rodata.APBPrescTable)
    FMSTR_SERIAL                             0x0800560c   Data          12  freemaster_serial.o(.rodata.FMSTR_SERIAL)
    FmUartDrv                                0x08005618   Data          52  freemaster_uart_user.o(.rodata.FmUartDrv)
    Region$$Table$$Base                      0x080056f4   Number         0  anon$$obj.o(Region$$Table)
    Region$$Table$$Limit                     0x08005714   Number         0  anon$$obj.o(Region$$Table)
    SystemCoreClock                          0x20000000   Data           4  system_stm32f1xx.o(.data.SystemCoreClock)
    uwTickFreq                               0x20000004   Data           1  stm32f1xx_hal.o(.data.uwTickFreq)
    uwTickPrio                               0x20000008   Data           4  stm32f1xx_hal.o(.data.uwTickPrio)
    __libspace_start                         0x20000010   Data          96  libspace.o(.bss)
    __temporary_stack_top$libspace           0x20000070   Data           0  libspace.o(.bss)
    huart1                                   0x200005fc   Data          72  usart.o(.bss.huart1)
    uwTick                                   0x200006b0   Data           4  stm32f1xx_hal.o(.bss.uwTick)



==============================================================================

Memory Map of the image

  Image Entry point : 0x080000ed

  Load Region LR_IROM1 (Base: 0x08000000, Size: 0x00005728, Max: 0x00010000, ABSOLUTE)

    Execution Region ER_IROM1 (Exec base: 0x08000000, Load base: 0x08000000, Size: 0x00005714, Max: 0x00010000, ABSOLUTE)

    Exec Addr    Load Addr    Size         Type   Attr      Idx    E Section Name        Object

    0x08000000   0x08000000   0x000000ec   Data   RO            3    RESET               startup_stm32f103xb.o
    0x080000ec   0x080000ec   0x00000008   Code   RO         1153  * !!!main             c_w.l(__main.o)
    0x080000f4   0x080000f4   0x0000005c   Code   RO         1343    !!!scatter          c_w.l(__scatter.o)
    0x08000150   0x08000150   0x0000001a   Code   RO         1347    !!handler_copy      c_w.l(__scatter_copy.o)
    0x0800016a   0x0800016a   0x00000002   PAD
    0x0800016c   0x0800016c   0x00000002   Code   RO         1344    !!handler_null      c_w.l(__scatter.o)
    0x0800016e   0x0800016e   0x00000002   PAD
    0x08000170   0x08000170   0x0000001c   Code   RO         1349    !!handler_zi        c_w.l(__scatter_zi.o)
    0x0800018c   0x0800018c   0x00000002   Code   RO         1205    .ARM.Collect$$libinit$$00000000  c_w.l(libinit.o)
    0x0800018e   0x0800018e   0x00000000   Code   RO         1212    .ARM.Collect$$libinit$$00000002  c_w.l(libinit2.o)
    0x0800018e   0x0800018e   0x00000000   Code   RO         1214    .ARM.Collect$$libinit$$00000004  c_w.l(libinit2.o)
    0x0800018e   0x0800018e   0x00000000   Code   RO         1216    .ARM.Collect$$libinit$$00000006  c_w.l(libinit2.o)
    0x0800018e   0x0800018e   0x00000000   Code   RO         1219    .ARM.Collect$$libinit$$0000000C  c_w.l(libinit2.o)
    0x0800018e   0x0800018e   0x00000000   Code   RO         1221    .ARM.Collect$$libinit$$0000000E  c_w.l(libinit2.o)
    0x0800018e   0x0800018e   0x00000000   Code   RO         1223    .ARM.Collect$$libinit$$00000010  c_w.l(libinit2.o)
    0x0800018e   0x0800018e   0x00000000   Code   RO         1226    .ARM.Collect$$libinit$$00000013  c_w.l(libinit2.o)
    0x0800018e   0x0800018e   0x00000000   Code   RO         1228    .ARM.Collect$$libinit$$00000015  c_w.l(libinit2.o)
    0x0800018e   0x0800018e   0x00000000   Code   RO         1230    .ARM.Collect$$libinit$$00000017  c_w.l(libinit2.o)
    0x0800018e   0x0800018e   0x00000000   Code   RO         1232    .ARM.Collect$$libinit$$00000019  c_w.l(libinit2.o)
    0x0800018e   0x0800018e   0x00000000   Code   RO         1234    .ARM.Collect$$libinit$$0000001B  c_w.l(libinit2.o)
    0x0800018e   0x0800018e   0x00000000   Code   RO         1236    .ARM.Collect$$libinit$$0000001D  c_w.l(libinit2.o)
    0x0800018e   0x0800018e   0x00000000   Code   RO         1238    .ARM.Collect$$libinit$$0000001F  c_w.l(libinit2.o)
    0x0800018e   0x0800018e   0x00000000   Code   RO         1240    .ARM.Collect$$libinit$$00000021  c_w.l(libinit2.o)
    0x0800018e   0x0800018e   0x00000000   Code   RO         1242    .ARM.Collect$$libinit$$00000023  c_w.l(libinit2.o)
    0x0800018e   0x0800018e   0x00000000   Code   RO         1244    .ARM.Collect$$libinit$$00000025  c_w.l(libinit2.o)
    0x0800018e   0x0800018e   0x00000000   Code   RO         1246    .ARM.Collect$$libinit$$00000027  c_w.l(libinit2.o)
    0x0800018e   0x0800018e   0x00000000   Code   RO         1250    .ARM.Collect$$libinit$$0000002E  c_w.l(libinit2.o)
    0x0800018e   0x0800018e   0x00000000   Code   RO         1252    .ARM.Collect$$libinit$$00000030  c_w.l(libinit2.o)
    0x0800018e   0x0800018e   0x00000000   Code   RO         1254    .ARM.Collect$$libinit$$00000032  c_w.l(libinit2.o)
    0x0800018e   0x0800018e   0x00000000   Code   RO         1256    .ARM.Collect$$libinit$$00000034  c_w.l(libinit2.o)
    0x0800018e   0x0800018e   0x00000002   Code   RO         1257    .ARM.Collect$$libinit$$00000035  c_w.l(libinit2.o)
    0x08000190   0x08000190   0x00000002   Code   RO         1279    .ARM.Collect$$libshutdown$$00000000  c_w.l(libshutdown.o)
    0x08000192   0x08000192   0x00000000   Code   RO         1294    .ARM.Collect$$libshutdown$$00000002  c_w.l(libshutdown2.o)
    0x08000192   0x08000192   0x00000000   Code   RO         1296    .ARM.Collect$$libshutdown$$00000004  c_w.l(libshutdown2.o)
    0x08000192   0x08000192   0x00000000   Code   RO         1299    .ARM.Collect$$libshutdown$$00000007  c_w.l(libshutdown2.o)
    0x08000192   0x08000192   0x00000000   Code   RO         1302    .ARM.Collect$$libshutdown$$0000000A  c_w.l(libshutdown2.o)
    0x08000192   0x08000192   0x00000000   Code   RO         1304    .ARM.Collect$$libshutdown$$0000000C  c_w.l(libshutdown2.o)
    0x08000192   0x08000192   0x00000000   Code   RO         1307    .ARM.Collect$$libshutdown$$0000000F  c_w.l(libshutdown2.o)
    0x08000192   0x08000192   0x00000002   Code   RO         1308    .ARM.Collect$$libshutdown$$00000010  c_w.l(libshutdown2.o)
    0x08000194   0x08000194   0x00000000   Code   RO         1159    .ARM.Collect$$rtentry$$00000000  c_w.l(__rtentry.o)
    0x08000194   0x08000194   0x00000000   Code   RO         1174    .ARM.Collect$$rtentry$$00000002  c_w.l(__rtentry2.o)
    0x08000194   0x08000194   0x00000006   Code   RO         1186    .ARM.Collect$$rtentry$$00000004  c_w.l(__rtentry4.o)
    0x0800019a   0x0800019a   0x00000000   Code   RO         1176    .ARM.Collect$$rtentry$$00000009  c_w.l(__rtentry2.o)
    0x0800019a   0x0800019a   0x00000004   Code   RO         1177    .ARM.Collect$$rtentry$$0000000A  c_w.l(__rtentry2.o)
    0x0800019e   0x0800019e   0x00000000   Code   RO         1179    .ARM.Collect$$rtentry$$0000000C  c_w.l(__rtentry2.o)
    0x0800019e   0x0800019e   0x00000008   Code   RO         1180    .ARM.Collect$$rtentry$$0000000D  c_w.l(__rtentry2.o)
    0x080001a6   0x080001a6   0x00000002   Code   RO         1209    .ARM.Collect$$rtexit$$00000000  c_w.l(rtexit.o)
    0x080001a8   0x080001a8   0x00000000   Code   RO         1259    .ARM.Collect$$rtexit$$00000002  c_w.l(rtexit2.o)
    0x080001a8   0x080001a8   0x00000004   Code   RO         1260    .ARM.Collect$$rtexit$$00000003  c_w.l(rtexit2.o)
    0x080001ac   0x080001ac   0x00000006   Code   RO         1261    .ARM.Collect$$rtexit$$00000004  c_w.l(rtexit2.o)
    0x080001b2   0x080001b2   0x00000002   PAD
    0x080001b4   0x080001b4   0x00000040   Code   RO            4    .text               startup_stm32f103xb.o
    0x080001f4   0x080001f4   0x0000004e   Code   RO         1149    .text               c_w.l(rt_memclr_w.o)
    0x08000242   0x08000242   0x00000006   Code   RO         1151    .text               c_w.l(heapauxi.o)
    0x08000248   0x08000248   0x0000004a   Code   RO         1196    .text               c_w.l(sys_stackheap_outer.o)
    0x08000292   0x08000292   0x00000012   Code   RO         1198    .text               c_w.l(exit.o)
    0x080002a4   0x080002a4   0x00000008   Code   RO         1206    .text               c_w.l(libspace.o)
    0x080002ac   0x080002ac   0x0000000c   Code   RO         1269    .text               c_w.l(sys_exit.o)
    0x080002b8   0x080002b8   0x00000002   Code   RO         1284    .text               c_w.l(use_no_semi.o)
    0x080002ba   0x080002ba   0x00000000   Code   RO         1286    .text               c_w.l(indicate_semi.o)
    0x080002ba   0x080002ba   0x00000002   PAD
    0x080002bc   0x080002bc   0x00000004   Code   RO           57    .text.BusFault_Handler  stm32f1xx_it.o
    0x080002c0   0x080002c0   0x00000002   Code   RO           63    .text.DebugMon_Handler  stm32f1xx_it.o
    0x080002c2   0x080002c2   0x00000002   PAD
    0x080002c4   0x080002c4   0x0000000e   Code   RO           15    .text.Error_Handler  main.o
    0x080002d2   0x080002d2   0x00000002   PAD
    0x080002d4   0x080002d4   0x00000010   Code   RO          814    .text.FMSTR_ADDR_VALID_Func  freemaster_rec.o
    0x080002e4   0x080002e4   0x00000016   Code   RO         1030    .text.FMSTR_AddressFromBuffer  freemaster_utils.o
    0x080002fa   0x080002fa   0x00000002   PAD
    0x080002fc   0x080002fc   0x00000016   Code   RO         1026    .text.FMSTR_AddressToBuffer  freemaster_utils.o
    0x08000312   0x08000312   0x00000002   PAD
    0x08000314   0x08000314   0x0000000a   Code   RO          858    .text.FMSTR_CAST_ADDR_TO_PTR_Func  freemaster_rec.o
    0x0800031e   0x0800031e   0x00000002   PAD
    0x08000320   0x08000320   0x0000000a   Code   RO         1004    .text.FMSTR_CAST_ADDR_TO_PTR_Func  freemaster_utils.o
    0x0800032a   0x0800032a   0x00000002   PAD
    0x0800032c   0x0800032c   0x0000000a   Code   RO          808    .text.FMSTR_CAST_PTR_TO_ADDR_Func  freemaster_rec.o
    0x08000336   0x08000336   0x00000002   PAD
    0x08000338   0x08000338   0x0000000a   Code   RO         1000    .text.FMSTR_CAST_PTR_TO_ADDR_Func  freemaster_utils.o
    0x08000342   0x08000342   0x00000002   PAD
    0x08000344   0x08000344   0x00000014   Code   RO         1108    .text.FMSTR_CalcAddrDelta  freemaster_utils.o
    0x08000358   0x08000358   0x00000028   Code   RO         1022    .text.FMSTR_CopyFromBuffer  freemaster_utils.o
    0x08000380   0x08000380   0x00000030   Code   RO         1024    .text.FMSTR_CopyFromBufferWithMask  freemaster_utils.o
    0x080003b0   0x080003b0   0x00000022   Code   RO         1020    .text.FMSTR_CopyToBuffer  freemaster_utils.o
    0x080003d2   0x080003d2   0x00000002   PAD
    0x080003d4   0x080003d4   0x00000052   Code   RO         1066    .text.FMSTR_Crc8AddByte  freemaster_utils.o
    0x08000426   0x08000426   0x00000002   PAD
    0x08000428   0x08000428   0x0000000e   Code   RO         1064    .text.FMSTR_Crc8Init  freemaster_utils.o
    0x08000436   0x08000436   0x00000002   PAD
    0x08000438   0x08000438   0x00000048   Code   RO          656    .text.FMSTR_FindAppCmdCallIndex  freemaster_appcmd.o
    0x08000480   0x08000480   0x00000034   Code   RO         1050    .text.FMSTR_GetAlignmentCorrection  freemaster_utils.o
    0x080004b4   0x080004b4   0x000000ba   Code   RO          658    .text.FMSTR_GetAppCmdRespData  freemaster_appcmd.o
    0x0800056e   0x0800056e   0x00000002   PAD
    0x08000570   0x08000570   0x0000008c   Code   RO          654    .text.FMSTR_GetAppCmdStatus  freemaster_appcmd.o
    0x080005fc   0x080005fc   0x0000013c   Code   RO          739    .text.FMSTR_GetPipe  freemaster_pipes.o
    0x08000738   0x08000738   0x00000256   Code   RO          838    .text.FMSTR_GetRecCmd  freemaster_rec.o
    0x0800098e   0x0800098e   0x00000002   PAD
    0x08000990   0x08000990   0x00000016   Code   RO         1038    .text.FMSTR_IndexFromBuffer  freemaster_utils.o
    0x080009a6   0x080009a6   0x00000002   PAD
    0x080009a8   0x080009a8   0x000000ba   Code   RO          772    .text.FMSTR_Init    freemaster_protocol.o
    0x08000a62   0x08000a62   0x00000002   PAD
    0x08000a64   0x08000a64   0x00000054   Code   RO          650    .text.FMSTR_InitAppCmds  freemaster_appcmd.o
    0x08000ab8   0x08000ab8   0x00000034   Code   RO          689    .text.FMSTR_InitPipes  freemaster_pipes.o
    0x08000aec   0x08000aec   0x0000004c   Code   RO          806    .text.FMSTR_InitRec  freemaster_rec.o
    0x08000b38   0x08000b38   0x00000016   Code   RO          910    .text.FMSTR_InitScope  freemaster_scope.o
    0x08000b4e   0x08000b4e   0x00000002   PAD
    0x08000b50   0x08000b50   0x00000108   Code   RO         1052    .text.FMSTR_LebDecode  freemaster_utils.o
    0x08000c58   0x08000c58   0x0000009a   Code   RO         1002    .text.FMSTR_MemCpyFrom  freemaster_utils.o
    0x08000cf2   0x08000cf2   0x00000002   PAD
    0x08000cf4   0x08000cf4   0x00000024   Code   RO         1096    .text.FMSTR_MemCpySrcAligned_16  freemaster_utils.o
    0x08000d18   0x08000d18   0x00000024   Code   RO         1098    .text.FMSTR_MemCpySrcAligned_32  freemaster_utils.o
    0x08000d3c   0x08000d3c   0x00000024   Code   RO         1102    .text.FMSTR_MemCpySrcAligned_64  freemaster_utils.o
    0x08000d60   0x08000d60   0x00000024   Code   RO         1094    .text.FMSTR_MemCpySrcAligned_8  freemaster_utils.o
    0x08000d84   0x08000d84   0x000000a0   Code   RO          998    .text.FMSTR_MemCpyTo  freemaster_utils.o
    0x08000e24   0x08000e24   0x000000ec   Code   RO         1014    .text.FMSTR_MemCpyToMasked  freemaster_utils.o
    0x08000f10   0x08000f10   0x000001e0   Code   RO          743    .text.FMSTR_PipeFrame  freemaster_pipes.o
    0x080010f0   0x080010f0   0x00000010   Code   RO          774    .text.FMSTR_Poll    freemaster_protocol.o
    0x08001100   0x08001100   0x000000da   Code   RO          934    .text.FMSTR_ProcessSerial  freemaster_serial.o
    0x080011da   0x080011da   0x00000002   PAD
    0x080011dc   0x080011dc   0x0000018c   Code   RO          778    .text.FMSTR_ProtocolDecoder  freemaster_protocol.o
    0x08001368   0x08001368   0x000000d8   Code   RO          918    .text.FMSTR_ReadScope  freemaster_scope.o
    0x08001440   0x08001440   0x000000e0   Code   RO          810    .text.FMSTR_RecorderCreate  freemaster_rec.o
    0x08001520   0x08001520   0x0000003e   Code   RO          776    .text.FMSTR_SendResponse  freemaster_protocol.o
    0x0800155e   0x0800155e   0x00000002   PAD
    0x08001560   0x08001560   0x00000146   Code   RO          828    .text.FMSTR_SetRecCmd  freemaster_rec.o
    0x080016a6   0x080016a6   0x00000002   PAD
    0x080016a8   0x080016a8   0x0000012e   Code   RO          912    .text.FMSTR_SetScope  freemaster_scope.o
    0x080017d6   0x080017d6   0x00000002   PAD
    0x080017d8   0x080017d8   0x00000016   Code   RO         1036    .text.FMSTR_SizeFromBuffer  freemaster_utils.o
    0x080017ee   0x080017ee   0x00000002   PAD
    0x080017f0   0x080017f0   0x00000016   Code   RO         1034    .text.FMSTR_SizeToBuffer  freemaster_utils.o
    0x08001806   0x08001806   0x00000002   PAD
    0x08001808   0x08001808   0x0000001a   Code   RO         1040    .text.FMSTR_SlebDecode  freemaster_utils.o
    0x08001822   0x08001822   0x00000002   PAD
    0x08001824   0x08001824   0x000000cc   Code   RO          652    .text.FMSTR_StoreAppCmd  freemaster_appcmd.o
    0x080018f0   0x080018f0   0x00000036   Code   RO         1058    .text.FMSTR_StringCopyToBuffer  freemaster_utils.o
    0x08001926   0x08001926   0x00000002   PAD
    0x08001928   0x08001928   0x00000060   Code   RO         1056    .text.FMSTR_StringFromBuffer  freemaster_utils.o
    0x08001988   0x08001988   0x00000016   Code   RO         1042    .text.FMSTR_ULebToBuffer  freemaster_utils.o
    0x0800199e   0x0800199e   0x00000002   PAD
    0x080019a0   0x080019a0   0x0000001a   Code   RO         1032    .text.FMSTR_UlebDecode  freemaster_utils.o
    0x080019ba   0x080019ba   0x00000002   PAD
    0x080019bc   0x080019bc   0x00000134   Code   RO         1028    .text.FMSTR_UlebEncode  freemaster_utils.o
    0x08001af0   0x08001af0   0x00000008   Code   RO         1125    .text.Fm_Uart_EnableReceive  freemaster_uart_user.o
    0x08001af8   0x08001af8   0x00000008   Code   RO         1123    .text.Fm_Uart_EnableTransmit  freemaster_uart_user.o
    0x08001b00   0x08001b00   0x0000001c   Code   RO         1137    .text.Fm_Uart_Flush  freemaster_uart_user.o
    0x08001b1c   0x08001b1c   0x00000022   Code   RO         1135    .text.Fm_Uart_GetChar  freemaster_uart_user.o
    0x08001b3e   0x08001b3e   0x00000002   PAD
    0x08001b40   0x08001b40   0x00000004   Code   RO         1121    .text.Fm_Uart_Init  freemaster_uart_user.o
    0x08001b44   0x08001b44   0x00000012   Code   RO         1129    .text.Fm_Uart_IsReceiveRegFull  freemaster_uart_user.o
    0x08001b56   0x08001b56   0x00000002   PAD
    0x08001b58   0x08001b58   0x00000012   Code   RO         1127    .text.Fm_Uart_IsTransmitRegEmpty  freemaster_uart_user.o
    0x08001b6a   0x08001b6a   0x00000002   PAD
    0x08001b6c   0x08001b6c   0x00000018   Code   RO         1131    .text.Fm_Uart_IsTransmitterActive  freemaster_uart_user.o
    0x08001b84   0x08001b84   0x00000022   Code   RO         1133    .text.Fm_Uart_PutChar  freemaster_uart_user.o
    0x08001ba6   0x08001ba6   0x00000002   PAD
    0x08001ba8   0x08001ba8   0x0000031e   Code   RO          342    .text.HAL_GPIO_Init  stm32f1xx_hal_gpio.o
    0x08001ec6   0x08001ec6   0x00000002   PAD
    0x08001ec8   0x08001ec8   0x0000002e   Code   RO          348    .text.HAL_GPIO_WritePin  stm32f1xx_hal_gpio.o
    0x08001ef6   0x08001ef6   0x00000002   PAD
    0x08001ef8   0x08001ef8   0x0000000c   Code   RO          240    .text.HAL_GetTick   stm32f1xx_hal.o
    0x08001f04   0x08001f04   0x0000001a   Code   RO          238    .text.HAL_IncTick   stm32f1xx_hal.o
    0x08001f1e   0x08001f1e   0x00000002   PAD
    0x08001f20   0x08001f20   0x00000026   Code   RO          228    .text.HAL_Init      stm32f1xx_hal.o
    0x08001f46   0x08001f46   0x00000002   PAD
    0x08001f48   0x08001f48   0x00000070   Code   RO          230    .text.HAL_InitTick  stm32f1xx_hal.o
    0x08001fb8   0x08001fb8   0x00000064   Code   RO           76    .text.HAL_MspInit   stm32f1xx_hal_msp.o
    0x0800201c   0x0800201c   0x00000032   Code   RO          402    .text.HAL_NVIC_SetPriority  stm32f1xx_hal_cortex.o
    0x0800204e   0x0800204e   0x00000002   PAD
    0x08002050   0x08002050   0x00000010   Code   RO          398    .text.HAL_NVIC_SetPriorityGrouping  stm32f1xx_hal_cortex.o
    0x08002060   0x08002060   0x00000256   Code   RO          294    .text.HAL_RCC_ClockConfig  stm32f1xx_hal_rcc.o
    0x080022b6   0x080022b6   0x00000002   PAD
    0x080022b8   0x080022b8   0x0000000c   Code   RO          304    .text.HAL_RCC_GetHCLKFreq  stm32f1xx_hal_rcc.o
    0x080022c4   0x080022c4   0x00000022   Code   RO          306    .text.HAL_RCC_GetPCLK1Freq  stm32f1xx_hal_rcc.o
    0x080022e6   0x080022e6   0x00000002   PAD
    0x080022e8   0x080022e8   0x00000022   Code   RO          308    .text.HAL_RCC_GetPCLK2Freq  stm32f1xx_hal_rcc.o
    0x0800230a   0x0800230a   0x00000002   PAD
    0x0800230c   0x0800230c   0x000000bc   Code   RO          296    .text.HAL_RCC_GetSysClockFreq  stm32f1xx_hal_rcc.o
    0x080023c8   0x080023c8   0x0000067a   Code   RO          290    .text.HAL_RCC_OscConfig  stm32f1xx_hal_rcc.o
    0x08002a42   0x08002a42   0x00000002   PAD
    0x08002a44   0x08002a44   0x00000010   Code   RO          422    .text.HAL_SYSTICK_Config  stm32f1xx_hal_cortex.o
    0x08002a54   0x08002a54   0x0000009e   Code   RO           97    .text.HAL_UART_Init  stm32f1xx_hal_uart.o
    0x08002af2   0x08002af2   0x00000002   PAD
    0x08002af4   0x08002af4   0x000000b6   Code   RO           35    .text.HAL_UART_MspInit  usart.o
    0x08002baa   0x08002baa   0x00000002   PAD
    0x08002bac   0x08002bac   0x0000013e   Code   RO          117    .text.HAL_UART_Receive  stm32f1xx_hal_uart.o
    0x08002cea   0x08002cea   0x00000002   PAD
    0x08002cec   0x08002cec   0x00000130   Code   RO          113    .text.HAL_UART_Transmit  stm32f1xx_hal_uart.o
    0x08002e1c   0x08002e1c   0x00000004   Code   RO           53    .text.HardFault_Handler  stm32f1xx_it.o
    0x08002e20   0x08002e20   0x00000098   Code   RO           25    .text.MX_GPIO_Init  gpio.o
    0x08002eb8   0x08002eb8   0x00000040   Code   RO           33    .text.MX_USART1_UART_Init  usart.o
    0x08002ef8   0x08002ef8   0x00000004   Code   RO           55    .text.MemManage_Handler  stm32f1xx_it.o
    0x08002efc   0x08002efc   0x00000004   Code   RO           51    .text.NMI_Handler   stm32f1xx_it.o
    0x08002f00   0x08002f00   0x0000006c   Code   RO          408    .text.NVIC_EncodePriority  stm32f1xx_hal_cortex.o
    0x08002f6c   0x08002f6c   0x00000002   Code   RO           65    .text.PendSV_Handler  stm32f1xx_it.o
    0x08002f6e   0x08002f6e   0x00000002   PAD
    0x08002f70   0x08002f70   0x0000003a   Code   RO          292    .text.RCC_Delay     stm32f1xx_hal_rcc.o
    0x08002faa   0x08002faa   0x00000002   PAD
    0x08002fac   0x08002fac   0x00000002   Code   RO           61    .text.SVC_Handler   stm32f1xx_it.o
    0x08002fae   0x08002fae   0x00000002   PAD
    0x08002fb0   0x08002fb0   0x00000052   Code   RO          424    .text.SysTick_Config  stm32f1xx_hal_cortex.o
    0x08003002   0x08003002   0x00000002   PAD
    0x08003004   0x08003004   0x00000008   Code   RO           67    .text.SysTick_Handler  stm32f1xx_it.o
    0x0800300c   0x0800300c   0x0000006c   Code   RO           13    .text.SystemClock_Config  main.o
    0x08003078   0x08003078   0x00000002   Code   RO          606    .text.SystemInit    system_stm32f1xx.o
    0x0800307a   0x0800307a   0x00000002   PAD
    0x0800307c   0x0800307c   0x00000008   Code   RO          621    .text.Tms_If_Init   tms.o
    0x08003084   0x08003084   0x000000ea   Code   RO          625    .text.Tms_If_Poll   tms.o
    0x0800316e   0x0800316e   0x00000002   PAD
    0x08003170   0x08003170   0x00000002   Code   RO          637    .text.Tms_Task_1000ms  tms.o
    0x08003172   0x08003172   0x00000002   PAD
    0x08003174   0x08003174   0x00000002   Code   RO          633    .text.Tms_Task_100ms  tms.o
    0x08003176   0x08003176   0x00000002   PAD
    0x08003178   0x08003178   0x00000002   Code   RO          629    .text.Tms_Task_10ms  tms.o
    0x0800317a   0x0800317a   0x00000002   PAD
    0x0800317c   0x0800317c   0x00000002   Code   RO          627    .text.Tms_Task_1ms  tms.o
    0x0800317e   0x0800317e   0x00000002   PAD
    0x08003180   0x08003180   0x00000002   Code   RO          635    .text.Tms_Task_500ms  tms.o
    0x08003182   0x08003182   0x00000002   PAD
    0x08003184   0x08003184   0x0000003a   Code   RO          631    .text.Tms_Task_50ms  tms.o
    0x080031be   0x080031be   0x00000002   PAD
    0x080031c0   0x080031c0   0x00000008   Code   RO          639    .text.Tms_Task_Idle  tms.o
    0x080031c8   0x080031c8   0x00000008   Code   RO          623    .text.Tms_Task_Init  tms.o
    0x080031d0   0x080031d0   0x00000094   Code   RO          145    .text.UART_EndRxTransfer  stm32f1xx_hal_uart.o
    0x08003264   0x08003264   0x000000ba   Code   RO          101    .text.UART_SetConfig  stm32f1xx_hal_uart.o
    0x0800331e   0x0800331e   0x00000002   PAD
    0x08003320   0x08003320   0x000000da   Code   RO          115    .text.UART_WaitOnFlagUntilTimeout  stm32f1xx_hal_uart.o
    0x080033fa   0x080033fa   0x00000002   PAD
    0x080033fc   0x080033fc   0x00000004   Code   RO           59    .text.UsageFault_Handler  stm32f1xx_it.o
    0x08003400   0x08003400   0x00000048   Code   RO          836    .text._FMSTR_AbortRec  freemaster_rec.o
    0x08003448   0x08003448   0x0000005a   Code   RO          842    .text._FMSTR_CalcRecStatus  freemaster_rec.o
    0x080034a2   0x080034a2   0x00000002   PAD
    0x080034a4   0x080034a4   0x00000196   Code   RO          840    .text._FMSTR_CheckConfiguration  freemaster_rec.o
    0x0800363a   0x0800363a   0x00000002   PAD
    0x0800363c   0x0800363c   0x00000040   Code   RO         1086    .text._FMSTR_Compare  freemaster_utils.o
    0x0800367c   0x0800367c   0x00000028   Code   RO          868    .text._FMSTR_Compare16S  freemaster_rec.o
    0x080036a4   0x080036a4   0x00000028   Code   RO          870    .text._FMSTR_Compare16U  freemaster_rec.o
    0x080036cc   0x080036cc   0x00000028   Code   RO          872    .text._FMSTR_Compare32S  freemaster_rec.o
    0x080036f4   0x080036f4   0x00000028   Code   RO          874    .text._FMSTR_Compare32U  freemaster_rec.o
    0x0800371c   0x0800371c   0x00000034   Code   RO          876    .text._FMSTR_Compare64S  freemaster_rec.o
    0x08003750   0x08003750   0x00000034   Code   RO          878    .text._FMSTR_Compare64U  freemaster_rec.o
    0x08003784   0x08003784   0x00000028   Code   RO          864    .text._FMSTR_Compare8S  freemaster_rec.o
    0x080037ac   0x080037ac   0x00000028   Code   RO          866    .text._FMSTR_Compare8U  freemaster_rec.o
    0x080037d4   0x080037d4   0x00000030   Code   RO          862    .text._FMSTR_CompareDouble  freemaster_rec.o
    0x08003804   0x08003804   0x0000002a   Code   RO          860    .text._FMSTR_CompareFloat  freemaster_rec.o
    0x0800382e   0x0800382e   0x00000002   PAD
    0x08003830   0x08003830   0x00000038   Code   RO         1010    .text._FMSTR_CopyDstAligned_U16  freemaster_utils.o
    0x08003868   0x08003868   0x00000054   Code   RO         1110    .text._FMSTR_CopyDstAligned_U32  freemaster_utils.o
    0x080038bc   0x080038bc   0x00000046   Code   RO         1016    .text._FMSTR_CopyMaskedDstAligned_U16  freemaster_utils.o
    0x08003902   0x08003902   0x00000002   PAD
    0x08003904   0x08003904   0x00000038   Code   RO         1112    .text._FMSTR_CopyMaskedDstAligned_U32  freemaster_utils.o
    0x0800393c   0x0800393c   0x00000038   Code   RO         1006    .text._FMSTR_CopySrcAligned_U16  freemaster_utils.o
    0x08003974   0x08003974   0x00000054   Code   RO         1100    .text._FMSTR_CopySrcAligned_U32  freemaster_utils.o
    0x080039c8   0x080039c8   0x00000098   Code   RO         1104    .text._FMSTR_CopySrcAligned_U64  freemaster_utils.o
    0x08003a60   0x08003a60   0x00000050   Code   RO          741    .text._FMSTR_FindPipe  freemaster_pipes.o
    0x08003ab0   0x08003ab0   0x00000076   Code   RO          780    .text._FMSTR_FindSession  freemaster_protocol.o
    0x08003b26   0x08003b26   0x00000002   PAD
    0x08003b28   0x08003b28   0x0000017e   Code   RO          782    .text._FMSTR_GetBoardConfig  freemaster_protocol.o
    0x08003ca6   0x08003ca6   0x00000002   PAD
    0x08003ca8   0x08003ca8   0x00000012   Code   RO          882    .text._FMSTR_GetDouble  freemaster_rec.o
    0x08003cba   0x08003cba   0x00000002   PAD
    0x08003cbc   0x08003cbc   0x00000010   Code   RO          880    .text._FMSTR_GetFloat  freemaster_rec.o
    0x08003ccc   0x08003ccc   0x00000032   Code   RO          812    .text._FMSTR_GetRecorderBufferByRecIx  freemaster_rec.o
    0x08003cfe   0x08003cfe   0x00000002   PAD
    0x08003d00   0x08003d00   0x00000038   Code   RO          820    .text._FMSTR_GetRecorderByRecIx  freemaster_rec.o
    0x08003d38   0x08003d38   0x00000012   Code   RO          888    .text._FMSTR_GetS16  freemaster_rec.o
    0x08003d4a   0x08003d4a   0x00000002   PAD
    0x08003d4c   0x08003d4c   0x00000010   Code   RO          892    .text._FMSTR_GetS32  freemaster_rec.o
    0x08003d5c   0x08003d5c   0x00000012   Code   RO          896    .text._FMSTR_GetS64  freemaster_rec.o
    0x08003d6e   0x08003d6e   0x00000002   PAD
    0x08003d70   0x08003d70   0x00000012   Code   RO          884    .text._FMSTR_GetS8  freemaster_rec.o
    0x08003d82   0x08003d82   0x00000002   PAD
    0x08003d84   0x08003d84   0x00000010   Code   RO          890    .text._FMSTR_GetU16  freemaster_rec.o
    0x08003d94   0x08003d94   0x00000010   Code   RO          894    .text._FMSTR_GetU32  freemaster_rec.o
    0x08003da4   0x08003da4   0x00000012   Code   RO          898    .text._FMSTR_GetU64  freemaster_rec.o
    0x08003db6   0x08003db6   0x00000002   PAD
    0x08003db8   0x08003db8   0x00000010   Code   RO          886    .text._FMSTR_GetU8  freemaster_rec.o
    0x08003dc8   0x08003dc8   0x00000042   Code   RO          938    .text._FMSTR_Listen  freemaster_serial.o
    0x08003e0a   0x08003e0a   0x00000002   PAD
    0x08003e0c   0x08003e0c   0x000000aa   Code   RO         1012    .text._FMSTR_MemCpyDstAligned  freemaster_utils.o
    0x08003eb6   0x08003eb6   0x00000002   PAD
    0x08003eb8   0x08003eb8   0x000000f4   Code   RO         1018    .text._FMSTR_MemCpyMaskedDstAligned  freemaster_utils.o
    0x08003fac   0x08003fac   0x000000aa   Code   RO         1008    .text._FMSTR_MemCpySrcAligned  freemaster_utils.o
    0x08004056   0x08004056   0x00000002   PAD
    0x08004058   0x08004058   0x0000002c   Code   RO         1074    .text._FMSTR_MemSet  freemaster_utils.o
    0x08004084   0x08004084   0x00000092   Code   RO          745    .text._FMSTR_PipeDiscardBytes  freemaster_pipes.o
    0x08004116   0x08004116   0x00000002   PAD
    0x08004118   0x08004118   0x0000004c   Code   RO          697    .text._FMSTR_PipeGetBytesFree  freemaster_pipes.o
    0x08004164   0x08004164   0x0000004e   Code   RO          733    .text._FMSTR_PipeGetBytesReady  freemaster_pipes.o
    0x080041b2   0x080041b2   0x00000002   PAD
    0x080041b4   0x080041b4   0x000000cc   Code   RO          747    .text._FMSTR_PipeReceive  freemaster_pipes.o
    0x08004280   0x08004280   0x000000ba   Code   RO          749    .text._FMSTR_PipeTransmit  freemaster_pipes.o
    0x0800433a   0x0800433a   0x00000002   PAD
    0x0800433c   0x0800433c   0x00000050   Code   RO          784    .text._FMSTR_ReadMem  freemaster_protocol.o
    0x0800438c   0x0800438c   0x00000058   Code   RO          786    .text._FMSTR_ReadMemBaseAddress  freemaster_protocol.o
    0x080043e4   0x080043e4   0x000000ce   Code   RO          822    .text._FMSTR_RecMemCfg  freemaster_rec.o
    0x080044b2   0x080044b2   0x00000002   PAD
    0x080044b4   0x080044b4   0x000001d0   Code   RO          826    .text._FMSTR_RecVarCfg  freemaster_rec.o
    0x08004684   0x08004684   0x0000020e   Code   RO          940    .text._FMSTR_Rx     freemaster_serial.o
    0x08004892   0x08004892   0x00000002   PAD
    0x08004894   0x08004894   0x00000022   Code   RO          942    .text._FMSTR_SendError  freemaster_serial.o
    0x080048b6   0x080048b6   0x00000002   PAD
    0x080048b8   0x080048b8   0x00000132   Code   RO          928    .text._FMSTR_SerialInit  freemaster_serial.o
    0x080049ea   0x080049ea   0x00000002   PAD
    0x080049ec   0x080049ec   0x00000024   Code   RO          930    .text._FMSTR_SerialPoll  freemaster_serial.o
    0x08004a10   0x08004a10   0x0000015e   Code   RO          932    .text._FMSTR_SerialSendResponse  freemaster_serial.o
    0x08004b6e   0x08004b6e   0x00000002   PAD
    0x08004b70   0x08004b70   0x00000088   Code   RO          830    .text._FMSTR_SetRecCmd_CFGMEM  freemaster_rec.o
    0x08004bf8   0x08004bf8   0x00000146   Code   RO          832    .text._FMSTR_SetRecCmd_CFGVAR  freemaster_rec.o
    0x08004d3e   0x08004d3e   0x00000002   PAD
    0x08004d40   0x08004d40   0x00000046   Code   RO          914    .text._FMSTR_SetScope_CFGMEM  freemaster_scope.o
    0x08004d86   0x08004d86   0x00000002   PAD
    0x08004d88   0x08004d88   0x000000c2   Code   RO          916    .text._FMSTR_SetScope_CFGVAR  freemaster_scope.o
    0x08004e4a   0x08004e4a   0x00000002   PAD
    0x08004e4c   0x08004e4c   0x00000080   Code   RO          834    .text._FMSTR_StartRec  freemaster_rec.o
    0x08004ecc   0x08004ecc   0x000000ac   Code   RO         1084    .text._FMSTR_StrCmp  freemaster_utils.o
    0x08004f78   0x08004f78   0x00000038   Code   RO         1090    .text._FMSTR_StrLen  freemaster_utils.o
    0x08004fb0   0x08004fb0   0x00000088   Code   RO          936    .text._FMSTR_Tx     freemaster_serial.o
    0x08005038   0x08005038   0x00000068   Code   RO          788    .text._FMSTR_WriteMem  freemaster_protocol.o
    0x080050a0   0x080050a0   0x00000010   Code   RO          404    .text.__NVIC_GetPriorityGrouping  stm32f1xx_hal_cortex.o
    0x080050b0   0x080050b0   0x00000042   Code   RO          406    .text.__NVIC_SetPriority  stm32f1xx_hal_cortex.o
    0x080050f2   0x080050f2   0x00000002   PAD
    0x080050f4   0x080050f4   0x0000003c   Code   RO          400    .text.__NVIC_SetPriorityGrouping  stm32f1xx_hal_cortex.o
    0x08005130   0x08005130   0x00000024   Code   RO           11    .text.main          main.o
    0x08005154   0x08005154   0x00000018   Code   RO         1188    x$fpl$dcmpinf       fz_ws.l(dcmpi.o)
    0x0800516c   0x0800516c   0x00000078   Code   RO         1160    x$fpl$deqf          fz_ws.l(deqf.o)
    0x080051e4   0x080051e4   0x00000078   Code   RO         1162    x$fpl$dgeqf         fz_ws.l(dgeqf.o)
    0x0800525c   0x0800525c   0x00000078   Code   RO         1164    x$fpl$dleqf         fz_ws.l(dleqf.o)
    0x080052d4   0x080052d4   0x0000009c   Code   RO         1190    x$fpl$dnaninf       fz_ws.l(dnaninf.o)
    0x08005370   0x08005370   0x00000054   Code   RO         1155    x$fpl$fcmp          fz_ws.l(dcmp.o)
    0x080053c4   0x080053c4   0x00000054   Code   RO         1157    x$fpl$fcmp          fz_ws.l(fcmp.o)
    0x08005418   0x08005418   0x00000018   Code   RO         1192    x$fpl$fcmpinf       fz_ws.l(fcmpi.o)
    0x08005430   0x08005430   0x00000068   Code   RO         1166    x$fpl$feqf          fz_ws.l(feqf.o)
    0x08005498   0x08005498   0x00000068   Code   RO         1168    x$fpl$fgeqf         fz_ws.l(fgeqf.o)
    0x08005500   0x08005500   0x00000068   Code   RO         1170    x$fpl$fleqf         fz_ws.l(fleqf.o)
    0x08005568   0x08005568   0x0000008c   Code   RO         1194    x$fpl$fnaninf       fz_ws.l(fnaninf.o)
    0x080055f4   0x080055f4   0x00000000   Code   RO         1172    x$fpl$usenofp       fz_ws.l(usenofp.o)
    0x080055f4   0x080055f4   0x00000010   Data   RO          611    .rodata.AHBPrescTable  system_stm32f1xx.o
    0x08005604   0x08005604   0x00000008   Data   RO          612    .rodata.APBPrescTable  system_stm32f1xx.o
    0x0800560c   0x0800560c   0x0000000c   Data   RO          944    .rodata.FMSTR_SERIAL  freemaster_serial.o
    0x08005618   0x08005618   0x00000034   Data   RO         1139    .rodata.FmUartDrv   freemaster_uart_user.o
    0x0800564c   0x0800564c   0x00000010   Data   RO          318    .rodata.HAL_RCC_GetSysClockFreq.aPLLMULFactorTable  stm32f1xx_hal_rcc.o
    0x0800565c   0x0800565c   0x00000002   Data   RO          319    .rodata.HAL_RCC_GetSysClockFreq.aPredivFactorTable  stm32f1xx_hal_rcc.o
    0x0800565e   0x0800565e   0x00000002   PAD
    0x08005660   0x08005660   0x0000002c   Data   RO          797    .rodata._FMSTR_GetBoardConfig.fmstr_cfgParamNames  freemaster_protocol.o
    0x0800568c   0x0800568c   0x0000004e   Data   RO          798    .rodata.str1.1      freemaster_protocol.o
    0x080056da   0x080056da   0x00000011   Data   RO          902    .rodata.str1.1      freemaster_rec.o
    0x080056eb   0x080056eb   0x00000007   Data   RO          952    .rodata.str1.1      freemaster_serial.o
    0x080056f2   0x080056f2   0x00000002   PAD
    0x080056f4   0x080056f4   0x00000020   Data   RO         1342    Region$$Table       anon$$obj.o


    Execution Region RW_IRAM1 (Exec base: 0x20000000, Load base: 0x08005718, Size: 0x00000cb8, Max: 0x00005000, ABSOLUTE)

    Exec Addr    Load Addr    Size         Type   Attr      Idx    E Section Name        Object

    0x20000000   0x08005718   0x00000004   Data   RW          610    .data.SystemCoreClock  system_stm32f1xx.o
    0x20000004   0x0800571c   0x00000001   Data   RW          279    .data.uwTickFreq    stm32f1xx_hal.o
    0x20000005   0x0800571d   0x00000003   PAD
    0x20000008   0x08005720   0x00000004   Data   RW          278    .data.uwTickPrio    stm32f1xx_hal.o
    0x2000000c   0x08005724   0x00000004   PAD
    0x20000010        -       0x00000060   Zero   RW         1207    .bss                c_w.l(libspace.o)
    0x20000070        -       0x00000004   Zero   RW          641    .bss.Tms_If_Poll.LastTick  tms.o
    0x20000074        -       0x00000001   Zero   RW          642    .bss.Tms_Task_50ms.LedState  tms.o
    0x20000075   0x08005724   0x00000003   PAD
    0x20000078        -       0x00000004   Zero   RW          945    .bss._fmstr_wFlags  freemaster_serial.o
    0x2000007c        -       0x00000001   Zero   RW          674    .bss.fmstr_appCmd   freemaster_appcmd.o
    0x2000007d        -       0x00000020   Zero   RW          677    .bss.fmstr_appCmdBuff  freemaster_appcmd.o
    0x2000009d   0x08005724   0x00000003   PAD
    0x200000a0        -       0x00000010   Zero   RW          673    .bss.fmstr_appCmdCallFunc  freemaster_appcmd.o
    0x200000b0        -       0x00000004   Zero   RW          672    .bss.fmstr_appCmdCallId  freemaster_appcmd.o
    0x200000b4        -       0x00000004   Zero   RW          676    .bss.fmstr_appCmdLen  freemaster_appcmd.o
    0x200000b8        -       0x00000001   Zero   RW          675    .bss.fmstr_appCmdResult  freemaster_appcmd.o
    0x200000b9        -       0x00000001   Zero   RW          678    .bss.fmstr_appCmdResultDataLen  freemaster_appcmd.o
    0x200000ba        -       0x00000001   Zero   RW          950    .bss.fmstr_nRxCrc8  freemaster_serial.o
    0x200000bb        -       0x00000001   Zero   RW          946    .bss.fmstr_nRxTodo  freemaster_serial.o
    0x200000bc        -       0x00000001   Zero   RW          949    .bss.fmstr_nTxTodo  freemaster_serial.o
    0x200000bd        -       0x000000f7   Zero   RW          947    .bss.fmstr_pCommBuffer  freemaster_serial.o
    0x200001b4        -       0x00000400   Zero   RW          901    .bss.fmstr_pOwnRecBuffer  freemaster_rec.o
    0x200005b4        -       0x00000004   Zero   RW          951    .bss.fmstr_pRxBuff  freemaster_serial.o
    0x200005b8        -       0x00000004   Zero   RW          948    .bss.fmstr_pTxBuff  freemaster_serial.o
    0x200005bc        -       0x00000010   Zero   RW          900    .bss.fmstr_recBuffs  freemaster_rec.o
    0x200005cc        -       0x0000002c   Zero   RW          920    .bss.fmstr_scopeCfg  freemaster_scope.o
    0x200005f8        -       0x00000004   Zero   RW          796    .bss.fmstr_sessions  freemaster_protocol.o
    0x200005fc        -       0x00000048   Zero   RW           43    .bss.huart1         usart.o
    0x20000644        -       0x0000006c   Zero   RW          763    .bss.pcm_pipes      freemaster_pipes.o
    0x200006b0        -       0x00000004   Zero   RW          280    .bss.uwTick         stm32f1xx_hal.o
    0x200006b4   0x08005724   0x00000004   PAD
    0x200006b8        -       0x00000200   Zero   RW            2    HEAP                startup_stm32f103xb.o
    0x200008b8        -       0x00000400   Zero   RW            1    STACK               startup_stm32f103xb.o


==============================================================================

Image component sizes


      Code (inc. data)   RO Data    RW Data    ZI Data      Debug   Object Name

       686          0          0          0         59       4104   freemaster_appcmd.o
      1618          0          0          0        108      16070   freemaster_pipes.o
      1432         32        122          0          4       5036   freemaster_protocol.o
      3798         20         17          0       1040      14093   freemaster_rec.o
       804          0          0          0         44       2766   freemaster_scope.o
      1672          0         19          0        262       3801   freemaster_serial.o
       176          0         52          0          0       2386   freemaster_uart_user.o
      3388          0          0          0          0      14755   freemaster_utils.o
       152          0          0          0          0       1524   gpio.o
       158          0          0          0          0       1663   main.o
        64         26        236          0       1536        796   startup_stm32f103xb.o
       188          0          0          5          4       5578   stm32f1xx_hal.o
       414          0          0          0          0       7564   stm32f1xx_hal_cortex.o
       844          0          0          0          0       4242   stm32f1xx_hal_gpio.o
       100          0          0          0          0       1216   stm32f1xx_hal_msp.o
      2582          0         18          0          0       7443   stm32f1xx_hal_rcc.o
      1332          0          0          0          0      20069   stm32f1xx_hal_uart.o
        34          0          0          0          0       1011   stm32f1xx_it.o
         2          0         24          4          0       1585   system_stm32f1xx.o
       326          0          0          0          5       2041   tms.o
       246          0          0          0         72       4624   usart.o

    ----------------------------------------------------------------------
     20184         78        524         12       3148     122367   Object Totals
         0          0         32          0          0          0   (incl. Generated)
       168          0          4          3         14          0   (incl. Padding)

    ----------------------------------------------------------------------

      Code (inc. data)   RO Data    RW Data    ZI Data      Debug   Library Member Name

         8          0          0          0          0         68   __main.o
         0          0          0          0          0          0   __rtentry.o
        12          0          0          0          0          0   __rtentry2.o
         6          0          0          0          0          0   __rtentry4.o
        94          8          0          0          0          0   __scatter.o
        26          0          0          0          0          0   __scatter_copy.o
        28          0          0          0          0          0   __scatter_zi.o
        18          0          0          0          0         80   exit.o
         6          0          0          0          0        152   heapauxi.o
         0          0          0          0          0          0   indicate_semi.o
         2          0          0          0          0          0   libinit.o
         2          0          0          0          0          0   libinit2.o
         2          0          0          0          0          0   libshutdown.o
         2          0          0          0          0          0   libshutdown2.o
         8          4          0          0         96         68   libspace.o
        78          0          0          0          0         80   rt_memclr_w.o
         2          0          0          0          0          0   rtexit.o
        10          0          0          0          0          0   rtexit2.o
        12          4          0          0          0         68   sys_exit.o
        74          0          0          0          0         80   sys_stackheap_outer.o
         2          0          0          0          0         68   use_no_semi.o
        84          0          0          0          0        196   dcmp.o
        24          0          0          0          0         68   dcmpi.o
       120          4          0          0          0         92   deqf.o
       120          4          0          0          0         92   dgeqf.o
       120          4          0          0          0         92   dleqf.o
       156          4          0          0          0         92   dnaninf.o
        84          0          0          0          0        196   fcmp.o
        24          0          0          0          0         68   fcmpi.o
       104          4          0          0          0         84   feqf.o
       104          4          0          0          0         84   fgeqf.o
       104          4          0          0          0         84   fleqf.o
       140          4          0          0          0         84   fnaninf.o
         0          0          0          0          0          0   usenofp.o

    ----------------------------------------------------------------------
      1584         48          0          0         96       1896   Library Totals
         8          0          0          0          0          0   (incl. Padding)

    ----------------------------------------------------------------------

      Code (inc. data)   RO Data    RW Data    ZI Data      Debug   Library Name

       392         16          0          0         96        664   c_w.l
      1184         32          0          0          0       1232   fz_ws.l

    ----------------------------------------------------------------------
      1584         48          0          0         96       1896   Library Totals

    ----------------------------------------------------------------------

==============================================================================


      Code (inc. data)   RO Data    RW Data    ZI Data      Debug   

     21768        126        524         12       3244     123167   Grand Totals
     21768        126        524         12       3244     123167   ELF Image Totals
     21768        126        524         12          0          0   ROM Totals

==============================================================================

    Total RO  Size (Code + RO Data)                22292 (  21.77kB)
    Total RW  Size (RW Data + ZI Data)              3256 (   3.18kB)
    Total ROM Size (Code + RO Data + RW Data)      22304 (  21.78kB)

==============================================================================

