<!doctype html public "-//w3c//dtd html 4.0 transitional//en">
<html><head>
<title>Static Call Graph - [FocControl\FocControl.axf]</title></head>
<body><HR>
<H1>Static Call Graph for image FocControl\FocControl.axf</H1><HR>
<BR><P>#&#060CALLGRAPH&#062# ARM Linker, 6210000: Last Updated: Mon Apr  6 20:51:20 2026
<BR><P>
<H3>Maximum Stack Usage =        344 bytes + Unknown(Functions without stacksize, Cycles, Untraceable Function Pointers)</H3><H3>
Call chain for Maximum Stack Depth:</H3>
_FMSTR_SerialPoll &rArr; FMSTR_ProcessSerial &rArr; _FMSTR_Rx &rArr; FMSTR_ProtocolDecoder &rArr; FMSTR_GetRecCmd &rArr; FMSTR_CopyToBuffer &rArr; FMSTR_MemCpyFrom &rArr; _FMSTR_MemCpySrcAligned &rArr; _FMSTR_CopySrcAligned_U32
<P>
<H3>
Functions with no stack information
</H3><UL>
 <LI><a href="#[61]">__user_initial_stackheap</a>
</UL>
</UL>
<P>
<H3>
Mutually Recursive functions
</H3> <LI><a href="#[1c]">ADC1_2_IRQHandler</a>&nbsp;&nbsp;&nbsp;&rArr;&nbsp;&nbsp;&nbsp;<a href="#[1c]">ADC1_2_IRQHandler</a><BR>
</UL>
<P>
<H3>
Function Pointers
</H3><UL>
 <LI><a href="#[1c]">ADC1_2_IRQHandler</a> from startup_stm32f103xb.o(.text) referenced from startup_stm32f103xb.o(RESET)
 <LI><a href="#[4]">BusFault_Handler</a> from stm32f1xx_it.o(.text.BusFault_Handler) referenced from startup_stm32f103xb.o(RESET)
 <LI><a href="#[1f]">CAN1_RX1_IRQHandler</a> from startup_stm32f103xb.o(.text) referenced from startup_stm32f103xb.o(RESET)
 <LI><a href="#[20]">CAN1_SCE_IRQHandler</a> from startup_stm32f103xb.o(.text) referenced from startup_stm32f103xb.o(RESET)
 <LI><a href="#[15]">DMA1_Channel1_IRQHandler</a> from startup_stm32f103xb.o(.text) referenced from startup_stm32f103xb.o(RESET)
 <LI><a href="#[16]">DMA1_Channel2_IRQHandler</a> from startup_stm32f103xb.o(.text) referenced from startup_stm32f103xb.o(RESET)
 <LI><a href="#[17]">DMA1_Channel3_IRQHandler</a> from startup_stm32f103xb.o(.text) referenced from startup_stm32f103xb.o(RESET)
 <LI><a href="#[18]">DMA1_Channel4_IRQHandler</a> from startup_stm32f103xb.o(.text) referenced from startup_stm32f103xb.o(RESET)
 <LI><a href="#[19]">DMA1_Channel5_IRQHandler</a> from startup_stm32f103xb.o(.text) referenced from startup_stm32f103xb.o(RESET)
 <LI><a href="#[1a]">DMA1_Channel6_IRQHandler</a> from startup_stm32f103xb.o(.text) referenced from startup_stm32f103xb.o(RESET)
 <LI><a href="#[1b]">DMA1_Channel7_IRQHandler</a> from startup_stm32f103xb.o(.text) referenced from startup_stm32f103xb.o(RESET)
 <LI><a href="#[7]">DebugMon_Handler</a> from stm32f1xx_it.o(.text.DebugMon_Handler) referenced from startup_stm32f103xb.o(RESET)
 <LI><a href="#[10]">EXTI0_IRQHandler</a> from startup_stm32f103xb.o(.text) referenced from startup_stm32f103xb.o(RESET)
 <LI><a href="#[32]">EXTI15_10_IRQHandler</a> from startup_stm32f103xb.o(.text) referenced from startup_stm32f103xb.o(RESET)
 <LI><a href="#[11]">EXTI1_IRQHandler</a> from startup_stm32f103xb.o(.text) referenced from startup_stm32f103xb.o(RESET)
 <LI><a href="#[12]">EXTI2_IRQHandler</a> from startup_stm32f103xb.o(.text) referenced from startup_stm32f103xb.o(RESET)
 <LI><a href="#[13]">EXTI3_IRQHandler</a> from startup_stm32f103xb.o(.text) referenced from startup_stm32f103xb.o(RESET)
 <LI><a href="#[14]">EXTI4_IRQHandler</a> from startup_stm32f103xb.o(.text) referenced from startup_stm32f103xb.o(RESET)
 <LI><a href="#[21]">EXTI9_5_IRQHandler</a> from startup_stm32f103xb.o(.text) referenced from startup_stm32f103xb.o(RESET)
 <LI><a href="#[e]">FLASH_IRQHandler</a> from startup_stm32f103xb.o(.text) referenced from startup_stm32f103xb.o(RESET)
 <LI><a href="#[38]">FMSTR_MemCpySrcAligned_16</a> from freemaster_utils.o(.text.FMSTR_MemCpySrcAligned_16) referenced 2 times from freemaster_rec.o(.text._FMSTR_RecVarCfg)
 <LI><a href="#[39]">FMSTR_MemCpySrcAligned_32</a> from freemaster_utils.o(.text.FMSTR_MemCpySrcAligned_32) referenced 2 times from freemaster_rec.o(.text._FMSTR_RecVarCfg)
 <LI><a href="#[3a]">FMSTR_MemCpySrcAligned_64</a> from freemaster_utils.o(.text.FMSTR_MemCpySrcAligned_64) referenced 2 times from freemaster_rec.o(.text._FMSTR_RecVarCfg)
 <LI><a href="#[37]">FMSTR_MemCpySrcAligned_8</a> from freemaster_utils.o(.text.FMSTR_MemCpySrcAligned_8) referenced 2 times from freemaster_rec.o(.text._FMSTR_RecVarCfg)
 <LI><a href="#[4a]">Fm_Uart_EnableReceive</a> from freemaster_uart_user.o(.text.Fm_Uart_EnableReceive) referenced from freemaster_uart_user.o(.rodata.FmUartDrv)
 <LI><a href="#[49]">Fm_Uart_EnableTransmit</a> from freemaster_uart_user.o(.text.Fm_Uart_EnableTransmit) referenced from freemaster_uart_user.o(.rodata.FmUartDrv)
 <LI><a href="#[50]">Fm_Uart_Flush</a> from freemaster_uart_user.o(.text.Fm_Uart_Flush) referenced from freemaster_uart_user.o(.rodata.FmUartDrv)
 <LI><a href="#[4f]">Fm_Uart_GetChar</a> from freemaster_uart_user.o(.text.Fm_Uart_GetChar) referenced from freemaster_uart_user.o(.rodata.FmUartDrv)
 <LI><a href="#[48]">Fm_Uart_Init</a> from freemaster_uart_user.o(.text.Fm_Uart_Init) referenced from freemaster_uart_user.o(.rodata.FmUartDrv)
 <LI><a href="#[4c]">Fm_Uart_IsReceiveRegFull</a> from freemaster_uart_user.o(.text.Fm_Uart_IsReceiveRegFull) referenced from freemaster_uart_user.o(.rodata.FmUartDrv)
 <LI><a href="#[4b]">Fm_Uart_IsTransmitRegEmpty</a> from freemaster_uart_user.o(.text.Fm_Uart_IsTransmitRegEmpty) referenced from freemaster_uart_user.o(.rodata.FmUartDrv)
 <LI><a href="#[4d]">Fm_Uart_IsTransmitterActive</a> from freemaster_uart_user.o(.text.Fm_Uart_IsTransmitterActive) referenced from freemaster_uart_user.o(.rodata.FmUartDrv)
 <LI><a href="#[4e]">Fm_Uart_PutChar</a> from freemaster_uart_user.o(.text.Fm_Uart_PutChar) referenced from freemaster_uart_user.o(.rodata.FmUartDrv)
 <LI><a href="#[2]">HardFault_Handler</a> from stm32f1xx_it.o(.text.HardFault_Handler) referenced from startup_stm32f103xb.o(RESET)
 <LI><a href="#[2a]">I2C1_ER_IRQHandler</a> from startup_stm32f103xb.o(.text) referenced from startup_stm32f103xb.o(RESET)
 <LI><a href="#[29]">I2C1_EV_IRQHandler</a> from startup_stm32f103xb.o(.text) referenced from startup_stm32f103xb.o(RESET)
 <LI><a href="#[2c]">I2C2_ER_IRQHandler</a> from startup_stm32f103xb.o(.text) referenced from startup_stm32f103xb.o(RESET)
 <LI><a href="#[2b]">I2C2_EV_IRQHandler</a> from startup_stm32f103xb.o(.text) referenced from startup_stm32f103xb.o(RESET)
 <LI><a href="#[3]">MemManage_Handler</a> from stm32f1xx_it.o(.text.MemManage_Handler) referenced from startup_stm32f103xb.o(RESET)
 <LI><a href="#[1]">NMI_Handler</a> from stm32f1xx_it.o(.text.NMI_Handler) referenced from startup_stm32f103xb.o(RESET)
 <LI><a href="#[b]">PVD_IRQHandler</a> from startup_stm32f103xb.o(.text) referenced from startup_stm32f103xb.o(RESET)
 <LI><a href="#[8]">PendSV_Handler</a> from stm32f1xx_it.o(.text.PendSV_Handler) referenced from startup_stm32f103xb.o(RESET)
 <LI><a href="#[f]">RCC_IRQHandler</a> from startup_stm32f103xb.o(.text) referenced from startup_stm32f103xb.o(RESET)
 <LI><a href="#[33]">RTC_Alarm_IRQHandler</a> from startup_stm32f103xb.o(.text) referenced from startup_stm32f103xb.o(RESET)
 <LI><a href="#[d]">RTC_IRQHandler</a> from startup_stm32f103xb.o(.text) referenced from startup_stm32f103xb.o(RESET)
 <LI><a href="#[0]">Reset_Handler</a> from startup_stm32f103xb.o(.text) referenced from startup_stm32f103xb.o(RESET)
 <LI><a href="#[2d]">SPI1_IRQHandler</a> from startup_stm32f103xb.o(.text) referenced from startup_stm32f103xb.o(RESET)
 <LI><a href="#[2e]">SPI2_IRQHandler</a> from startup_stm32f103xb.o(.text) referenced from startup_stm32f103xb.o(RESET)
 <LI><a href="#[6]">SVC_Handler</a> from stm32f1xx_it.o(.text.SVC_Handler) referenced from startup_stm32f103xb.o(RESET)
 <LI><a href="#[9]">SysTick_Handler</a> from stm32f1xx_it.o(.text.SysTick_Handler) referenced from startup_stm32f103xb.o(RESET)
 <LI><a href="#[35]">SystemInit</a> from system_stm32f1xx.o(.text.SystemInit) referenced from startup_stm32f103xb.o(.text)
 <LI><a href="#[c]">TAMPER_IRQHandler</a> from startup_stm32f103xb.o(.text) referenced from startup_stm32f103xb.o(RESET)
 <LI><a href="#[22]">TIM1_BRK_IRQHandler</a> from startup_stm32f103xb.o(.text) referenced from startup_stm32f103xb.o(RESET)
 <LI><a href="#[25]">TIM1_CC_IRQHandler</a> from startup_stm32f103xb.o(.text) referenced from startup_stm32f103xb.o(RESET)
 <LI><a href="#[24]">TIM1_TRG_COM_IRQHandler</a> from startup_stm32f103xb.o(.text) referenced from startup_stm32f103xb.o(RESET)
 <LI><a href="#[23]">TIM1_UP_IRQHandler</a> from startup_stm32f103xb.o(.text) referenced from startup_stm32f103xb.o(RESET)
 <LI><a href="#[26]">TIM2_IRQHandler</a> from startup_stm32f103xb.o(.text) referenced from startup_stm32f103xb.o(RESET)
 <LI><a href="#[27]">TIM3_IRQHandler</a> from startup_stm32f103xb.o(.text) referenced from startup_stm32f103xb.o(RESET)
 <LI><a href="#[28]">TIM4_IRQHandler</a> from startup_stm32f103xb.o(.text) referenced from startup_stm32f103xb.o(RESET)
 <LI><a href="#[2f]">USART1_IRQHandler</a> from startup_stm32f103xb.o(.text) referenced from startup_stm32f103xb.o(RESET)
 <LI><a href="#[30]">USART2_IRQHandler</a> from startup_stm32f103xb.o(.text) referenced from startup_stm32f103xb.o(RESET)
 <LI><a href="#[31]">USART3_IRQHandler</a> from startup_stm32f103xb.o(.text) referenced from startup_stm32f103xb.o(RESET)
 <LI><a href="#[34]">USBWakeUp_IRQHandler</a> from startup_stm32f103xb.o(.text) referenced from startup_stm32f103xb.o(RESET)
 <LI><a href="#[1d]">USB_HP_CAN1_TX_IRQHandler</a> from startup_stm32f103xb.o(.text) referenced from startup_stm32f103xb.o(RESET)
 <LI><a href="#[1e]">USB_LP_CAN1_RX0_IRQHandler</a> from startup_stm32f103xb.o(.text) referenced from startup_stm32f103xb.o(RESET)
 <LI><a href="#[5]">UsageFault_Handler</a> from stm32f1xx_it.o(.text.UsageFault_Handler) referenced from startup_stm32f103xb.o(RESET)
 <LI><a href="#[a]">WWDG_IRQHandler</a> from startup_stm32f103xb.o(.text) referenced from startup_stm32f103xb.o(RESET)
 <LI><a href="#[3f]">_FMSTR_Compare16S</a> from freemaster_rec.o(.text._FMSTR_Compare16S) referenced 2 times from freemaster_rec.o(.text._FMSTR_RecVarCfg)
 <LI><a href="#[40]">_FMSTR_Compare16U</a> from freemaster_rec.o(.text._FMSTR_Compare16U) referenced 2 times from freemaster_rec.o(.text._FMSTR_RecVarCfg)
 <LI><a href="#[41]">_FMSTR_Compare32S</a> from freemaster_rec.o(.text._FMSTR_Compare32S) referenced 2 times from freemaster_rec.o(.text._FMSTR_RecVarCfg)
 <LI><a href="#[42]">_FMSTR_Compare32U</a> from freemaster_rec.o(.text._FMSTR_Compare32U) referenced 2 times from freemaster_rec.o(.text._FMSTR_RecVarCfg)
 <LI><a href="#[43]">_FMSTR_Compare64S</a> from freemaster_rec.o(.text._FMSTR_Compare64S) referenced 2 times from freemaster_rec.o(.text._FMSTR_RecVarCfg)
 <LI><a href="#[44]">_FMSTR_Compare64U</a> from freemaster_rec.o(.text._FMSTR_Compare64U) referenced 2 times from freemaster_rec.o(.text._FMSTR_RecVarCfg)
 <LI><a href="#[3d]">_FMSTR_Compare8S</a> from freemaster_rec.o(.text._FMSTR_Compare8S) referenced 2 times from freemaster_rec.o(.text._FMSTR_RecVarCfg)
 <LI><a href="#[3e]">_FMSTR_Compare8U</a> from freemaster_rec.o(.text._FMSTR_Compare8U) referenced 2 times from freemaster_rec.o(.text._FMSTR_RecVarCfg)
 <LI><a href="#[3c]">_FMSTR_CompareDouble</a> from freemaster_rec.o(.text._FMSTR_CompareDouble) referenced 2 times from freemaster_rec.o(.text._FMSTR_RecVarCfg)
 <LI><a href="#[3b]">_FMSTR_CompareFloat</a> from freemaster_rec.o(.text._FMSTR_CompareFloat) referenced 2 times from freemaster_rec.o(.text._FMSTR_RecVarCfg)
 <LI><a href="#[45]">_FMSTR_SerialInit</a> from freemaster_serial.o(.text._FMSTR_SerialInit) referenced from freemaster_serial.o(.rodata.FMSTR_SERIAL)
 <LI><a href="#[46]">_FMSTR_SerialPoll</a> from freemaster_serial.o(.text._FMSTR_SerialPoll) referenced from freemaster_serial.o(.rodata.FMSTR_SERIAL)
 <LI><a href="#[47]">_FMSTR_SerialSendResponse</a> from freemaster_serial.o(.text._FMSTR_SerialSendResponse) referenced from freemaster_serial.o(.rodata.FMSTR_SERIAL)
 <LI><a href="#[36]">__main</a> from __main.o(!!!main) referenced from startup_stm32f103xb.o(.text)
</UL>
<P>
<H3>
Global Symbols
</H3>
<P><STRONG><a name="[36]"></a>__main</STRONG> (Thumb, 8 bytes, Stack size 0 bytes, __main.o(!!!main))
<BR><BR>[Calls]<UL><LI><a href="#[52]">&gt;&gt;</a>&nbsp;&nbsp;&nbsp;__rt_entry
<LI><a href="#[51]">&gt;&gt;</a>&nbsp;&nbsp;&nbsp;__scatterload
</UL>
<BR>[Address Reference Count : 1]<UL><LI> startup_stm32f103xb.o(.text)
</UL>
<P><STRONG><a name="[51]"></a>__scatterload</STRONG> (Thumb, 0 bytes, Stack size unknown bytes, __scatter.o(!!!scatter))
<BR><BR>[Called By]<UL><LI><a href="#[36]">&gt;&gt;</a>&nbsp;&nbsp;&nbsp;__main
</UL>

<P><STRONG><a name="[53]"></a>__scatterload_rt2</STRONG> (Thumb, 84 bytes, Stack size unknown bytes, __scatter.o(!!!scatter), UNUSED)
<BR><BR>[Calls]<UL><LI><a href="#[52]">&gt;&gt;</a>&nbsp;&nbsp;&nbsp;__rt_entry
</UL>

<P><STRONG><a name="[11b]"></a>__scatterload_rt2_thumb_only</STRONG> (Thumb, 0 bytes, Stack size unknown bytes, __scatter.o(!!!scatter), UNUSED)

<P><STRONG><a name="[11c]"></a>__scatterload_loop</STRONG> (Thumb, 0 bytes, Stack size unknown bytes, __scatter.o(!!!scatter), UNUSED)

<P><STRONG><a name="[54]"></a>__scatterload_copy</STRONG> (Thumb, 26 bytes, Stack size unknown bytes, __scatter_copy.o(!!handler_copy), UNUSED)
<BR><BR>[Calls]<UL><LI><a href="#[54]">&gt;&gt;</a>&nbsp;&nbsp;&nbsp;__scatterload_copy
</UL>
<BR>[Called By]<UL><LI><a href="#[54]">&gt;&gt;</a>&nbsp;&nbsp;&nbsp;__scatterload_copy
</UL>

<P><STRONG><a name="[11d]"></a>__scatterload_null</STRONG> (Thumb, 2 bytes, Stack size unknown bytes, __scatter.o(!!handler_null), UNUSED)

<P><STRONG><a name="[11e]"></a>__scatterload_zeroinit</STRONG> (Thumb, 28 bytes, Stack size unknown bytes, __scatter_zi.o(!!handler_zi), UNUSED)

<P><STRONG><a name="[58]"></a>__rt_lib_init</STRONG> (Thumb, 0 bytes, Stack size unknown bytes, libinit.o(.ARM.Collect$$libinit$$00000000))
<BR><BR>[Called By]<UL><LI><a href="#[57]">&gt;&gt;</a>&nbsp;&nbsp;&nbsp;__rt_entry_li
</UL>

<P><STRONG><a name="[11f]"></a>__rt_lib_init_alloca_1</STRONG> (Thumb, 0 bytes, Stack size unknown bytes, libinit2.o(.ARM.Collect$$libinit$$00000030))

<P><STRONG><a name="[120]"></a>__rt_lib_init_argv_1</STRONG> (Thumb, 0 bytes, Stack size unknown bytes, libinit2.o(.ARM.Collect$$libinit$$0000002E))

<P><STRONG><a name="[121]"></a>__rt_lib_init_atexit_1</STRONG> (Thumb, 0 bytes, Stack size unknown bytes, libinit2.o(.ARM.Collect$$libinit$$0000001D))

<P><STRONG><a name="[122]"></a>__rt_lib_init_clock_1</STRONG> (Thumb, 0 bytes, Stack size unknown bytes, libinit2.o(.ARM.Collect$$libinit$$00000023))

<P><STRONG><a name="[123]"></a>__rt_lib_init_cpp_1</STRONG> (Thumb, 0 bytes, Stack size unknown bytes, libinit2.o(.ARM.Collect$$libinit$$00000034))

<P><STRONG><a name="[124]"></a>__rt_lib_init_exceptions_1</STRONG> (Thumb, 0 bytes, Stack size unknown bytes, libinit2.o(.ARM.Collect$$libinit$$00000032))

<P><STRONG><a name="[125]"></a>__rt_lib_init_fp_1</STRONG> (Thumb, 0 bytes, Stack size unknown bytes, libinit2.o(.ARM.Collect$$libinit$$00000002))

<P><STRONG><a name="[126]"></a>__rt_lib_init_fp_trap_1</STRONG> (Thumb, 0 bytes, Stack size unknown bytes, libinit2.o(.ARM.Collect$$libinit$$00000021))

<P><STRONG><a name="[127]"></a>__rt_lib_init_getenv_1</STRONG> (Thumb, 0 bytes, Stack size unknown bytes, libinit2.o(.ARM.Collect$$libinit$$00000025))

<P><STRONG><a name="[128]"></a>__rt_lib_init_heap_1</STRONG> (Thumb, 0 bytes, Stack size unknown bytes, libinit2.o(.ARM.Collect$$libinit$$0000000C))

<P><STRONG><a name="[129]"></a>__rt_lib_init_lc_collate_1</STRONG> (Thumb, 0 bytes, Stack size unknown bytes, libinit2.o(.ARM.Collect$$libinit$$00000013))

<P><STRONG><a name="[12a]"></a>__rt_lib_init_lc_ctype_1</STRONG> (Thumb, 0 bytes, Stack size unknown bytes, libinit2.o(.ARM.Collect$$libinit$$00000015))

<P><STRONG><a name="[12b]"></a>__rt_lib_init_lc_monetary_1</STRONG> (Thumb, 0 bytes, Stack size unknown bytes, libinit2.o(.ARM.Collect$$libinit$$00000017))

<P><STRONG><a name="[12c]"></a>__rt_lib_init_lc_numeric_1</STRONG> (Thumb, 0 bytes, Stack size unknown bytes, libinit2.o(.ARM.Collect$$libinit$$00000019))

<P><STRONG><a name="[12d]"></a>__rt_lib_init_lc_time_1</STRONG> (Thumb, 0 bytes, Stack size unknown bytes, libinit2.o(.ARM.Collect$$libinit$$0000001B))

<P><STRONG><a name="[12e]"></a>__rt_lib_init_preinit_1</STRONG> (Thumb, 0 bytes, Stack size unknown bytes, libinit2.o(.ARM.Collect$$libinit$$00000006))

<P><STRONG><a name="[12f]"></a>__rt_lib_init_rand_1</STRONG> (Thumb, 0 bytes, Stack size unknown bytes, libinit2.o(.ARM.Collect$$libinit$$00000010))

<P><STRONG><a name="[130]"></a>__rt_lib_init_relocate_pie_1</STRONG> (Thumb, 0 bytes, Stack size unknown bytes, libinit2.o(.ARM.Collect$$libinit$$00000004))

<P><STRONG><a name="[131]"></a>__rt_lib_init_return</STRONG> (Thumb, 0 bytes, Stack size unknown bytes, libinit2.o(.ARM.Collect$$libinit$$00000035))

<P><STRONG><a name="[132]"></a>__rt_lib_init_signal_1</STRONG> (Thumb, 0 bytes, Stack size unknown bytes, libinit2.o(.ARM.Collect$$libinit$$0000001F))

<P><STRONG><a name="[133]"></a>__rt_lib_init_stdio_1</STRONG> (Thumb, 0 bytes, Stack size unknown bytes, libinit2.o(.ARM.Collect$$libinit$$00000027))

<P><STRONG><a name="[134]"></a>__rt_lib_init_user_alloc_1</STRONG> (Thumb, 0 bytes, Stack size unknown bytes, libinit2.o(.ARM.Collect$$libinit$$0000000E))

<P><STRONG><a name="[5d]"></a>__rt_lib_shutdown</STRONG> (Thumb, 0 bytes, Stack size unknown bytes, libshutdown.o(.ARM.Collect$$libshutdown$$00000000))
<BR><BR>[Called By]<UL><LI><a href="#[5c]">&gt;&gt;</a>&nbsp;&nbsp;&nbsp;__rt_exit_ls
</UL>

<P><STRONG><a name="[135]"></a>__rt_lib_shutdown_cpp_1</STRONG> (Thumb, 0 bytes, Stack size unknown bytes, libshutdown2.o(.ARM.Collect$$libshutdown$$00000002))

<P><STRONG><a name="[136]"></a>__rt_lib_shutdown_fp_trap_1</STRONG> (Thumb, 0 bytes, Stack size unknown bytes, libshutdown2.o(.ARM.Collect$$libshutdown$$00000007))

<P><STRONG><a name="[137]"></a>__rt_lib_shutdown_heap_1</STRONG> (Thumb, 0 bytes, Stack size unknown bytes, libshutdown2.o(.ARM.Collect$$libshutdown$$0000000F))

<P><STRONG><a name="[138]"></a>__rt_lib_shutdown_return</STRONG> (Thumb, 0 bytes, Stack size unknown bytes, libshutdown2.o(.ARM.Collect$$libshutdown$$00000010))

<P><STRONG><a name="[139]"></a>__rt_lib_shutdown_signal_1</STRONG> (Thumb, 0 bytes, Stack size unknown bytes, libshutdown2.o(.ARM.Collect$$libshutdown$$0000000A))

<P><STRONG><a name="[13a]"></a>__rt_lib_shutdown_stdio_1</STRONG> (Thumb, 0 bytes, Stack size unknown bytes, libshutdown2.o(.ARM.Collect$$libshutdown$$00000004))

<P><STRONG><a name="[13b]"></a>__rt_lib_shutdown_user_alloc_1</STRONG> (Thumb, 0 bytes, Stack size unknown bytes, libshutdown2.o(.ARM.Collect$$libshutdown$$0000000C))

<P><STRONG><a name="[52]"></a>__rt_entry</STRONG> (Thumb, 0 bytes, Stack size unknown bytes, __rtentry.o(.ARM.Collect$$rtentry$$00000000))
<BR><BR>[Called By]<UL><LI><a href="#[36]">&gt;&gt;</a>&nbsp;&nbsp;&nbsp;__main
<LI><a href="#[53]">&gt;&gt;</a>&nbsp;&nbsp;&nbsp;__scatterload_rt2
</UL>

<P><STRONG><a name="[13c]"></a>__rt_entry_presh_1</STRONG> (Thumb, 0 bytes, Stack size unknown bytes, __rtentry2.o(.ARM.Collect$$rtentry$$00000002))

<P><STRONG><a name="[55]"></a>__rt_entry_sh</STRONG> (Thumb, 0 bytes, Stack size unknown bytes, __rtentry4.o(.ARM.Collect$$rtentry$$00000004))
<BR><BR>[Stack]<UL><LI>Max Depth = 8 + Unknown Stack Size
<LI>Call Chain = __rt_entry_sh &rArr; __user_setup_stackheap
</UL>
<BR>[Calls]<UL><LI><a href="#[56]">&gt;&gt;</a>&nbsp;&nbsp;&nbsp;__user_setup_stackheap
</UL>

<P><STRONG><a name="[57]"></a>__rt_entry_li</STRONG> (Thumb, 0 bytes, Stack size unknown bytes, __rtentry2.o(.ARM.Collect$$rtentry$$0000000A))
<BR><BR>[Calls]<UL><LI><a href="#[58]">&gt;&gt;</a>&nbsp;&nbsp;&nbsp;__rt_lib_init
</UL>

<P><STRONG><a name="[13d]"></a>__rt_entry_postsh_1</STRONG> (Thumb, 0 bytes, Stack size unknown bytes, __rtentry2.o(.ARM.Collect$$rtentry$$00000009))

<P><STRONG><a name="[59]"></a>__rt_entry_main</STRONG> (Thumb, 0 bytes, Stack size unknown bytes, __rtentry2.o(.ARM.Collect$$rtentry$$0000000D))
<BR><BR>[Stack]<UL><LI>Max Depth = 256 + Unknown Stack Size
<LI>Call Chain = __rt_entry_main &rArr; main &rArr; Tms_If_Poll &rArr; Tms_Task_100ms &rArr; As_If_Poll &rArr; As_ReadAngle &rArr; I2c_If_Receive &rArr; HAL_I2C_Master_Receive &rArr; I2C_MasterRequestRead &rArr; I2C_WaitOnMasterAddressFlagUntilTimeout
</UL>
<BR>[Calls]<UL><LI><a href="#[5a]">&gt;&gt;</a>&nbsp;&nbsp;&nbsp;main
<LI><a href="#[5b]">&gt;&gt;</a>&nbsp;&nbsp;&nbsp;exit
</UL>

<P><STRONG><a name="[13e]"></a>__rt_entry_postli_1</STRONG> (Thumb, 0 bytes, Stack size unknown bytes, __rtentry2.o(.ARM.Collect$$rtentry$$0000000C))

<P><STRONG><a name="[62]"></a>__rt_exit</STRONG> (Thumb, 0 bytes, Stack size unknown bytes, rtexit.o(.ARM.Collect$$rtexit$$00000000))
<BR><BR>[Called By]<UL><LI><a href="#[5b]">&gt;&gt;</a>&nbsp;&nbsp;&nbsp;exit
</UL>

<P><STRONG><a name="[5c]"></a>__rt_exit_ls</STRONG> (Thumb, 0 bytes, Stack size unknown bytes, rtexit2.o(.ARM.Collect$$rtexit$$00000003))
<BR><BR>[Calls]<UL><LI><a href="#[5d]">&gt;&gt;</a>&nbsp;&nbsp;&nbsp;__rt_lib_shutdown
</UL>

<P><STRONG><a name="[13f]"></a>__rt_exit_prels_1</STRONG> (Thumb, 0 bytes, Stack size unknown bytes, rtexit2.o(.ARM.Collect$$rtexit$$00000002))

<P><STRONG><a name="[5e]"></a>__rt_exit_exit</STRONG> (Thumb, 0 bytes, Stack size unknown bytes, rtexit2.o(.ARM.Collect$$rtexit$$00000004))
<BR><BR>[Calls]<UL><LI><a href="#[5f]">&gt;&gt;</a>&nbsp;&nbsp;&nbsp;_sys_exit
</UL>

<P><STRONG><a name="[0]"></a>Reset_Handler</STRONG> (Thumb, 8 bytes, Stack size 0 bytes, startup_stm32f103xb.o(.text))
<BR>[Address Reference Count : 1]<UL><LI> startup_stm32f103xb.o(RESET)
</UL>
<P><STRONG><a name="[1c]"></a>ADC1_2_IRQHandler</STRONG> (Thumb, 0 bytes, Stack size 0 bytes, startup_stm32f103xb.o(.text))
<BR><BR>[Calls]<UL><LI><a href="#[1c]">&gt;&gt;</a>&nbsp;&nbsp;&nbsp;ADC1_2_IRQHandler
</UL>
<BR>[Called By]<UL><LI><a href="#[1c]">&gt;&gt;</a>&nbsp;&nbsp;&nbsp;ADC1_2_IRQHandler
</UL>
<BR>[Address Reference Count : 1]<UL><LI> startup_stm32f103xb.o(RESET)
</UL>
<P><STRONG><a name="[1f]"></a>CAN1_RX1_IRQHandler</STRONG> (Thumb, 0 bytes, Stack size 0 bytes, startup_stm32f103xb.o(.text))
<BR>[Address Reference Count : 1]<UL><LI> startup_stm32f103xb.o(RESET)
</UL>
<P><STRONG><a name="[20]"></a>CAN1_SCE_IRQHandler</STRONG> (Thumb, 0 bytes, Stack size 0 bytes, startup_stm32f103xb.o(.text))
<BR>[Address Reference Count : 1]<UL><LI> startup_stm32f103xb.o(RESET)
</UL>
<P><STRONG><a name="[15]"></a>DMA1_Channel1_IRQHandler</STRONG> (Thumb, 0 bytes, Stack size 0 bytes, startup_stm32f103xb.o(.text))
<BR>[Address Reference Count : 1]<UL><LI> startup_stm32f103xb.o(RESET)
</UL>
<P><STRONG><a name="[16]"></a>DMA1_Channel2_IRQHandler</STRONG> (Thumb, 0 bytes, Stack size 0 bytes, startup_stm32f103xb.o(.text))
<BR>[Address Reference Count : 1]<UL><LI> startup_stm32f103xb.o(RESET)
</UL>
<P><STRONG><a name="[17]"></a>DMA1_Channel3_IRQHandler</STRONG> (Thumb, 0 bytes, Stack size 0 bytes, startup_stm32f103xb.o(.text))
<BR>[Address Reference Count : 1]<UL><LI> startup_stm32f103xb.o(RESET)
</UL>
<P><STRONG><a name="[18]"></a>DMA1_Channel4_IRQHandler</STRONG> (Thumb, 0 bytes, Stack size 0 bytes, startup_stm32f103xb.o(.text))
<BR>[Address Reference Count : 1]<UL><LI> startup_stm32f103xb.o(RESET)
</UL>
<P><STRONG><a name="[19]"></a>DMA1_Channel5_IRQHandler</STRONG> (Thumb, 0 bytes, Stack size 0 bytes, startup_stm32f103xb.o(.text))
<BR>[Address Reference Count : 1]<UL><LI> startup_stm32f103xb.o(RESET)
</UL>
<P><STRONG><a name="[1a]"></a>DMA1_Channel6_IRQHandler</STRONG> (Thumb, 0 bytes, Stack size 0 bytes, startup_stm32f103xb.o(.text))
<BR>[Address Reference Count : 1]<UL><LI> startup_stm32f103xb.o(RESET)
</UL>
<P><STRONG><a name="[1b]"></a>DMA1_Channel7_IRQHandler</STRONG> (Thumb, 0 bytes, Stack size 0 bytes, startup_stm32f103xb.o(.text))
<BR>[Address Reference Count : 1]<UL><LI> startup_stm32f103xb.o(RESET)
</UL>
<P><STRONG><a name="[10]"></a>EXTI0_IRQHandler</STRONG> (Thumb, 0 bytes, Stack size 0 bytes, startup_stm32f103xb.o(.text))
<BR>[Address Reference Count : 1]<UL><LI> startup_stm32f103xb.o(RESET)
</UL>
<P><STRONG><a name="[32]"></a>EXTI15_10_IRQHandler</STRONG> (Thumb, 0 bytes, Stack size 0 bytes, startup_stm32f103xb.o(.text))
<BR>[Address Reference Count : 1]<UL><LI> startup_stm32f103xb.o(RESET)
</UL>
<P><STRONG><a name="[11]"></a>EXTI1_IRQHandler</STRONG> (Thumb, 0 bytes, Stack size 0 bytes, startup_stm32f103xb.o(.text))
<BR>[Address Reference Count : 1]<UL><LI> startup_stm32f103xb.o(RESET)
</UL>
<P><STRONG><a name="[12]"></a>EXTI2_IRQHandler</STRONG> (Thumb, 0 bytes, Stack size 0 bytes, startup_stm32f103xb.o(.text))
<BR>[Address Reference Count : 1]<UL><LI> startup_stm32f103xb.o(RESET)
</UL>
<P><STRONG><a name="[13]"></a>EXTI3_IRQHandler</STRONG> (Thumb, 0 bytes, Stack size 0 bytes, startup_stm32f103xb.o(.text))
<BR>[Address Reference Count : 1]<UL><LI> startup_stm32f103xb.o(RESET)
</UL>
<P><STRONG><a name="[14]"></a>EXTI4_IRQHandler</STRONG> (Thumb, 0 bytes, Stack size 0 bytes, startup_stm32f103xb.o(.text))
<BR>[Address Reference Count : 1]<UL><LI> startup_stm32f103xb.o(RESET)
</UL>
<P><STRONG><a name="[21]"></a>EXTI9_5_IRQHandler</STRONG> (Thumb, 0 bytes, Stack size 0 bytes, startup_stm32f103xb.o(.text))
<BR>[Address Reference Count : 1]<UL><LI> startup_stm32f103xb.o(RESET)
</UL>
<P><STRONG><a name="[e]"></a>FLASH_IRQHandler</STRONG> (Thumb, 0 bytes, Stack size 0 bytes, startup_stm32f103xb.o(.text))
<BR>[Address Reference Count : 1]<UL><LI> startup_stm32f103xb.o(RESET)
</UL>
<P><STRONG><a name="[2a]"></a>I2C1_ER_IRQHandler</STRONG> (Thumb, 0 bytes, Stack size 0 bytes, startup_stm32f103xb.o(.text))
<BR>[Address Reference Count : 1]<UL><LI> startup_stm32f103xb.o(RESET)
</UL>
<P><STRONG><a name="[29]"></a>I2C1_EV_IRQHandler</STRONG> (Thumb, 0 bytes, Stack size 0 bytes, startup_stm32f103xb.o(.text))
<BR>[Address Reference Count : 1]<UL><LI> startup_stm32f103xb.o(RESET)
</UL>
<P><STRONG><a name="[2c]"></a>I2C2_ER_IRQHandler</STRONG> (Thumb, 0 bytes, Stack size 0 bytes, startup_stm32f103xb.o(.text))
<BR>[Address Reference Count : 1]<UL><LI> startup_stm32f103xb.o(RESET)
</UL>
<P><STRONG><a name="[2b]"></a>I2C2_EV_IRQHandler</STRONG> (Thumb, 0 bytes, Stack size 0 bytes, startup_stm32f103xb.o(.text))
<BR>[Address Reference Count : 1]<UL><LI> startup_stm32f103xb.o(RESET)
</UL>
<P><STRONG><a name="[b]"></a>PVD_IRQHandler</STRONG> (Thumb, 0 bytes, Stack size 0 bytes, startup_stm32f103xb.o(.text))
<BR>[Address Reference Count : 1]<UL><LI> startup_stm32f103xb.o(RESET)
</UL>
<P><STRONG><a name="[f]"></a>RCC_IRQHandler</STRONG> (Thumb, 0 bytes, Stack size 0 bytes, startup_stm32f103xb.o(.text))
<BR>[Address Reference Count : 1]<UL><LI> startup_stm32f103xb.o(RESET)
</UL>
<P><STRONG><a name="[33]"></a>RTC_Alarm_IRQHandler</STRONG> (Thumb, 0 bytes, Stack size 0 bytes, startup_stm32f103xb.o(.text))
<BR>[Address Reference Count : 1]<UL><LI> startup_stm32f103xb.o(RESET)
</UL>
<P><STRONG><a name="[d]"></a>RTC_IRQHandler</STRONG> (Thumb, 0 bytes, Stack size 0 bytes, startup_stm32f103xb.o(.text))
<BR>[Address Reference Count : 1]<UL><LI> startup_stm32f103xb.o(RESET)
</UL>
<P><STRONG><a name="[2d]"></a>SPI1_IRQHandler</STRONG> (Thumb, 0 bytes, Stack size 0 bytes, startup_stm32f103xb.o(.text))
<BR>[Address Reference Count : 1]<UL><LI> startup_stm32f103xb.o(RESET)
</UL>
<P><STRONG><a name="[2e]"></a>SPI2_IRQHandler</STRONG> (Thumb, 0 bytes, Stack size 0 bytes, startup_stm32f103xb.o(.text))
<BR>[Address Reference Count : 1]<UL><LI> startup_stm32f103xb.o(RESET)
</UL>
<P><STRONG><a name="[c]"></a>TAMPER_IRQHandler</STRONG> (Thumb, 0 bytes, Stack size 0 bytes, startup_stm32f103xb.o(.text))
<BR>[Address Reference Count : 1]<UL><LI> startup_stm32f103xb.o(RESET)
</UL>
<P><STRONG><a name="[22]"></a>TIM1_BRK_IRQHandler</STRONG> (Thumb, 0 bytes, Stack size 0 bytes, startup_stm32f103xb.o(.text))
<BR>[Address Reference Count : 1]<UL><LI> startup_stm32f103xb.o(RESET)
</UL>
<P><STRONG><a name="[25]"></a>TIM1_CC_IRQHandler</STRONG> (Thumb, 0 bytes, Stack size 0 bytes, startup_stm32f103xb.o(.text))
<BR>[Address Reference Count : 1]<UL><LI> startup_stm32f103xb.o(RESET)
</UL>
<P><STRONG><a name="[24]"></a>TIM1_TRG_COM_IRQHandler</STRONG> (Thumb, 0 bytes, Stack size 0 bytes, startup_stm32f103xb.o(.text))
<BR>[Address Reference Count : 1]<UL><LI> startup_stm32f103xb.o(RESET)
</UL>
<P><STRONG><a name="[23]"></a>TIM1_UP_IRQHandler</STRONG> (Thumb, 0 bytes, Stack size 0 bytes, startup_stm32f103xb.o(.text))
<BR>[Address Reference Count : 1]<UL><LI> startup_stm32f103xb.o(RESET)
</UL>
<P><STRONG><a name="[26]"></a>TIM2_IRQHandler</STRONG> (Thumb, 0 bytes, Stack size 0 bytes, startup_stm32f103xb.o(.text))
<BR>[Address Reference Count : 1]<UL><LI> startup_stm32f103xb.o(RESET)
</UL>
<P><STRONG><a name="[27]"></a>TIM3_IRQHandler</STRONG> (Thumb, 0 bytes, Stack size 0 bytes, startup_stm32f103xb.o(.text))
<BR>[Address Reference Count : 1]<UL><LI> startup_stm32f103xb.o(RESET)
</UL>
<P><STRONG><a name="[28]"></a>TIM4_IRQHandler</STRONG> (Thumb, 0 bytes, Stack size 0 bytes, startup_stm32f103xb.o(.text))
<BR>[Address Reference Count : 1]<UL><LI> startup_stm32f103xb.o(RESET)
</UL>
<P><STRONG><a name="[2f]"></a>USART1_IRQHandler</STRONG> (Thumb, 0 bytes, Stack size 0 bytes, startup_stm32f103xb.o(.text))
<BR>[Address Reference Count : 1]<UL><LI> startup_stm32f103xb.o(RESET)
</UL>
<P><STRONG><a name="[30]"></a>USART2_IRQHandler</STRONG> (Thumb, 0 bytes, Stack size 0 bytes, startup_stm32f103xb.o(.text))
<BR>[Address Reference Count : 1]<UL><LI> startup_stm32f103xb.o(RESET)
</UL>
<P><STRONG><a name="[31]"></a>USART3_IRQHandler</STRONG> (Thumb, 0 bytes, Stack size 0 bytes, startup_stm32f103xb.o(.text))
<BR>[Address Reference Count : 1]<UL><LI> startup_stm32f103xb.o(RESET)
</UL>
<P><STRONG><a name="[34]"></a>USBWakeUp_IRQHandler</STRONG> (Thumb, 0 bytes, Stack size 0 bytes, startup_stm32f103xb.o(.text))
<BR>[Address Reference Count : 1]<UL><LI> startup_stm32f103xb.o(RESET)
</UL>
<P><STRONG><a name="[1d]"></a>USB_HP_CAN1_TX_IRQHandler</STRONG> (Thumb, 0 bytes, Stack size 0 bytes, startup_stm32f103xb.o(.text))
<BR>[Address Reference Count : 1]<UL><LI> startup_stm32f103xb.o(RESET)
</UL>
<P><STRONG><a name="[1e]"></a>USB_LP_CAN1_RX0_IRQHandler</STRONG> (Thumb, 0 bytes, Stack size 0 bytes, startup_stm32f103xb.o(.text))
<BR>[Address Reference Count : 1]<UL><LI> startup_stm32f103xb.o(RESET)
</UL>
<P><STRONG><a name="[a]"></a>WWDG_IRQHandler</STRONG> (Thumb, 0 bytes, Stack size 0 bytes, startup_stm32f103xb.o(.text))
<BR>[Address Reference Count : 1]<UL><LI> startup_stm32f103xb.o(RESET)
</UL>
<P><STRONG><a name="[61]"></a>__user_initial_stackheap</STRONG> (Thumb, 0 bytes, Stack size unknown bytes, startup_stm32f103xb.o(.text))
<BR><BR>[Called By]<UL><LI><a href="#[56]">&gt;&gt;</a>&nbsp;&nbsp;&nbsp;__user_setup_stackheap
</UL>

<P><STRONG><a name="[e0]"></a>__aeabi_memclr4</STRONG> (Thumb, 0 bytes, Stack size unknown bytes, rt_memclr_w.o(.text))
<BR><BR>[Called By]<UL><LI><a href="#[df]">&gt;&gt;</a>&nbsp;&nbsp;&nbsp;SystemClock_Config
</UL>

<P><STRONG><a name="[140]"></a>__aeabi_memclr8</STRONG> (Thumb, 0 bytes, Stack size unknown bytes, rt_memclr_w.o(.text), UNUSED)

<P><STRONG><a name="[141]"></a>__rt_memclr_w</STRONG> (Thumb, 0 bytes, Stack size unknown bytes, rt_memclr_w.o(.text), UNUSED)

<P><STRONG><a name="[142]"></a>_memset_w</STRONG> (Thumb, 74 bytes, Stack size 4 bytes, rt_memclr_w.o(.text), UNUSED)

<P><STRONG><a name="[143]"></a>__use_two_region_memory</STRONG> (Thumb, 2 bytes, Stack size 0 bytes, heapauxi.o(.text), UNUSED)

<P><STRONG><a name="[144]"></a>__rt_heap_escrow$2region</STRONG> (Thumb, 2 bytes, Stack size 0 bytes, heapauxi.o(.text), UNUSED)

<P><STRONG><a name="[145]"></a>__rt_heap_expand$2region</STRONG> (Thumb, 2 bytes, Stack size 0 bytes, heapauxi.o(.text), UNUSED)

<P><STRONG><a name="[56]"></a>__user_setup_stackheap</STRONG> (Thumb, 74 bytes, Stack size 8 bytes, sys_stackheap_outer.o(.text))
<BR><BR>[Stack]<UL><LI>Max Depth = 8 + Unknown Stack Size
<LI>Call Chain = __user_setup_stackheap
</UL>
<BR>[Calls]<UL><LI><a href="#[61]">&gt;&gt;</a>&nbsp;&nbsp;&nbsp;__user_initial_stackheap
<LI><a href="#[60]">&gt;&gt;</a>&nbsp;&nbsp;&nbsp;__user_perproc_libspace
</UL>
<BR>[Called By]<UL><LI><a href="#[55]">&gt;&gt;</a>&nbsp;&nbsp;&nbsp;__rt_entry_sh
</UL>

<P><STRONG><a name="[5b]"></a>exit</STRONG> (Thumb, 18 bytes, Stack size 8 bytes, exit.o(.text))
<BR><BR>[Stack]<UL><LI>Max Depth = 8 + Unknown Stack Size
<LI>Call Chain = exit
</UL>
<BR>[Calls]<UL><LI><a href="#[62]">&gt;&gt;</a>&nbsp;&nbsp;&nbsp;__rt_exit
</UL>
<BR>[Called By]<UL><LI><a href="#[59]">&gt;&gt;</a>&nbsp;&nbsp;&nbsp;__rt_entry_main
</UL>

<P><STRONG><a name="[146]"></a>__user_libspace</STRONG> (Thumb, 8 bytes, Stack size 0 bytes, libspace.o(.text), UNUSED)

<P><STRONG><a name="[60]"></a>__user_perproc_libspace</STRONG> (Thumb, 0 bytes, Stack size 0 bytes, libspace.o(.text))
<BR><BR>[Called By]<UL><LI><a href="#[56]">&gt;&gt;</a>&nbsp;&nbsp;&nbsp;__user_setup_stackheap
</UL>

<P><STRONG><a name="[147]"></a>__user_perthread_libspace</STRONG> (Thumb, 0 bytes, Stack size 0 bytes, libspace.o(.text), UNUSED)

<P><STRONG><a name="[5f]"></a>_sys_exit</STRONG> (Thumb, 8 bytes, Stack size 0 bytes, sys_exit.o(.text))
<BR><BR>[Called By]<UL><LI><a href="#[5e]">&gt;&gt;</a>&nbsp;&nbsp;&nbsp;__rt_exit_exit
</UL>

<P><STRONG><a name="[148]"></a>__I$use$semihosting</STRONG> (Thumb, 0 bytes, Stack size 0 bytes, use_no_semi.o(.text), UNUSED)

<P><STRONG><a name="[149]"></a>__use_no_semihosting_swi</STRONG> (Thumb, 2 bytes, Stack size 0 bytes, use_no_semi.o(.text), UNUSED)

<P><STRONG><a name="[14a]"></a>__semihosting_library_function</STRONG> (Thumb, 0 bytes, Stack size unknown bytes, indicate_semi.o(.text), UNUSED)

<P><STRONG><a name="[63]"></a>As_If_Poll</STRONG> (Thumb, 8 bytes, Stack size 8 bytes, as.o(.text.As_If_Poll))
<BR><BR>[Stack]<UL><LI>Max Depth = 216<LI>Call Chain = As_If_Poll &rArr; As_ReadAngle &rArr; I2c_If_Receive &rArr; HAL_I2C_Master_Receive &rArr; I2C_MasterRequestRead &rArr; I2C_WaitOnMasterAddressFlagUntilTimeout
</UL>
<BR>[Calls]<UL><LI><a href="#[64]">&gt;&gt;</a>&nbsp;&nbsp;&nbsp;As_ReadAngle
</UL>
<BR>[Called By]<UL><LI><a href="#[e7]">&gt;&gt;</a>&nbsp;&nbsp;&nbsp;Tms_Task_100ms
</UL>

<P><STRONG><a name="[4]"></a>BusFault_Handler</STRONG> (Thumb, 4 bytes, Stack size 0 bytes, stm32f1xx_it.o(.text.BusFault_Handler))
<BR>[Address Reference Count : 1]<UL><LI> startup_stm32f103xb.o(RESET)
</UL>
<P><STRONG><a name="[7]"></a>DebugMon_Handler</STRONG> (Thumb, 2 bytes, Stack size 0 bytes, stm32f1xx_it.o(.text.DebugMon_Handler))
<BR>[Address Reference Count : 1]<UL><LI> startup_stm32f103xb.o(RESET)
</UL>
<P><STRONG><a name="[dc]"></a>Error_Handler</STRONG> (Thumb, 14 bytes, Stack size 4 bytes, main.o(.text.Error_Handler))
<BR><BR>[Stack]<UL><LI>Max Depth = 4<LI>Call Chain = Error_Handler
</UL>
<BR>[Called By]<UL><LI><a href="#[db]">&gt;&gt;</a>&nbsp;&nbsp;&nbsp;MX_I2C1_Init
<LI><a href="#[dd]">&gt;&gt;</a>&nbsp;&nbsp;&nbsp;MX_USART1_UART_Init
<LI><a href="#[df]">&gt;&gt;</a>&nbsp;&nbsp;&nbsp;SystemClock_Config
</UL>

<P><STRONG><a name="[68]"></a>FMSTR_AddressFromBuffer</STRONG> (Thumb, 22 bytes, Stack size 16 bytes, freemaster_utils.o(.text.FMSTR_AddressFromBuffer))
<BR><BR>[Stack]<UL><LI>Max Depth = 96<LI>Call Chain = FMSTR_AddressFromBuffer &rArr; FMSTR_UlebDecode &rArr; FMSTR_LebDecode &rArr; _FMSTR_MemSet
</UL>
<BR>[Calls]<UL><LI><a href="#[69]">&gt;&gt;</a>&nbsp;&nbsp;&nbsp;FMSTR_UlebDecode
</UL>
<BR>[Called By]<UL><LI><a href="#[b2]">&gt;&gt;</a>&nbsp;&nbsp;&nbsp;_FMSTR_SetScope_CFGVAR
<LI><a href="#[ae]">&gt;&gt;</a>&nbsp;&nbsp;&nbsp;_FMSTR_SetRecCmd_CFGVAR
<LI><a href="#[a5]">&gt;&gt;</a>&nbsp;&nbsp;&nbsp;_FMSTR_WriteMem
<LI><a href="#[a3]">&gt;&gt;</a>&nbsp;&nbsp;&nbsp;_FMSTR_ReadMem
</UL>

<P><STRONG><a name="[6a]"></a>FMSTR_AddressToBuffer</STRONG> (Thumb, 22 bytes, Stack size 16 bytes, freemaster_utils.o(.text.FMSTR_AddressToBuffer))
<BR><BR>[Stack]<UL><LI>Max Depth = 48<LI>Call Chain = FMSTR_AddressToBuffer &rArr; FMSTR_UlebEncode
</UL>
<BR>[Calls]<UL><LI><a href="#[6b]">&gt;&gt;</a>&nbsp;&nbsp;&nbsp;FMSTR_UlebEncode
</UL>
<BR>[Called By]<UL><LI><a href="#[7a]">&gt;&gt;</a>&nbsp;&nbsp;&nbsp;FMSTR_GetRecCmd
</UL>

<P><STRONG><a name="[82]"></a>FMSTR_CalcAddrDelta</STRONG> (Thumb, 20 bytes, Stack size 12 bytes, freemaster_utils.o(.text.FMSTR_CalcAddrDelta))
<BR><BR>[Stack]<UL><LI>Max Depth = 12<LI>Call Chain = FMSTR_CalcAddrDelta
</UL>
<BR>[Called By]<UL><LI><a href="#[7a]">&gt;&gt;</a>&nbsp;&nbsp;&nbsp;FMSTR_GetRecCmd
</UL>

<P><STRONG><a name="[6c]"></a>FMSTR_CopyFromBuffer</STRONG> (Thumb, 40 bytes, Stack size 24 bytes, freemaster_utils.o(.text.FMSTR_CopyFromBuffer))
<BR><BR>[Stack]<UL><LI>Max Depth = 120<LI>Call Chain = FMSTR_CopyFromBuffer &rArr; FMSTR_MemCpyTo &rArr; _FMSTR_MemCpyDstAligned &rArr; _FMSTR_CopyDstAligned_U32
</UL>
<BR>[Calls]<UL><LI><a href="#[6d]">&gt;&gt;</a>&nbsp;&nbsp;&nbsp;FMSTR_CAST_PTR_TO_ADDR_Func
<LI><a href="#[6e]">&gt;&gt;</a>&nbsp;&nbsp;&nbsp;FMSTR_MemCpyTo
</UL>
<BR>[Called By]<UL><LI><a href="#[a6]">&gt;&gt;</a>&nbsp;&nbsp;&nbsp;FMSTR_StoreAppCmd
<LI><a href="#[a5]">&gt;&gt;</a>&nbsp;&nbsp;&nbsp;_FMSTR_WriteMem
<LI><a href="#[99]">&gt;&gt;</a>&nbsp;&nbsp;&nbsp;_FMSTR_PipeReceive
</UL>

<P><STRONG><a name="[6f]"></a>FMSTR_CopyFromBufferWithMask</STRONG> (Thumb, 48 bytes, Stack size 32 bytes, freemaster_utils.o(.text.FMSTR_CopyFromBufferWithMask))
<BR><BR>[Stack]<UL><LI>Max Depth = 184<LI>Call Chain = FMSTR_CopyFromBufferWithMask &rArr; FMSTR_MemCpyToMasked &rArr; _FMSTR_MemCpyMaskedDstAligned &rArr; _FMSTR_CopyMaskedDstAligned_U32 &rArr; _FMSTR_CopyDstAligned_U32
</UL>
<BR>[Calls]<UL><LI><a href="#[70]">&gt;&gt;</a>&nbsp;&nbsp;&nbsp;FMSTR_MemCpyToMasked
<LI><a href="#[6d]">&gt;&gt;</a>&nbsp;&nbsp;&nbsp;FMSTR_CAST_PTR_TO_ADDR_Func
</UL>
<BR>[Called By]<UL><LI><a href="#[a5]">&gt;&gt;</a>&nbsp;&nbsp;&nbsp;_FMSTR_WriteMem
</UL>

<P><STRONG><a name="[71]"></a>FMSTR_CopyToBuffer</STRONG> (Thumb, 34 bytes, Stack size 24 bytes, freemaster_utils.o(.text.FMSTR_CopyToBuffer))
<BR><BR>[Stack]<UL><LI>Max Depth = 112<LI>Call Chain = FMSTR_CopyToBuffer &rArr; FMSTR_MemCpyFrom &rArr; _FMSTR_MemCpySrcAligned &rArr; _FMSTR_CopySrcAligned_U32
</UL>
<BR>[Calls]<UL><LI><a href="#[72]">&gt;&gt;</a>&nbsp;&nbsp;&nbsp;FMSTR_MemCpyFrom
<LI><a href="#[6d]">&gt;&gt;</a>&nbsp;&nbsp;&nbsp;FMSTR_CAST_PTR_TO_ADDR_Func
</UL>
<BR>[Called By]<UL><LI><a href="#[73]">&gt;&gt;</a>&nbsp;&nbsp;&nbsp;FMSTR_GetAppCmdRespData
<LI><a href="#[a9]">&gt;&gt;</a>&nbsp;&nbsp;&nbsp;FMSTR_ReadScope
<LI><a href="#[7a]">&gt;&gt;</a>&nbsp;&nbsp;&nbsp;FMSTR_GetRecCmd
<LI><a href="#[a4]">&gt;&gt;</a>&nbsp;&nbsp;&nbsp;_FMSTR_ReadMemBaseAddress
<LI><a href="#[a3]">&gt;&gt;</a>&nbsp;&nbsp;&nbsp;_FMSTR_ReadMem
<LI><a href="#[77]">&gt;&gt;</a>&nbsp;&nbsp;&nbsp;FMSTR_GetPipe
<LI><a href="#[9b]">&gt;&gt;</a>&nbsp;&nbsp;&nbsp;_FMSTR_PipeTransmit
</UL>

<P><STRONG><a name="[101]"></a>FMSTR_Crc8AddByte</STRONG> (Thumb, 82 bytes, Stack size 12 bytes, freemaster_utils.o(.text.FMSTR_Crc8AddByte))
<BR><BR>[Stack]<UL><LI>Max Depth = 12<LI>Call Chain = FMSTR_Crc8AddByte
</UL>
<BR>[Called By]<UL><LI><a href="#[9f]">&gt;&gt;</a>&nbsp;&nbsp;&nbsp;_FMSTR_Rx
<LI><a href="#[47]">&gt;&gt;</a>&nbsp;&nbsp;&nbsp;_FMSTR_SerialSendResponse
</UL>

<P><STRONG><a name="[100]"></a>FMSTR_Crc8Init</STRONG> (Thumb, 14 bytes, Stack size 4 bytes, freemaster_utils.o(.text.FMSTR_Crc8Init))
<BR><BR>[Stack]<UL><LI>Max Depth = 4<LI>Call Chain = FMSTR_Crc8Init
</UL>
<BR>[Called By]<UL><LI><a href="#[9f]">&gt;&gt;</a>&nbsp;&nbsp;&nbsp;_FMSTR_Rx
<LI><a href="#[47]">&gt;&gt;</a>&nbsp;&nbsp;&nbsp;_FMSTR_SerialSendResponse
</UL>

<P><STRONG><a name="[ac]"></a>FMSTR_GetAlignmentCorrection</STRONG> (Thumb, 52 bytes, Stack size 16 bytes, freemaster_utils.o(.text.FMSTR_GetAlignmentCorrection))
<BR><BR>[Stack]<UL><LI>Max Depth = 16<LI>Call Chain = FMSTR_GetAlignmentCorrection
</UL>
<BR>[Called By]<UL><LI><a href="#[8b]">&gt;&gt;</a>&nbsp;&nbsp;&nbsp;FMSTR_RecorderCreate
<LI><a href="#[ff]">&gt;&gt;</a>&nbsp;&nbsp;&nbsp;_FMSTR_RecMemCfg
</UL>

<P><STRONG><a name="[73]"></a>FMSTR_GetAppCmdRespData</STRONG> (Thumb, 186 bytes, Stack size 40 bytes, freemaster_appcmd.o(.text.FMSTR_GetAppCmdRespData))
<BR><BR>[Stack]<UL><LI>Max Depth = 152<LI>Call Chain = FMSTR_GetAppCmdRespData &rArr; FMSTR_CopyToBuffer &rArr; FMSTR_MemCpyFrom &rArr; _FMSTR_MemCpySrcAligned &rArr; _FMSTR_CopySrcAligned_U32
</UL>
<BR>[Calls]<UL><LI><a href="#[71]">&gt;&gt;</a>&nbsp;&nbsp;&nbsp;FMSTR_CopyToBuffer
<LI><a href="#[74]">&gt;&gt;</a>&nbsp;&nbsp;&nbsp;FMSTR_SizeFromBuffer
</UL>
<BR>[Called By]<UL><LI><a href="#[a0]">&gt;&gt;</a>&nbsp;&nbsp;&nbsp;FMSTR_ProtocolDecoder
</UL>

<P><STRONG><a name="[75]"></a>FMSTR_GetAppCmdStatus</STRONG> (Thumb, 140 bytes, Stack size 32 bytes, freemaster_appcmd.o(.text.FMSTR_GetAppCmdStatus))
<BR><BR>[Stack]<UL><LI>Max Depth = 44<LI>Call Chain = FMSTR_GetAppCmdStatus &rArr; FMSTR_FindAppCmdCallIndex
</UL>
<BR>[Calls]<UL><LI><a href="#[76]">&gt;&gt;</a>&nbsp;&nbsp;&nbsp;FMSTR_FindAppCmdCallIndex
</UL>
<BR>[Called By]<UL><LI><a href="#[a0]">&gt;&gt;</a>&nbsp;&nbsp;&nbsp;FMSTR_ProtocolDecoder
</UL>

<P><STRONG><a name="[77]"></a>FMSTR_GetPipe</STRONG> (Thumb, 316 bytes, Stack size 56 bytes, freemaster_pipes.o(.text.FMSTR_GetPipe))
<BR><BR>[Stack]<UL><LI>Max Depth = 168<LI>Call Chain = FMSTR_GetPipe &rArr; FMSTR_CopyToBuffer &rArr; FMSTR_MemCpyFrom &rArr; _FMSTR_MemCpySrcAligned &rArr; _FMSTR_CopySrcAligned_U32
</UL>
<BR>[Calls]<UL><LI><a href="#[78]">&gt;&gt;</a>&nbsp;&nbsp;&nbsp;_FMSTR_FindPipe
<LI><a href="#[71]">&gt;&gt;</a>&nbsp;&nbsp;&nbsp;FMSTR_CopyToBuffer
<LI><a href="#[79]">&gt;&gt;</a>&nbsp;&nbsp;&nbsp;_FMSTR_StrLen
</UL>
<BR>[Called By]<UL><LI><a href="#[a0]">&gt;&gt;</a>&nbsp;&nbsp;&nbsp;FMSTR_ProtocolDecoder
</UL>

<P><STRONG><a name="[7a]"></a>FMSTR_GetRecCmd</STRONG> (Thumb, 598 bytes, Stack size 112 bytes, freemaster_rec.o(.text.FMSTR_GetRecCmd))
<BR><BR>[Stack]<UL><LI>Max Depth = 224<LI>Call Chain = FMSTR_GetRecCmd &rArr; FMSTR_CopyToBuffer &rArr; FMSTR_MemCpyFrom &rArr; _FMSTR_MemCpySrcAligned &rArr; _FMSTR_CopySrcAligned_U32
</UL>
<BR>[Calls]<UL><LI><a href="#[71]">&gt;&gt;</a>&nbsp;&nbsp;&nbsp;FMSTR_CopyToBuffer
<LI><a href="#[82]">&gt;&gt;</a>&nbsp;&nbsp;&nbsp;FMSTR_CalcAddrDelta
<LI><a href="#[6a]">&gt;&gt;</a>&nbsp;&nbsp;&nbsp;FMSTR_AddressToBuffer
<LI><a href="#[7f]">&gt;&gt;</a>&nbsp;&nbsp;&nbsp;FMSTR_ULebToBuffer
<LI><a href="#[81]">&gt;&gt;</a>&nbsp;&nbsp;&nbsp;_FMSTR_CalcRecStatus
<LI><a href="#[80]">&gt;&gt;</a>&nbsp;&nbsp;&nbsp;_FMSTR_CheckConfiguration
<LI><a href="#[7b]">&gt;&gt;</a>&nbsp;&nbsp;&nbsp;_FMSTR_GetRecorderByRecIx
<LI><a href="#[7c]">&gt;&gt;</a>&nbsp;&nbsp;&nbsp;_FMSTR_GetRecorderBufferByRecIx
<LI><a href="#[7d]">&gt;&gt;</a>&nbsp;&nbsp;&nbsp;FMSTR_CAST_PTR_TO_ADDR_Func
<LI><a href="#[7e]">&gt;&gt;</a>&nbsp;&nbsp;&nbsp;FMSTR_SizeToBuffer
<LI><a href="#[79]">&gt;&gt;</a>&nbsp;&nbsp;&nbsp;_FMSTR_StrLen
</UL>
<BR>[Called By]<UL><LI><a href="#[a0]">&gt;&gt;</a>&nbsp;&nbsp;&nbsp;FMSTR_ProtocolDecoder
</UL>

<P><STRONG><a name="[83]"></a>FMSTR_IndexFromBuffer</STRONG> (Thumb, 22 bytes, Stack size 16 bytes, freemaster_utils.o(.text.FMSTR_IndexFromBuffer))
<BR><BR>[Stack]<UL><LI>Max Depth = 96<LI>Call Chain = FMSTR_IndexFromBuffer &rArr; FMSTR_SlebDecode &rArr; FMSTR_LebDecode &rArr; _FMSTR_MemSet
</UL>
<BR>[Calls]<UL><LI><a href="#[84]">&gt;&gt;</a>&nbsp;&nbsp;&nbsp;FMSTR_SlebDecode
</UL>
<BR>[Called By]<UL><LI><a href="#[a4]">&gt;&gt;</a>&nbsp;&nbsp;&nbsp;_FMSTR_ReadMemBaseAddress
<LI><a href="#[a2]">&gt;&gt;</a>&nbsp;&nbsp;&nbsp;_FMSTR_GetBoardConfig
</UL>

<P><STRONG><a name="[85]"></a>FMSTR_Init</STRONG> (Thumb, 186 bytes, Stack size 16 bytes, freemaster_protocol.o(.text.FMSTR_Init))
<BR><BR>[Stack]<UL><LI>Max Depth = 96<LI>Call Chain = FMSTR_Init &rArr; FMSTR_InitRec &rArr; FMSTR_RecorderCreate &rArr; FMSTR_GetAlignmentCorrection
</UL>
<BR>[Calls]<UL><LI><a href="#[89]">&gt;&gt;</a>&nbsp;&nbsp;&nbsp;FMSTR_InitAppCmds
<LI><a href="#[88]">&gt;&gt;</a>&nbsp;&nbsp;&nbsp;FMSTR_InitRec
<LI><a href="#[87]">&gt;&gt;</a>&nbsp;&nbsp;&nbsp;FMSTR_InitScope
<LI><a href="#[86]">&gt;&gt;</a>&nbsp;&nbsp;&nbsp;_FMSTR_MemSet
<LI><a href="#[8a]">&gt;&gt;</a>&nbsp;&nbsp;&nbsp;FMSTR_InitPipes
</UL>
<BR>[Called By]<UL><LI><a href="#[e2]">&gt;&gt;</a>&nbsp;&nbsp;&nbsp;Tms_Task_Init
</UL>

<P><STRONG><a name="[89]"></a>FMSTR_InitAppCmds</STRONG> (Thumb, 84 bytes, Stack size 4 bytes, freemaster_appcmd.o(.text.FMSTR_InitAppCmds))
<BR><BR>[Stack]<UL><LI>Max Depth = 4<LI>Call Chain = FMSTR_InitAppCmds
</UL>
<BR>[Called By]<UL><LI><a href="#[85]">&gt;&gt;</a>&nbsp;&nbsp;&nbsp;FMSTR_Init
</UL>

<P><STRONG><a name="[8a]"></a>FMSTR_InitPipes</STRONG> (Thumb, 52 bytes, Stack size 4 bytes, freemaster_pipes.o(.text.FMSTR_InitPipes))
<BR><BR>[Stack]<UL><LI>Max Depth = 4<LI>Call Chain = FMSTR_InitPipes
</UL>
<BR>[Called By]<UL><LI><a href="#[85]">&gt;&gt;</a>&nbsp;&nbsp;&nbsp;FMSTR_Init
</UL>

<P><STRONG><a name="[88]"></a>FMSTR_InitRec</STRONG> (Thumb, 76 bytes, Stack size 32 bytes, freemaster_rec.o(.text.FMSTR_InitRec))
<BR><BR>[Stack]<UL><LI>Max Depth = 80<LI>Call Chain = FMSTR_InitRec &rArr; FMSTR_RecorderCreate &rArr; FMSTR_GetAlignmentCorrection
</UL>
<BR>[Calls]<UL><LI><a href="#[8b]">&gt;&gt;</a>&nbsp;&nbsp;&nbsp;FMSTR_RecorderCreate
<LI><a href="#[7d]">&gt;&gt;</a>&nbsp;&nbsp;&nbsp;FMSTR_CAST_PTR_TO_ADDR_Func
<LI><a href="#[86]">&gt;&gt;</a>&nbsp;&nbsp;&nbsp;_FMSTR_MemSet
</UL>
<BR>[Called By]<UL><LI><a href="#[85]">&gt;&gt;</a>&nbsp;&nbsp;&nbsp;FMSTR_Init
</UL>

<P><STRONG><a name="[87]"></a>FMSTR_InitScope</STRONG> (Thumb, 22 bytes, Stack size 8 bytes, freemaster_scope.o(.text.FMSTR_InitScope))
<BR><BR>[Stack]<UL><LI>Max Depth = 24<LI>Call Chain = FMSTR_InitScope &rArr; _FMSTR_MemSet
</UL>
<BR>[Calls]<UL><LI><a href="#[86]">&gt;&gt;</a>&nbsp;&nbsp;&nbsp;_FMSTR_MemSet
</UL>
<BR>[Called By]<UL><LI><a href="#[85]">&gt;&gt;</a>&nbsp;&nbsp;&nbsp;FMSTR_Init
</UL>

<P><STRONG><a name="[72]"></a>FMSTR_MemCpyFrom</STRONG> (Thumb, 154 bytes, Stack size 32 bytes, freemaster_utils.o(.text.FMSTR_MemCpyFrom))
<BR><BR>[Stack]<UL><LI>Max Depth = 88<LI>Call Chain = FMSTR_MemCpyFrom &rArr; _FMSTR_MemCpySrcAligned &rArr; _FMSTR_CopySrcAligned_U32
</UL>
<BR>[Calls]<UL><LI><a href="#[8f]">&gt;&gt;</a>&nbsp;&nbsp;&nbsp;_FMSTR_MemCpySrcAligned
<LI><a href="#[8e]">&gt;&gt;</a>&nbsp;&nbsp;&nbsp;_FMSTR_CopySrcAligned_U16
<LI><a href="#[8d]">&gt;&gt;</a>&nbsp;&nbsp;&nbsp;FMSTR_CAST_ADDR_TO_PTR_Func
<LI><a href="#[6d]">&gt;&gt;</a>&nbsp;&nbsp;&nbsp;FMSTR_CAST_PTR_TO_ADDR_Func
</UL>
<BR>[Called By]<UL><LI><a href="#[71]">&gt;&gt;</a>&nbsp;&nbsp;&nbsp;FMSTR_CopyToBuffer
</UL>

<P><STRONG><a name="[38]"></a>FMSTR_MemCpySrcAligned_16</STRONG> (Thumb, 36 bytes, Stack size 24 bytes, freemaster_utils.o(.text.FMSTR_MemCpySrcAligned_16))
<BR><BR>[Stack]<UL><LI>Max Depth = 40<LI>Call Chain = FMSTR_MemCpySrcAligned_16 &rArr; _FMSTR_CopySrcAligned_U16
</UL>
<BR>[Calls]<UL><LI><a href="#[8e]">&gt;&gt;</a>&nbsp;&nbsp;&nbsp;_FMSTR_CopySrcAligned_U16
<LI><a href="#[8d]">&gt;&gt;</a>&nbsp;&nbsp;&nbsp;FMSTR_CAST_ADDR_TO_PTR_Func
</UL>
<BR>[Address Reference Count : 1]<UL><LI> freemaster_rec.o(.text._FMSTR_RecVarCfg)
</UL>
<P><STRONG><a name="[39]"></a>FMSTR_MemCpySrcAligned_32</STRONG> (Thumb, 36 bytes, Stack size 24 bytes, freemaster_utils.o(.text.FMSTR_MemCpySrcAligned_32))
<BR><BR>[Stack]<UL><LI>Max Depth = 40<LI>Call Chain = FMSTR_MemCpySrcAligned_32 &rArr; _FMSTR_CopySrcAligned_U32
</UL>
<BR>[Calls]<UL><LI><a href="#[90]">&gt;&gt;</a>&nbsp;&nbsp;&nbsp;_FMSTR_CopySrcAligned_U32
<LI><a href="#[8d]">&gt;&gt;</a>&nbsp;&nbsp;&nbsp;FMSTR_CAST_ADDR_TO_PTR_Func
</UL>
<BR>[Address Reference Count : 1]<UL><LI> freemaster_rec.o(.text._FMSTR_RecVarCfg)
</UL>
<P><STRONG><a name="[3a]"></a>FMSTR_MemCpySrcAligned_64</STRONG> (Thumb, 36 bytes, Stack size 24 bytes, freemaster_utils.o(.text.FMSTR_MemCpySrcAligned_64))
<BR><BR>[Stack]<UL><LI>Max Depth = 48<LI>Call Chain = FMSTR_MemCpySrcAligned_64 &rArr; _FMSTR_CopySrcAligned_U64
</UL>
<BR>[Calls]<UL><LI><a href="#[91]">&gt;&gt;</a>&nbsp;&nbsp;&nbsp;_FMSTR_CopySrcAligned_U64
<LI><a href="#[8d]">&gt;&gt;</a>&nbsp;&nbsp;&nbsp;FMSTR_CAST_ADDR_TO_PTR_Func
</UL>
<BR>[Address Reference Count : 1]<UL><LI> freemaster_rec.o(.text._FMSTR_RecVarCfg)
</UL>
<P><STRONG><a name="[37]"></a>FMSTR_MemCpySrcAligned_8</STRONG> (Thumb, 36 bytes, Stack size 24 bytes, freemaster_utils.o(.text.FMSTR_MemCpySrcAligned_8))
<BR><BR>[Stack]<UL><LI>Max Depth = 28<LI>Call Chain = FMSTR_MemCpySrcAligned_8 &rArr; FMSTR_CAST_ADDR_TO_PTR_Func
</UL>
<BR>[Calls]<UL><LI><a href="#[8d]">&gt;&gt;</a>&nbsp;&nbsp;&nbsp;FMSTR_CAST_ADDR_TO_PTR_Func
</UL>
<BR>[Address Reference Count : 1]<UL><LI> freemaster_rec.o(.text._FMSTR_RecVarCfg)
</UL>
<P><STRONG><a name="[6e]"></a>FMSTR_MemCpyTo</STRONG> (Thumb, 160 bytes, Stack size 40 bytes, freemaster_utils.o(.text.FMSTR_MemCpyTo))
<BR><BR>[Stack]<UL><LI>Max Depth = 96<LI>Call Chain = FMSTR_MemCpyTo &rArr; _FMSTR_MemCpyDstAligned &rArr; _FMSTR_CopyDstAligned_U32
</UL>
<BR>[Calls]<UL><LI><a href="#[93]">&gt;&gt;</a>&nbsp;&nbsp;&nbsp;_FMSTR_MemCpyDstAligned
<LI><a href="#[92]">&gt;&gt;</a>&nbsp;&nbsp;&nbsp;_FMSTR_CopyDstAligned_U16
<LI><a href="#[8d]">&gt;&gt;</a>&nbsp;&nbsp;&nbsp;FMSTR_CAST_ADDR_TO_PTR_Func
<LI><a href="#[6d]">&gt;&gt;</a>&nbsp;&nbsp;&nbsp;FMSTR_CAST_PTR_TO_ADDR_Func
</UL>
<BR>[Called By]<UL><LI><a href="#[6c]">&gt;&gt;</a>&nbsp;&nbsp;&nbsp;FMSTR_CopyFromBuffer
</UL>

<P><STRONG><a name="[70]"></a>FMSTR_MemCpyToMasked</STRONG> (Thumb, 236 bytes, Stack size 56 bytes, freemaster_utils.o(.text.FMSTR_MemCpyToMasked))
<BR><BR>[Stack]<UL><LI>Max Depth = 152<LI>Call Chain = FMSTR_MemCpyToMasked &rArr; _FMSTR_MemCpyMaskedDstAligned &rArr; _FMSTR_CopyMaskedDstAligned_U32 &rArr; _FMSTR_CopyDstAligned_U32
</UL>
<BR>[Calls]<UL><LI><a href="#[95]">&gt;&gt;</a>&nbsp;&nbsp;&nbsp;_FMSTR_MemCpyMaskedDstAligned
<LI><a href="#[94]">&gt;&gt;</a>&nbsp;&nbsp;&nbsp;_FMSTR_CopyMaskedDstAligned_U16
<LI><a href="#[8d]">&gt;&gt;</a>&nbsp;&nbsp;&nbsp;FMSTR_CAST_ADDR_TO_PTR_Func
<LI><a href="#[6d]">&gt;&gt;</a>&nbsp;&nbsp;&nbsp;FMSTR_CAST_PTR_TO_ADDR_Func
</UL>
<BR>[Called By]<UL><LI><a href="#[6f]">&gt;&gt;</a>&nbsp;&nbsp;&nbsp;FMSTR_CopyFromBufferWithMask
</UL>

<P><STRONG><a name="[96]"></a>FMSTR_PipeFrame</STRONG> (Thumb, 480 bytes, Stack size 56 bytes, freemaster_pipes.o(.text.FMSTR_PipeFrame))
<BR><BR>[Stack]<UL><LI>Max Depth = 208<LI>Call Chain = FMSTR_PipeFrame &rArr; _FMSTR_PipeReceive &rArr; FMSTR_CopyFromBuffer &rArr; FMSTR_MemCpyTo &rArr; _FMSTR_MemCpyDstAligned &rArr; _FMSTR_CopyDstAligned_U32
</UL>
<BR>[Calls]<UL><LI><a href="#[78]">&gt;&gt;</a>&nbsp;&nbsp;&nbsp;_FMSTR_FindPipe
<LI><a href="#[9a]">&gt;&gt;</a>&nbsp;&nbsp;&nbsp;_FMSTR_PipeGetBytesReady
<LI><a href="#[98]">&gt;&gt;</a>&nbsp;&nbsp;&nbsp;_FMSTR_PipeGetBytesFree
<LI><a href="#[9b]">&gt;&gt;</a>&nbsp;&nbsp;&nbsp;_FMSTR_PipeTransmit
<LI><a href="#[99]">&gt;&gt;</a>&nbsp;&nbsp;&nbsp;_FMSTR_PipeReceive
<LI><a href="#[97]">&gt;&gt;</a>&nbsp;&nbsp;&nbsp;_FMSTR_PipeDiscardBytes
</UL>
<BR>[Called By]<UL><LI><a href="#[a0]">&gt;&gt;</a>&nbsp;&nbsp;&nbsp;FMSTR_ProtocolDecoder
</UL>

<P><STRONG><a name="[eb]"></a>FMSTR_Poll</STRONG> (Thumb, 16 bytes, Stack size 8 bytes, freemaster_protocol.o(.text.FMSTR_Poll))
<BR><BR>[Stack]<UL><LI>Max Depth = 8<LI>Call Chain = FMSTR_Poll
</UL>
<BR>[Called By]<UL><LI><a href="#[ea]">&gt;&gt;</a>&nbsp;&nbsp;&nbsp;Tms_Task_Idle
</UL>

<P><STRONG><a name="[9c]"></a>FMSTR_ProcessSerial</STRONG> (Thumb, 218 bytes, Stack size 16 bytes, freemaster_serial.o(.text.FMSTR_ProcessSerial))
<BR><BR>[Stack]<UL><LI>Max Depth = 336<LI>Call Chain = FMSTR_ProcessSerial &rArr; _FMSTR_Rx &rArr; FMSTR_ProtocolDecoder &rArr; FMSTR_GetRecCmd &rArr; FMSTR_CopyToBuffer &rArr; FMSTR_MemCpyFrom &rArr; _FMSTR_MemCpySrcAligned &rArr; _FMSTR_CopySrcAligned_U32
</UL>
<BR>[Calls]<UL><LI><a href="#[9f]">&gt;&gt;</a>&nbsp;&nbsp;&nbsp;_FMSTR_Rx
<LI><a href="#[9d]">&gt;&gt;</a>&nbsp;&nbsp;&nbsp;_FMSTR_Tx
<LI><a href="#[9e]">&gt;&gt;</a>&nbsp;&nbsp;&nbsp;_FMSTR_Listen
</UL>
<BR>[Called By]<UL><LI><a href="#[46]">&gt;&gt;</a>&nbsp;&nbsp;&nbsp;_FMSTR_SerialPoll
</UL>

<P><STRONG><a name="[a0]"></a>FMSTR_ProtocolDecoder</STRONG> (Thumb, 396 bytes, Stack size 56 bytes, freemaster_protocol.o(.text.FMSTR_ProtocolDecoder))
<BR><BR>[Stack]<UL><LI>Max Depth = 280<LI>Call Chain = FMSTR_ProtocolDecoder &rArr; FMSTR_GetRecCmd &rArr; FMSTR_CopyToBuffer &rArr; FMSTR_MemCpyFrom &rArr; _FMSTR_MemCpySrcAligned &rArr; _FMSTR_CopySrcAligned_U32
</UL>
<BR>[Calls]<UL><LI><a href="#[73]">&gt;&gt;</a>&nbsp;&nbsp;&nbsp;FMSTR_GetAppCmdRespData
<LI><a href="#[75]">&gt;&gt;</a>&nbsp;&nbsp;&nbsp;FMSTR_GetAppCmdStatus
<LI><a href="#[a6]">&gt;&gt;</a>&nbsp;&nbsp;&nbsp;FMSTR_StoreAppCmd
<LI><a href="#[a9]">&gt;&gt;</a>&nbsp;&nbsp;&nbsp;FMSTR_ReadScope
<LI><a href="#[a8]">&gt;&gt;</a>&nbsp;&nbsp;&nbsp;FMSTR_SetScope
<LI><a href="#[a7]">&gt;&gt;</a>&nbsp;&nbsp;&nbsp;FMSTR_SetRecCmd
<LI><a href="#[7a]">&gt;&gt;</a>&nbsp;&nbsp;&nbsp;FMSTR_GetRecCmd
<LI><a href="#[a5]">&gt;&gt;</a>&nbsp;&nbsp;&nbsp;_FMSTR_WriteMem
<LI><a href="#[a4]">&gt;&gt;</a>&nbsp;&nbsp;&nbsp;_FMSTR_ReadMemBaseAddress
<LI><a href="#[a3]">&gt;&gt;</a>&nbsp;&nbsp;&nbsp;_FMSTR_ReadMem
<LI><a href="#[a2]">&gt;&gt;</a>&nbsp;&nbsp;&nbsp;_FMSTR_GetBoardConfig
<LI><a href="#[aa]">&gt;&gt;</a>&nbsp;&nbsp;&nbsp;FMSTR_SendResponse
<LI><a href="#[a1]">&gt;&gt;</a>&nbsp;&nbsp;&nbsp;_FMSTR_FindSession
<LI><a href="#[96]">&gt;&gt;</a>&nbsp;&nbsp;&nbsp;FMSTR_PipeFrame
<LI><a href="#[77]">&gt;&gt;</a>&nbsp;&nbsp;&nbsp;FMSTR_GetPipe
</UL>
<BR>[Called By]<UL><LI><a href="#[9f]">&gt;&gt;</a>&nbsp;&nbsp;&nbsp;_FMSTR_Rx
</UL>

<P><STRONG><a name="[a9]"></a>FMSTR_ReadScope</STRONG> (Thumb, 216 bytes, Stack size 40 bytes, freemaster_scope.o(.text.FMSTR_ReadScope))
<BR><BR>[Stack]<UL><LI>Max Depth = 152<LI>Call Chain = FMSTR_ReadScope &rArr; FMSTR_CopyToBuffer &rArr; FMSTR_MemCpyFrom &rArr; _FMSTR_MemCpySrcAligned &rArr; _FMSTR_CopySrcAligned_U32
</UL>
<BR>[Calls]<UL><LI><a href="#[71]">&gt;&gt;</a>&nbsp;&nbsp;&nbsp;FMSTR_CopyToBuffer
</UL>
<BR>[Called By]<UL><LI><a href="#[a0]">&gt;&gt;</a>&nbsp;&nbsp;&nbsp;FMSTR_ProtocolDecoder
</UL>

<P><STRONG><a name="[8b]"></a>FMSTR_RecorderCreate</STRONG> (Thumb, 224 bytes, Stack size 32 bytes, freemaster_rec.o(.text.FMSTR_RecorderCreate))
<BR><BR>[Stack]<UL><LI>Max Depth = 48<LI>Call Chain = FMSTR_RecorderCreate &rArr; FMSTR_GetAlignmentCorrection
</UL>
<BR>[Calls]<UL><LI><a href="#[ac]">&gt;&gt;</a>&nbsp;&nbsp;&nbsp;FMSTR_GetAlignmentCorrection
<LI><a href="#[ab]">&gt;&gt;</a>&nbsp;&nbsp;&nbsp;FMSTR_ADDR_VALID_Func
<LI><a href="#[7c]">&gt;&gt;</a>&nbsp;&nbsp;&nbsp;_FMSTR_GetRecorderBufferByRecIx
<LI><a href="#[86]">&gt;&gt;</a>&nbsp;&nbsp;&nbsp;_FMSTR_MemSet
</UL>
<BR>[Called By]<UL><LI><a href="#[88]">&gt;&gt;</a>&nbsp;&nbsp;&nbsp;FMSTR_InitRec
</UL>

<P><STRONG><a name="[aa]"></a>FMSTR_SendResponse</STRONG> (Thumb, 62 bytes, Stack size 24 bytes, freemaster_protocol.o(.text.FMSTR_SendResponse))
<BR><BR>[Stack]<UL><LI>Max Depth = 24<LI>Call Chain = FMSTR_SendResponse
</UL>
<BR>[Called By]<UL><LI><a href="#[a0]">&gt;&gt;</a>&nbsp;&nbsp;&nbsp;FMSTR_ProtocolDecoder
</UL>

<P><STRONG><a name="[a7]"></a>FMSTR_SetRecCmd</STRONG> (Thumb, 326 bytes, Stack size 56 bytes, freemaster_rec.o(.text.FMSTR_SetRecCmd))
<BR><BR>[Stack]<UL><LI>Max Depth = 216<LI>Call Chain = FMSTR_SetRecCmd &rArr; _FMSTR_SetRecCmd_CFGVAR &rArr; FMSTR_AddressFromBuffer &rArr; FMSTR_UlebDecode &rArr; FMSTR_LebDecode &rArr; _FMSTR_MemSet
</UL>
<BR>[Calls]<UL><LI><a href="#[b0]">&gt;&gt;</a>&nbsp;&nbsp;&nbsp;_FMSTR_AbortRec
<LI><a href="#[af]">&gt;&gt;</a>&nbsp;&nbsp;&nbsp;_FMSTR_StartRec
<LI><a href="#[ae]">&gt;&gt;</a>&nbsp;&nbsp;&nbsp;_FMSTR_SetRecCmd_CFGVAR
<LI><a href="#[ad]">&gt;&gt;</a>&nbsp;&nbsp;&nbsp;_FMSTR_SetRecCmd_CFGMEM
<LI><a href="#[7b]">&gt;&gt;</a>&nbsp;&nbsp;&nbsp;_FMSTR_GetRecorderByRecIx
</UL>
<BR>[Called By]<UL><LI><a href="#[a0]">&gt;&gt;</a>&nbsp;&nbsp;&nbsp;FMSTR_ProtocolDecoder
</UL>

<P><STRONG><a name="[a8]"></a>FMSTR_SetScope</STRONG> (Thumb, 302 bytes, Stack size 48 bytes, freemaster_scope.o(.text.FMSTR_SetScope))
<BR><BR>[Stack]<UL><LI>Max Depth = 184<LI>Call Chain = FMSTR_SetScope &rArr; _FMSTR_SetScope_CFGVAR &rArr; FMSTR_AddressFromBuffer &rArr; FMSTR_UlebDecode &rArr; FMSTR_LebDecode &rArr; _FMSTR_MemSet
</UL>
<BR>[Calls]<UL><LI><a href="#[b2]">&gt;&gt;</a>&nbsp;&nbsp;&nbsp;_FMSTR_SetScope_CFGVAR
<LI><a href="#[b1]">&gt;&gt;</a>&nbsp;&nbsp;&nbsp;_FMSTR_SetScope_CFGMEM
</UL>
<BR>[Called By]<UL><LI><a href="#[a0]">&gt;&gt;</a>&nbsp;&nbsp;&nbsp;FMSTR_ProtocolDecoder
</UL>

<P><STRONG><a name="[74]"></a>FMSTR_SizeFromBuffer</STRONG> (Thumb, 22 bytes, Stack size 16 bytes, freemaster_utils.o(.text.FMSTR_SizeFromBuffer))
<BR><BR>[Stack]<UL><LI>Max Depth = 96<LI>Call Chain = FMSTR_SizeFromBuffer &rArr; FMSTR_UlebDecode &rArr; FMSTR_LebDecode &rArr; _FMSTR_MemSet
</UL>
<BR>[Calls]<UL><LI><a href="#[69]">&gt;&gt;</a>&nbsp;&nbsp;&nbsp;FMSTR_UlebDecode
</UL>
<BR>[Called By]<UL><LI><a href="#[73]">&gt;&gt;</a>&nbsp;&nbsp;&nbsp;FMSTR_GetAppCmdRespData
<LI><a href="#[ad]">&gt;&gt;</a>&nbsp;&nbsp;&nbsp;_FMSTR_SetRecCmd_CFGMEM
<LI><a href="#[a5]">&gt;&gt;</a>&nbsp;&nbsp;&nbsp;_FMSTR_WriteMem
<LI><a href="#[a4]">&gt;&gt;</a>&nbsp;&nbsp;&nbsp;_FMSTR_ReadMemBaseAddress
<LI><a href="#[a3]">&gt;&gt;</a>&nbsp;&nbsp;&nbsp;_FMSTR_ReadMem
</UL>

<P><STRONG><a name="[7e]"></a>FMSTR_SizeToBuffer</STRONG> (Thumb, 22 bytes, Stack size 16 bytes, freemaster_utils.o(.text.FMSTR_SizeToBuffer))
<BR><BR>[Stack]<UL><LI>Max Depth = 48<LI>Call Chain = FMSTR_SizeToBuffer &rArr; FMSTR_UlebEncode
</UL>
<BR>[Calls]<UL><LI><a href="#[6b]">&gt;&gt;</a>&nbsp;&nbsp;&nbsp;FMSTR_UlebEncode
</UL>
<BR>[Called By]<UL><LI><a href="#[7a]">&gt;&gt;</a>&nbsp;&nbsp;&nbsp;FMSTR_GetRecCmd
<LI><a href="#[a2]">&gt;&gt;</a>&nbsp;&nbsp;&nbsp;_FMSTR_GetBoardConfig
</UL>

<P><STRONG><a name="[84]"></a>FMSTR_SlebDecode</STRONG> (Thumb, 26 bytes, Stack size 24 bytes, freemaster_utils.o(.text.FMSTR_SlebDecode))
<BR><BR>[Stack]<UL><LI>Max Depth = 80<LI>Call Chain = FMSTR_SlebDecode &rArr; FMSTR_LebDecode &rArr; _FMSTR_MemSet
</UL>
<BR>[Calls]<UL><LI><a href="#[8c]">&gt;&gt;</a>&nbsp;&nbsp;&nbsp;FMSTR_LebDecode
</UL>
<BR>[Called By]<UL><LI><a href="#[ae]">&gt;&gt;</a>&nbsp;&nbsp;&nbsp;_FMSTR_SetRecCmd_CFGVAR
<LI><a href="#[83]">&gt;&gt;</a>&nbsp;&nbsp;&nbsp;FMSTR_IndexFromBuffer
</UL>

<P><STRONG><a name="[a6]"></a>FMSTR_StoreAppCmd</STRONG> (Thumb, 204 bytes, Stack size 48 bytes, freemaster_appcmd.o(.text.FMSTR_StoreAppCmd))
<BR><BR>[Stack]<UL><LI>Max Depth = 168<LI>Call Chain = FMSTR_StoreAppCmd &rArr; FMSTR_CopyFromBuffer &rArr; FMSTR_MemCpyTo &rArr; _FMSTR_MemCpyDstAligned &rArr; _FMSTR_CopyDstAligned_U32
</UL>
<BR>[Calls]<UL><LI><a href="#[6c]">&gt;&gt;</a>&nbsp;&nbsp;&nbsp;FMSTR_CopyFromBuffer
</UL>
<BR>[Called By]<UL><LI><a href="#[a0]">&gt;&gt;</a>&nbsp;&nbsp;&nbsp;FMSTR_ProtocolDecoder
</UL>

<P><STRONG><a name="[fd]"></a>FMSTR_StringCopyToBuffer</STRONG> (Thumb, 54 bytes, Stack size 8 bytes, freemaster_utils.o(.text.FMSTR_StringCopyToBuffer))
<BR><BR>[Stack]<UL><LI>Max Depth = 8<LI>Call Chain = FMSTR_StringCopyToBuffer
</UL>
<BR>[Called By]<UL><LI><a href="#[a2]">&gt;&gt;</a>&nbsp;&nbsp;&nbsp;_FMSTR_GetBoardConfig
</UL>

<P><STRONG><a name="[fb]"></a>FMSTR_StringFromBuffer</STRONG> (Thumb, 96 bytes, Stack size 20 bytes, freemaster_utils.o(.text.FMSTR_StringFromBuffer))
<BR><BR>[Stack]<UL><LI>Max Depth = 20<LI>Call Chain = FMSTR_StringFromBuffer
</UL>
<BR>[Called By]<UL><LI><a href="#[a2]">&gt;&gt;</a>&nbsp;&nbsp;&nbsp;_FMSTR_GetBoardConfig
</UL>

<P><STRONG><a name="[7f]"></a>FMSTR_ULebToBuffer</STRONG> (Thumb, 22 bytes, Stack size 16 bytes, freemaster_utils.o(.text.FMSTR_ULebToBuffer))
<BR><BR>[Stack]<UL><LI>Max Depth = 48<LI>Call Chain = FMSTR_ULebToBuffer &rArr; FMSTR_UlebEncode
</UL>
<BR>[Calls]<UL><LI><a href="#[6b]">&gt;&gt;</a>&nbsp;&nbsp;&nbsp;FMSTR_UlebEncode
</UL>
<BR>[Called By]<UL><LI><a href="#[7a]">&gt;&gt;</a>&nbsp;&nbsp;&nbsp;FMSTR_GetRecCmd
</UL>

<P><STRONG><a name="[69]"></a>FMSTR_UlebDecode</STRONG> (Thumb, 26 bytes, Stack size 24 bytes, freemaster_utils.o(.text.FMSTR_UlebDecode))
<BR><BR>[Stack]<UL><LI>Max Depth = 80<LI>Call Chain = FMSTR_UlebDecode &rArr; FMSTR_LebDecode &rArr; _FMSTR_MemSet
</UL>
<BR>[Calls]<UL><LI><a href="#[8c]">&gt;&gt;</a>&nbsp;&nbsp;&nbsp;FMSTR_LebDecode
</UL>
<BR>[Called By]<UL><LI><a href="#[74]">&gt;&gt;</a>&nbsp;&nbsp;&nbsp;FMSTR_SizeFromBuffer
<LI><a href="#[ae]">&gt;&gt;</a>&nbsp;&nbsp;&nbsp;_FMSTR_SetRecCmd_CFGVAR
<LI><a href="#[68]">&gt;&gt;</a>&nbsp;&nbsp;&nbsp;FMSTR_AddressFromBuffer
</UL>

<P><STRONG><a name="[6b]"></a>FMSTR_UlebEncode</STRONG> (Thumb, 308 bytes, Stack size 32 bytes, freemaster_utils.o(.text.FMSTR_UlebEncode))
<BR><BR>[Stack]<UL><LI>Max Depth = 32<LI>Call Chain = FMSTR_UlebEncode
</UL>
<BR>[Called By]<UL><LI><a href="#[6a]">&gt;&gt;</a>&nbsp;&nbsp;&nbsp;FMSTR_AddressToBuffer
<LI><a href="#[7f]">&gt;&gt;</a>&nbsp;&nbsp;&nbsp;FMSTR_ULebToBuffer
<LI><a href="#[7e]">&gt;&gt;</a>&nbsp;&nbsp;&nbsp;FMSTR_SizeToBuffer
</UL>

<P><STRONG><a name="[50]"></a>Fm_Uart_Flush</STRONG> (Thumb, 28 bytes, Stack size 0 bytes, freemaster_uart_user.o(.text.Fm_Uart_Flush))
<BR>[Address Reference Count : 1]<UL><LI> freemaster_uart_user.o(.rodata.FmUartDrv)
</UL>
<P><STRONG><a name="[4f]"></a>Fm_Uart_GetChar</STRONG> (Thumb, 34 bytes, Stack size 16 bytes, freemaster_uart_user.o(.text.Fm_Uart_GetChar))
<BR><BR>[Stack]<UL><LI>Max Depth = 112<LI>Call Chain = Fm_Uart_GetChar &rArr; HAL_UART_Receive &rArr; UART_WaitOnFlagUntilTimeout &rArr; UART_EndRxTransfer
</UL>
<BR>[Calls]<UL><LI><a href="#[b3]">&gt;&gt;</a>&nbsp;&nbsp;&nbsp;HAL_UART_Receive
</UL>
<BR>[Address Reference Count : 1]<UL><LI> freemaster_uart_user.o(.rodata.FmUartDrv)
</UL>
<P><STRONG><a name="[4c]"></a>Fm_Uart_IsReceiveRegFull</STRONG> (Thumb, 18 bytes, Stack size 0 bytes, freemaster_uart_user.o(.text.Fm_Uart_IsReceiveRegFull))
<BR>[Address Reference Count : 1]<UL><LI> freemaster_uart_user.o(.rodata.FmUartDrv)
</UL>
<P><STRONG><a name="[4b]"></a>Fm_Uart_IsTransmitRegEmpty</STRONG> (Thumb, 18 bytes, Stack size 0 bytes, freemaster_uart_user.o(.text.Fm_Uart_IsTransmitRegEmpty))
<BR>[Address Reference Count : 1]<UL><LI> freemaster_uart_user.o(.rodata.FmUartDrv)
</UL>
<P><STRONG><a name="[4d]"></a>Fm_Uart_IsTransmitterActive</STRONG> (Thumb, 24 bytes, Stack size 0 bytes, freemaster_uart_user.o(.text.Fm_Uart_IsTransmitterActive))
<BR>[Address Reference Count : 1]<UL><LI> freemaster_uart_user.o(.rodata.FmUartDrv)
</UL>
<P><STRONG><a name="[4e]"></a>Fm_Uart_PutChar</STRONG> (Thumb, 34 bytes, Stack size 16 bytes, freemaster_uart_user.o(.text.Fm_Uart_PutChar))
<BR><BR>[Stack]<UL><LI>Max Depth = 112<LI>Call Chain = Fm_Uart_PutChar &rArr; HAL_UART_Transmit &rArr; UART_WaitOnFlagUntilTimeout &rArr; UART_EndRxTransfer
</UL>
<BR>[Calls]<UL><LI><a href="#[b4]">&gt;&gt;</a>&nbsp;&nbsp;&nbsp;HAL_UART_Transmit
</UL>
<BR>[Address Reference Count : 1]<UL><LI> freemaster_uart_user.o(.rodata.FmUartDrv)
</UL>
<P><STRONG><a name="[c1]"></a>HAL_GPIO_Init</STRONG> (Thumb, 798 bytes, Stack size 64 bytes, stm32f1xx_hal_gpio.o(.text.HAL_GPIO_Init))
<BR><BR>[Stack]<UL><LI>Max Depth = 64<LI>Call Chain = HAL_GPIO_Init
</UL>
<BR>[Called By]<UL><LI><a href="#[d4]">&gt;&gt;</a>&nbsp;&nbsp;&nbsp;HAL_UART_MspInit
<LI><a href="#[b6]">&gt;&gt;</a>&nbsp;&nbsp;&nbsp;HAL_I2C_MspInit
<LI><a href="#[d9]">&gt;&gt;</a>&nbsp;&nbsp;&nbsp;MX_GPIO_Init
</UL>

<P><STRONG><a name="[da]"></a>HAL_GPIO_WritePin</STRONG> (Thumb, 46 bytes, Stack size 8 bytes, stm32f1xx_hal_gpio.o(.text.HAL_GPIO_WritePin))
<BR><BR>[Stack]<UL><LI>Max Depth = 8<LI>Call Chain = HAL_GPIO_WritePin
</UL>
<BR>[Called By]<UL><LI><a href="#[e6]">&gt;&gt;</a>&nbsp;&nbsp;&nbsp;Tms_Task_50ms
<LI><a href="#[d9]">&gt;&gt;</a>&nbsp;&nbsp;&nbsp;MX_GPIO_Init
</UL>

<P><STRONG><a name="[b9]"></a>HAL_GetTick</STRONG> (Thumb, 12 bytes, Stack size 0 bytes, stm32f1xx_hal.o(.text.HAL_GetTick))
<BR><BR>[Called By]<UL><LI><a href="#[d6]">&gt;&gt;</a>&nbsp;&nbsp;&nbsp;UART_WaitOnFlagUntilTimeout
<LI><a href="#[bc]">&gt;&gt;</a>&nbsp;&nbsp;&nbsp;I2C_WaitOnRXNEFlagUntilTimeout
<LI><a href="#[d7]">&gt;&gt;</a>&nbsp;&nbsp;&nbsp;I2C_WaitOnMasterAddressFlagUntilTimeout
<LI><a href="#[c0]">&gt;&gt;</a>&nbsp;&nbsp;&nbsp;I2C_WaitOnBTFFlagUntilTimeout
<LI><a href="#[bf]">&gt;&gt;</a>&nbsp;&nbsp;&nbsp;I2C_WaitOnTXEFlagUntilTimeout
<LI><a href="#[ba]">&gt;&gt;</a>&nbsp;&nbsp;&nbsp;I2C_WaitOnFlagUntilTimeout
<LI><a href="#[b3]">&gt;&gt;</a>&nbsp;&nbsp;&nbsp;HAL_UART_Receive
<LI><a href="#[b4]">&gt;&gt;</a>&nbsp;&nbsp;&nbsp;HAL_UART_Transmit
<LI><a href="#[b8]">&gt;&gt;</a>&nbsp;&nbsp;&nbsp;HAL_I2C_Master_Receive
<LI><a href="#[bd]">&gt;&gt;</a>&nbsp;&nbsp;&nbsp;HAL_I2C_Master_Transmit
<LI><a href="#[cc]">&gt;&gt;</a>&nbsp;&nbsp;&nbsp;HAL_RCC_ClockConfig
<LI><a href="#[d0]">&gt;&gt;</a>&nbsp;&nbsp;&nbsp;HAL_RCC_OscConfig
<LI><a href="#[e3]">&gt;&gt;</a>&nbsp;&nbsp;&nbsp;Tms_If_Poll
</UL>

<P><STRONG><a name="[b5]"></a>HAL_I2C_Init</STRONG> (Thumb, 676 bytes, Stack size 64 bytes, stm32f1xx_hal_i2c.o(.text.HAL_I2C_Init))
<BR><BR>[Stack]<UL><LI>Max Depth = 168<LI>Call Chain = HAL_I2C_Init &rArr; HAL_I2C_MspInit &rArr; HAL_GPIO_Init
</UL>
<BR>[Calls]<UL><LI><a href="#[b7]">&gt;&gt;</a>&nbsp;&nbsp;&nbsp;HAL_RCC_GetPCLK1Freq
<LI><a href="#[b6]">&gt;&gt;</a>&nbsp;&nbsp;&nbsp;HAL_I2C_MspInit
</UL>
<BR>[Called By]<UL><LI><a href="#[db]">&gt;&gt;</a>&nbsp;&nbsp;&nbsp;MX_I2C1_Init
</UL>

<P><STRONG><a name="[b8]"></a>HAL_I2C_Master_Receive</STRONG> (Thumb, 1212 bytes, Stack size 72 bytes, stm32f1xx_hal_i2c.o(.text.HAL_I2C_Master_Receive))
<BR><BR>[Stack]<UL><LI>Max Depth = 152<LI>Call Chain = HAL_I2C_Master_Receive &rArr; I2C_MasterRequestRead &rArr; I2C_WaitOnMasterAddressFlagUntilTimeout
</UL>
<BR>[Calls]<UL><LI><a href="#[b9]">&gt;&gt;</a>&nbsp;&nbsp;&nbsp;HAL_GetTick
<LI><a href="#[bc]">&gt;&gt;</a>&nbsp;&nbsp;&nbsp;I2C_WaitOnRXNEFlagUntilTimeout
<LI><a href="#[bb]">&gt;&gt;</a>&nbsp;&nbsp;&nbsp;I2C_MasterRequestRead
<LI><a href="#[ba]">&gt;&gt;</a>&nbsp;&nbsp;&nbsp;I2C_WaitOnFlagUntilTimeout
</UL>
<BR>[Called By]<UL><LI><a href="#[66]">&gt;&gt;</a>&nbsp;&nbsp;&nbsp;I2c_If_Receive
</UL>

<P><STRONG><a name="[bd]"></a>HAL_I2C_Master_Transmit</STRONG> (Thumb, 520 bytes, Stack size 40 bytes, stm32f1xx_hal_i2c.o(.text.HAL_I2C_Master_Transmit))
<BR><BR>[Stack]<UL><LI>Max Depth = 120<LI>Call Chain = HAL_I2C_Master_Transmit &rArr; I2C_MasterRequestWrite &rArr; I2C_WaitOnMasterAddressFlagUntilTimeout
</UL>
<BR>[Calls]<UL><LI><a href="#[b9]">&gt;&gt;</a>&nbsp;&nbsp;&nbsp;HAL_GetTick
<LI><a href="#[c0]">&gt;&gt;</a>&nbsp;&nbsp;&nbsp;I2C_WaitOnBTFFlagUntilTimeout
<LI><a href="#[bf]">&gt;&gt;</a>&nbsp;&nbsp;&nbsp;I2C_WaitOnTXEFlagUntilTimeout
<LI><a href="#[be]">&gt;&gt;</a>&nbsp;&nbsp;&nbsp;I2C_MasterRequestWrite
<LI><a href="#[ba]">&gt;&gt;</a>&nbsp;&nbsp;&nbsp;I2C_WaitOnFlagUntilTimeout
</UL>
<BR>[Called By]<UL><LI><a href="#[65]">&gt;&gt;</a>&nbsp;&nbsp;&nbsp;I2c_If_Transmit
</UL>

<P><STRONG><a name="[b6]"></a>HAL_I2C_MspInit</STRONG> (Thumb, 162 bytes, Stack size 40 bytes, i2c.o(.text.HAL_I2C_MspInit))
<BR><BR>[Stack]<UL><LI>Max Depth = 104<LI>Call Chain = HAL_I2C_MspInit &rArr; HAL_GPIO_Init
</UL>
<BR>[Calls]<UL><LI><a href="#[c1]">&gt;&gt;</a>&nbsp;&nbsp;&nbsp;HAL_GPIO_Init
</UL>
<BR>[Called By]<UL><LI><a href="#[b5]">&gt;&gt;</a>&nbsp;&nbsp;&nbsp;HAL_I2C_Init
</UL>

<P><STRONG><a name="[de]"></a>HAL_IncTick</STRONG> (Thumb, 26 bytes, Stack size 0 bytes, stm32f1xx_hal.o(.text.HAL_IncTick))
<BR><BR>[Called By]<UL><LI><a href="#[9]">&gt;&gt;</a>&nbsp;&nbsp;&nbsp;SysTick_Handler
</UL>

<P><STRONG><a name="[c2]"></a>HAL_Init</STRONG> (Thumb, 38 bytes, Stack size 8 bytes, stm32f1xx_hal.o(.text.HAL_Init))
<BR><BR>[Stack]<UL><LI>Max Depth = 88<LI>Call Chain = HAL_Init &rArr; HAL_InitTick &rArr; HAL_NVIC_SetPriority &rArr; NVIC_EncodePriority
</UL>
<BR>[Calls]<UL><LI><a href="#[c4]">&gt;&gt;</a>&nbsp;&nbsp;&nbsp;HAL_InitTick
<LI><a href="#[c3]">&gt;&gt;</a>&nbsp;&nbsp;&nbsp;HAL_NVIC_SetPriorityGrouping
<LI><a href="#[c5]">&gt;&gt;</a>&nbsp;&nbsp;&nbsp;HAL_MspInit
</UL>
<BR>[Called By]<UL><LI><a href="#[5a]">&gt;&gt;</a>&nbsp;&nbsp;&nbsp;main
</UL>

<P><STRONG><a name="[c4]"></a>HAL_InitTick</STRONG> (Thumb, 112 bytes, Stack size 16 bytes, stm32f1xx_hal.o(.text.HAL_InitTick))
<BR><BR>[Stack]<UL><LI>Max Depth = 80<LI>Call Chain = HAL_InitTick &rArr; HAL_NVIC_SetPriority &rArr; NVIC_EncodePriority
</UL>
<BR>[Calls]<UL><LI><a href="#[c7]">&gt;&gt;</a>&nbsp;&nbsp;&nbsp;HAL_NVIC_SetPriority
<LI><a href="#[c6]">&gt;&gt;</a>&nbsp;&nbsp;&nbsp;HAL_SYSTICK_Config
</UL>
<BR>[Called By]<UL><LI><a href="#[cc]">&gt;&gt;</a>&nbsp;&nbsp;&nbsp;HAL_RCC_ClockConfig
<LI><a href="#[c2]">&gt;&gt;</a>&nbsp;&nbsp;&nbsp;HAL_Init
</UL>

<P><STRONG><a name="[c5]"></a>HAL_MspInit</STRONG> (Thumb, 100 bytes, Stack size 12 bytes, stm32f1xx_hal_msp.o(.text.HAL_MspInit))
<BR><BR>[Stack]<UL><LI>Max Depth = 12<LI>Call Chain = HAL_MspInit
</UL>
<BR>[Called By]<UL><LI><a href="#[c2]">&gt;&gt;</a>&nbsp;&nbsp;&nbsp;HAL_Init
</UL>

<P><STRONG><a name="[c7]"></a>HAL_NVIC_SetPriority</STRONG> (Thumb, 50 bytes, Stack size 32 bytes, stm32f1xx_hal_cortex.o(.text.HAL_NVIC_SetPriority))
<BR><BR>[Stack]<UL><LI>Max Depth = 64<LI>Call Chain = HAL_NVIC_SetPriority &rArr; NVIC_EncodePriority
</UL>
<BR>[Calls]<UL><LI><a href="#[ca]">&gt;&gt;</a>&nbsp;&nbsp;&nbsp;__NVIC_SetPriority
<LI><a href="#[c9]">&gt;&gt;</a>&nbsp;&nbsp;&nbsp;NVIC_EncodePriority
<LI><a href="#[c8]">&gt;&gt;</a>&nbsp;&nbsp;&nbsp;__NVIC_GetPriorityGrouping
</UL>
<BR>[Called By]<UL><LI><a href="#[c4]">&gt;&gt;</a>&nbsp;&nbsp;&nbsp;HAL_InitTick
</UL>

<P><STRONG><a name="[c3]"></a>HAL_NVIC_SetPriorityGrouping</STRONG> (Thumb, 16 bytes, Stack size 16 bytes, stm32f1xx_hal_cortex.o(.text.HAL_NVIC_SetPriorityGrouping))
<BR><BR>[Stack]<UL><LI>Max Depth = 28<LI>Call Chain = HAL_NVIC_SetPriorityGrouping &rArr; __NVIC_SetPriorityGrouping
</UL>
<BR>[Calls]<UL><LI><a href="#[cb]">&gt;&gt;</a>&nbsp;&nbsp;&nbsp;__NVIC_SetPriorityGrouping
</UL>
<BR>[Called By]<UL><LI><a href="#[c2]">&gt;&gt;</a>&nbsp;&nbsp;&nbsp;HAL_Init
</UL>

<P><STRONG><a name="[cc]"></a>HAL_RCC_ClockConfig</STRONG> (Thumb, 598 bytes, Stack size 24 bytes, stm32f1xx_hal_rcc.o(.text.HAL_RCC_ClockConfig))
<BR><BR>[Stack]<UL><LI>Max Depth = 104<LI>Call Chain = HAL_RCC_ClockConfig &rArr; HAL_InitTick &rArr; HAL_NVIC_SetPriority &rArr; NVIC_EncodePriority
</UL>
<BR>[Calls]<UL><LI><a href="#[cd]">&gt;&gt;</a>&nbsp;&nbsp;&nbsp;HAL_RCC_GetSysClockFreq
<LI><a href="#[c4]">&gt;&gt;</a>&nbsp;&nbsp;&nbsp;HAL_InitTick
<LI><a href="#[b9]">&gt;&gt;</a>&nbsp;&nbsp;&nbsp;HAL_GetTick
</UL>
<BR>[Called By]<UL><LI><a href="#[df]">&gt;&gt;</a>&nbsp;&nbsp;&nbsp;SystemClock_Config
</UL>

<P><STRONG><a name="[ce]"></a>HAL_RCC_GetHCLKFreq</STRONG> (Thumb, 12 bytes, Stack size 0 bytes, stm32f1xx_hal_rcc.o(.text.HAL_RCC_GetHCLKFreq))
<BR><BR>[Called By]<UL><LI><a href="#[cf]">&gt;&gt;</a>&nbsp;&nbsp;&nbsp;HAL_RCC_GetPCLK2Freq
<LI><a href="#[b7]">&gt;&gt;</a>&nbsp;&nbsp;&nbsp;HAL_RCC_GetPCLK1Freq
</UL>

<P><STRONG><a name="[b7]"></a>HAL_RCC_GetPCLK1Freq</STRONG> (Thumb, 34 bytes, Stack size 8 bytes, stm32f1xx_hal_rcc.o(.text.HAL_RCC_GetPCLK1Freq))
<BR><BR>[Stack]<UL><LI>Max Depth = 8<LI>Call Chain = HAL_RCC_GetPCLK1Freq
</UL>
<BR>[Calls]<UL><LI><a href="#[ce]">&gt;&gt;</a>&nbsp;&nbsp;&nbsp;HAL_RCC_GetHCLKFreq
</UL>
<BR>[Called By]<UL><LI><a href="#[d5]">&gt;&gt;</a>&nbsp;&nbsp;&nbsp;UART_SetConfig
<LI><a href="#[b5]">&gt;&gt;</a>&nbsp;&nbsp;&nbsp;HAL_I2C_Init
</UL>

<P><STRONG><a name="[cf]"></a>HAL_RCC_GetPCLK2Freq</STRONG> (Thumb, 34 bytes, Stack size 8 bytes, stm32f1xx_hal_rcc.o(.text.HAL_RCC_GetPCLK2Freq))
<BR><BR>[Stack]<UL><LI>Max Depth = 8<LI>Call Chain = HAL_RCC_GetPCLK2Freq
</UL>
<BR>[Calls]<UL><LI><a href="#[ce]">&gt;&gt;</a>&nbsp;&nbsp;&nbsp;HAL_RCC_GetHCLKFreq
</UL>
<BR>[Called By]<UL><LI><a href="#[d5]">&gt;&gt;</a>&nbsp;&nbsp;&nbsp;UART_SetConfig
</UL>

<P><STRONG><a name="[cd]"></a>HAL_RCC_GetSysClockFreq</STRONG> (Thumb, 188 bytes, Stack size 24 bytes, stm32f1xx_hal_rcc.o(.text.HAL_RCC_GetSysClockFreq))
<BR><BR>[Stack]<UL><LI>Max Depth = 24<LI>Call Chain = HAL_RCC_GetSysClockFreq
</UL>
<BR>[Called By]<UL><LI><a href="#[cc]">&gt;&gt;</a>&nbsp;&nbsp;&nbsp;HAL_RCC_ClockConfig
</UL>

<P><STRONG><a name="[d0]"></a>HAL_RCC_OscConfig</STRONG> (Thumb, 1658 bytes, Stack size 32 bytes, stm32f1xx_hal_rcc.o(.text.HAL_RCC_OscConfig))
<BR><BR>[Stack]<UL><LI>Max Depth = 40<LI>Call Chain = HAL_RCC_OscConfig &rArr; RCC_Delay
</UL>
<BR>[Calls]<UL><LI><a href="#[d1]">&gt;&gt;</a>&nbsp;&nbsp;&nbsp;RCC_Delay
<LI><a href="#[b9]">&gt;&gt;</a>&nbsp;&nbsp;&nbsp;HAL_GetTick
</UL>
<BR>[Called By]<UL><LI><a href="#[df]">&gt;&gt;</a>&nbsp;&nbsp;&nbsp;SystemClock_Config
</UL>

<P><STRONG><a name="[c6]"></a>HAL_SYSTICK_Config</STRONG> (Thumb, 16 bytes, Stack size 16 bytes, stm32f1xx_hal_cortex.o(.text.HAL_SYSTICK_Config))
<BR><BR>[Stack]<UL><LI>Max Depth = 40<LI>Call Chain = HAL_SYSTICK_Config &rArr; SysTick_Config &rArr; __NVIC_SetPriority
</UL>
<BR>[Calls]<UL><LI><a href="#[d2]">&gt;&gt;</a>&nbsp;&nbsp;&nbsp;SysTick_Config
</UL>
<BR>[Called By]<UL><LI><a href="#[c4]">&gt;&gt;</a>&nbsp;&nbsp;&nbsp;HAL_InitTick
</UL>

<P><STRONG><a name="[d3]"></a>HAL_UART_Init</STRONG> (Thumb, 158 bytes, Stack size 16 bytes, stm32f1xx_hal_uart.o(.text.HAL_UART_Init))
<BR><BR>[Stack]<UL><LI>Max Depth = 128<LI>Call Chain = HAL_UART_Init &rArr; HAL_UART_MspInit &rArr; HAL_GPIO_Init
</UL>
<BR>[Calls]<UL><LI><a href="#[d5]">&gt;&gt;</a>&nbsp;&nbsp;&nbsp;UART_SetConfig
<LI><a href="#[d4]">&gt;&gt;</a>&nbsp;&nbsp;&nbsp;HAL_UART_MspInit
</UL>
<BR>[Called By]<UL><LI><a href="#[dd]">&gt;&gt;</a>&nbsp;&nbsp;&nbsp;MX_USART1_UART_Init
</UL>

<P><STRONG><a name="[d4]"></a>HAL_UART_MspInit</STRONG> (Thumb, 182 bytes, Stack size 48 bytes, usart.o(.text.HAL_UART_MspInit))
<BR><BR>[Stack]<UL><LI>Max Depth = 112<LI>Call Chain = HAL_UART_MspInit &rArr; HAL_GPIO_Init
</UL>
<BR>[Calls]<UL><LI><a href="#[c1]">&gt;&gt;</a>&nbsp;&nbsp;&nbsp;HAL_GPIO_Init
</UL>
<BR>[Called By]<UL><LI><a href="#[d3]">&gt;&gt;</a>&nbsp;&nbsp;&nbsp;HAL_UART_Init
</UL>

<P><STRONG><a name="[b3]"></a>HAL_UART_Receive</STRONG> (Thumb, 318 bytes, Stack size 48 bytes, stm32f1xx_hal_uart.o(.text.HAL_UART_Receive))
<BR><BR>[Stack]<UL><LI>Max Depth = 96<LI>Call Chain = HAL_UART_Receive &rArr; UART_WaitOnFlagUntilTimeout &rArr; UART_EndRxTransfer
</UL>
<BR>[Calls]<UL><LI><a href="#[d6]">&gt;&gt;</a>&nbsp;&nbsp;&nbsp;UART_WaitOnFlagUntilTimeout
<LI><a href="#[b9]">&gt;&gt;</a>&nbsp;&nbsp;&nbsp;HAL_GetTick
</UL>
<BR>[Called By]<UL><LI><a href="#[4f]">&gt;&gt;</a>&nbsp;&nbsp;&nbsp;Fm_Uart_GetChar
</UL>

<P><STRONG><a name="[b4]"></a>HAL_UART_Transmit</STRONG> (Thumb, 304 bytes, Stack size 48 bytes, stm32f1xx_hal_uart.o(.text.HAL_UART_Transmit))
<BR><BR>[Stack]<UL><LI>Max Depth = 96<LI>Call Chain = HAL_UART_Transmit &rArr; UART_WaitOnFlagUntilTimeout &rArr; UART_EndRxTransfer
</UL>
<BR>[Calls]<UL><LI><a href="#[d6]">&gt;&gt;</a>&nbsp;&nbsp;&nbsp;UART_WaitOnFlagUntilTimeout
<LI><a href="#[b9]">&gt;&gt;</a>&nbsp;&nbsp;&nbsp;HAL_GetTick
</UL>
<BR>[Called By]<UL><LI><a href="#[4e]">&gt;&gt;</a>&nbsp;&nbsp;&nbsp;Fm_Uart_PutChar
</UL>

<P><STRONG><a name="[2]"></a>HardFault_Handler</STRONG> (Thumb, 4 bytes, Stack size 0 bytes, stm32f1xx_it.o(.text.HardFault_Handler))
<BR>[Address Reference Count : 1]<UL><LI> startup_stm32f103xb.o(RESET)
</UL>
<P><STRONG><a name="[66]"></a>I2c_If_Receive</STRONG> (Thumb, 72 bytes, Stack size 32 bytes, i2c.o(.text.I2c_If_Receive))
<BR><BR>[Stack]<UL><LI>Max Depth = 184<LI>Call Chain = I2c_If_Receive &rArr; HAL_I2C_Master_Receive &rArr; I2C_MasterRequestRead &rArr; I2C_WaitOnMasterAddressFlagUntilTimeout
</UL>
<BR>[Calls]<UL><LI><a href="#[b8]">&gt;&gt;</a>&nbsp;&nbsp;&nbsp;HAL_I2C_Master_Receive
</UL>
<BR>[Called By]<UL><LI><a href="#[64]">&gt;&gt;</a>&nbsp;&nbsp;&nbsp;As_ReadAngle
</UL>

<P><STRONG><a name="[65]"></a>I2c_If_Transmit</STRONG> (Thumb, 72 bytes, Stack size 32 bytes, i2c.o(.text.I2c_If_Transmit))
<BR><BR>[Stack]<UL><LI>Max Depth = 152<LI>Call Chain = I2c_If_Transmit &rArr; HAL_I2C_Master_Transmit &rArr; I2C_MasterRequestWrite &rArr; I2C_WaitOnMasterAddressFlagUntilTimeout
</UL>
<BR>[Calls]<UL><LI><a href="#[bd]">&gt;&gt;</a>&nbsp;&nbsp;&nbsp;HAL_I2C_Master_Transmit
</UL>
<BR>[Called By]<UL><LI><a href="#[64]">&gt;&gt;</a>&nbsp;&nbsp;&nbsp;As_ReadAngle
</UL>

<P><STRONG><a name="[d9]"></a>MX_GPIO_Init</STRONG> (Thumb, 152 bytes, Stack size 48 bytes, gpio.o(.text.MX_GPIO_Init))
<BR><BR>[Stack]<UL><LI>Max Depth = 112<LI>Call Chain = MX_GPIO_Init &rArr; HAL_GPIO_Init
</UL>
<BR>[Calls]<UL><LI><a href="#[c1]">&gt;&gt;</a>&nbsp;&nbsp;&nbsp;HAL_GPIO_Init
<LI><a href="#[da]">&gt;&gt;</a>&nbsp;&nbsp;&nbsp;HAL_GPIO_WritePin
</UL>
<BR>[Called By]<UL><LI><a href="#[5a]">&gt;&gt;</a>&nbsp;&nbsp;&nbsp;main
</UL>

<P><STRONG><a name="[db]"></a>MX_I2C1_Init</STRONG> (Thumb, 72 bytes, Stack size 16 bytes, i2c.o(.text.MX_I2C1_Init))
<BR><BR>[Stack]<UL><LI>Max Depth = 184<LI>Call Chain = MX_I2C1_Init &rArr; HAL_I2C_Init &rArr; HAL_I2C_MspInit &rArr; HAL_GPIO_Init
</UL>
<BR>[Calls]<UL><LI><a href="#[b5]">&gt;&gt;</a>&nbsp;&nbsp;&nbsp;HAL_I2C_Init
<LI><a href="#[dc]">&gt;&gt;</a>&nbsp;&nbsp;&nbsp;Error_Handler
</UL>
<BR>[Called By]<UL><LI><a href="#[5a]">&gt;&gt;</a>&nbsp;&nbsp;&nbsp;main
</UL>

<P><STRONG><a name="[dd]"></a>MX_USART1_UART_Init</STRONG> (Thumb, 64 bytes, Stack size 16 bytes, usart.o(.text.MX_USART1_UART_Init))
<BR><BR>[Stack]<UL><LI>Max Depth = 144<LI>Call Chain = MX_USART1_UART_Init &rArr; HAL_UART_Init &rArr; HAL_UART_MspInit &rArr; HAL_GPIO_Init
</UL>
<BR>[Calls]<UL><LI><a href="#[d3]">&gt;&gt;</a>&nbsp;&nbsp;&nbsp;HAL_UART_Init
<LI><a href="#[dc]">&gt;&gt;</a>&nbsp;&nbsp;&nbsp;Error_Handler
</UL>
<BR>[Called By]<UL><LI><a href="#[5a]">&gt;&gt;</a>&nbsp;&nbsp;&nbsp;main
</UL>

<P><STRONG><a name="[3]"></a>MemManage_Handler</STRONG> (Thumb, 4 bytes, Stack size 0 bytes, stm32f1xx_it.o(.text.MemManage_Handler))
<BR>[Address Reference Count : 1]<UL><LI> startup_stm32f103xb.o(RESET)
</UL>
<P><STRONG><a name="[1]"></a>NMI_Handler</STRONG> (Thumb, 4 bytes, Stack size 0 bytes, stm32f1xx_it.o(.text.NMI_Handler))
<BR>[Address Reference Count : 1]<UL><LI> startup_stm32f103xb.o(RESET)
</UL>
<P><STRONG><a name="[8]"></a>PendSV_Handler</STRONG> (Thumb, 2 bytes, Stack size 0 bytes, stm32f1xx_it.o(.text.PendSV_Handler))
<BR>[Address Reference Count : 1]<UL><LI> startup_stm32f103xb.o(RESET)
</UL>
<P><STRONG><a name="[67]"></a>Rte_If_WriteData</STRONG> (Thumb, 44 bytes, Stack size 8 bytes, rte.o(.text.Rte_If_WriteData))
<BR><BR>[Stack]<UL><LI>Max Depth = 8<LI>Call Chain = Rte_If_WriteData
</UL>
<BR>[Called By]<UL><LI><a href="#[64]">&gt;&gt;</a>&nbsp;&nbsp;&nbsp;As_ReadAngle
</UL>

<P><STRONG><a name="[6]"></a>SVC_Handler</STRONG> (Thumb, 2 bytes, Stack size 0 bytes, stm32f1xx_it.o(.text.SVC_Handler))
<BR>[Address Reference Count : 1]<UL><LI> startup_stm32f103xb.o(RESET)
</UL>
<P><STRONG><a name="[9]"></a>SysTick_Handler</STRONG> (Thumb, 8 bytes, Stack size 8 bytes, stm32f1xx_it.o(.text.SysTick_Handler))
<BR><BR>[Stack]<UL><LI>Max Depth = 8<LI>Call Chain = SysTick_Handler
</UL>
<BR>[Calls]<UL><LI><a href="#[de]">&gt;&gt;</a>&nbsp;&nbsp;&nbsp;HAL_IncTick
</UL>
<BR>[Address Reference Count : 1]<UL><LI> startup_stm32f103xb.o(RESET)
</UL>
<P><STRONG><a name="[df]"></a>SystemClock_Config</STRONG> (Thumb, 108 bytes, Stack size 72 bytes, main.o(.text.SystemClock_Config))
<BR><BR>[Stack]<UL><LI>Max Depth = 176 + Unknown Stack Size
<LI>Call Chain = SystemClock_Config &rArr; HAL_RCC_ClockConfig &rArr; HAL_InitTick &rArr; HAL_NVIC_SetPriority &rArr; NVIC_EncodePriority
</UL>
<BR>[Calls]<UL><LI><a href="#[cc]">&gt;&gt;</a>&nbsp;&nbsp;&nbsp;HAL_RCC_ClockConfig
<LI><a href="#[dc]">&gt;&gt;</a>&nbsp;&nbsp;&nbsp;Error_Handler
<LI><a href="#[d0]">&gt;&gt;</a>&nbsp;&nbsp;&nbsp;HAL_RCC_OscConfig
<LI><a href="#[e0]">&gt;&gt;</a>&nbsp;&nbsp;&nbsp;__aeabi_memclr4
</UL>
<BR>[Called By]<UL><LI><a href="#[5a]">&gt;&gt;</a>&nbsp;&nbsp;&nbsp;main
</UL>

<P><STRONG><a name="[35]"></a>SystemInit</STRONG> (Thumb, 2 bytes, Stack size 0 bytes, system_stm32f1xx.o(.text.SystemInit))
<BR>[Address Reference Count : 1]<UL><LI> startup_stm32f103xb.o(.text)
</UL>
[...]
<BR><BR>[Stack]<UL><LI>Max Depth = 32<LI>Call Chain = _FMSTR_Compare64U &rArr; _FMSTR_GetU64
</UL>
<BR>[Calls]<UL><LI><a href="#[f2]">&gt;&gt;</a>&nbsp;&nbsp;&nbsp;_FMSTR_GetU64
</UL>
<BR>[Address Reference Count : 1]<UL><LI> freemaster_rec.o(.text._FMSTR_RecVarCfg)
</UL>
<P><STRONG><a name="[ad]"></a>_FMSTR_SetRecCmd_CFGMEM</STRONG> (Thumb, 136 bytes, Stack size 56 bytes, freemaster_rec.o(.text._FMSTR_SetRecCmd_CFGMEM))
<BR><BR>[Stack]<UL><LI>Max Depth = 152<LI>Call Chain = _FMSTR_SetRecCmd_CFGMEM &rArr; FMSTR_SizeFromBuffer &rArr; FMSTR_UlebDecode &rArr; FMSTR_LebDecode &rArr; _FMSTR_MemSet
</UL>
<BR>[Calls]<UL><LI><a href="#[74]">&gt;&gt;</a>&nbsp;&nbsp;&nbsp;FMSTR_SizeFromBuffer
<LI><a href="#[ff]">&gt;&gt;</a>&nbsp;&nbsp;&nbsp;_FMSTR_RecMemCfg
<LI><a href="#[86]">&gt;&gt;</a>&nbsp;&nbsp;&nbsp;_FMSTR_MemSet
</UL>
<BR>[Called By]<UL><LI><a href="#[a7]">&gt;&gt;</a>&nbsp;&nbsp;&nbsp;FMSTR_SetRecCmd
</UL>

<P><STRONG><a name="[ae]"></a>_FMSTR_SetRecCmd_CFGVAR</STRONG> (Thumb, 326 bytes, Stack size 64 bytes, freemaster_rec.o(.text._FMSTR_SetRecCmd_CFGVAR))
<BR><BR>[Stack]<UL><LI>Max Depth = 160<LI>Call Chain = _FMSTR_SetRecCmd_CFGVAR &rArr; FMSTR_AddressFromBuffer &rArr; FMSTR_UlebDecode &rArr; FMSTR_LebDecode &rArr; _FMSTR_MemSet
</UL>
<BR>[Calls]<UL><LI><a href="#[84]">&gt;&gt;</a>&nbsp;&nbsp;&nbsp;FMSTR_SlebDecode
<LI><a href="#[69]">&gt;&gt;</a>&nbsp;&nbsp;&nbsp;FMSTR_UlebDecode
<LI><a href="#[103]">&gt;&gt;</a>&nbsp;&nbsp;&nbsp;_FMSTR_RecVarCfg
<LI><a href="#[7d]">&gt;&gt;</a>&nbsp;&nbsp;&nbsp;FMSTR_CAST_PTR_TO_ADDR_Func
<LI><a href="#[68]">&gt;&gt;</a>&nbsp;&nbsp;&nbsp;FMSTR_AddressFromBuffer
<LI><a href="#[86]">&gt;&gt;</a>&nbsp;&nbsp;&nbsp;_FMSTR_MemSet
</UL>
<BR>[Called By]<UL><LI><a href="#[a7]">&gt;&gt;</a>&nbsp;&nbsp;&nbsp;FMSTR_SetRecCmd
</UL>

<P><STRONG><a name="[af]"></a>_FMSTR_StartRec</STRONG> (Thumb, 128 bytes, Stack size 24 bytes, freemaster_rec.o(.text._FMSTR_StartRec))
<BR><BR>[Stack]<UL><LI>Max Depth = 68<LI>Call Chain = _FMSTR_StartRec &rArr; _FMSTR_CheckConfiguration &rArr; FMSTR_CAST_PTR_TO_ADDR_Func
</UL>
<BR>[Calls]<UL><LI><a href="#[80]">&gt;&gt;</a>&nbsp;&nbsp;&nbsp;_FMSTR_CheckConfiguration
</UL>
<BR>[Called By]<UL><LI><a href="#[a7]">&gt;&gt;</a>&nbsp;&nbsp;&nbsp;FMSTR_SetRecCmd
</UL>

<P><STRONG><a name="[b0]"></a>_FMSTR_AbortRec</STRONG> (Thumb, 72 bytes, Stack size 8 bytes, freemaster_rec.o(.text._FMSTR_AbortRec))
<BR><BR>[Stack]<UL><LI>Max Depth = 8<LI>Call Chain = _FMSTR_AbortRec
</UL>
<BR>[Called By]<UL><LI><a href="#[a7]">&gt;&gt;</a>&nbsp;&nbsp;&nbsp;FMSTR_SetRecCmd
</UL>

<P><STRONG><a name="[80]"></a>_FMSTR_CheckConfiguration</STRONG> (Thumb, 406 bytes, Stack size 40 bytes, freemaster_rec.o(.text._FMSTR_CheckConfiguration))
<BR><BR>[Stack]<UL><LI>Max Depth = 44<LI>Call Chain = _FMSTR_CheckConfiguration &rArr; FMSTR_CAST_PTR_TO_ADDR_Func
</UL>
<BR>[Calls]<UL><LI><a href="#[7d]">&gt;&gt;</a>&nbsp;&nbsp;&nbsp;FMSTR_CAST_PTR_TO_ADDR_Func
</UL>
<BR>[Called By]<UL><LI><a href="#[af]">&gt;&gt;</a>&nbsp;&nbsp;&nbsp;_FMSTR_StartRec
<LI><a href="#[7a]">&gt;&gt;</a>&nbsp;&nbsp;&nbsp;FMSTR_GetRecCmd
</UL>

<P><STRONG><a name="[81]"></a>_FMSTR_CalcRecStatus</STRONG> (Thumb, 90 bytes, Stack size 8 bytes, freemaster_rec.o(.text._FMSTR_CalcRecStatus))
<BR><BR>[Stack]<UL><LI>Max Depth = 8<LI>Call Chain = _FMSTR_CalcRecStatus
</UL>
<BR>[Called By]<UL><LI><a href="#[7a]">&gt;&gt;</a>&nbsp;&nbsp;&nbsp;FMSTR_GetRecCmd
</UL>

<P><STRONG><a name="[f7]"></a>_FMSTR_GetFloat</STRONG> (Thumb, 16 bytes, Stack size 8 bytes, freemaster_rec.o(.text._FMSTR_GetFloat))
<BR><BR>[Stack]<UL><LI>Max Depth = 8<LI>Call Chain = _FMSTR_GetFloat
</UL>
<BR>[Called By]<UL><LI><a href="#[3b]">&gt;&gt;</a>&nbsp;&nbsp;&nbsp;_FMSTR_CompareFloat
</UL>

<P><STRONG><a name="[f5]"></a>_FMSTR_GetDouble</STRONG> (Thumb, 18 bytes, Stack size 8 bytes, freemaster_rec.o(.text._FMSTR_GetDouble))
<BR><BR>[Stack]<UL><LI>Max Depth = 8<LI>Call Chain = _FMSTR_GetDouble
</UL>
<BR>[Called By]<UL><LI><a href="#[3c]">&gt;&gt;</a>&nbsp;&nbsp;&nbsp;_FMSTR_CompareDouble
</UL>

<P><STRONG><a name="[f3]"></a>_FMSTR_GetS8</STRONG> (Thumb, 18 bytes, Stack size 8 bytes, freemaster_rec.o(.text._FMSTR_GetS8))
<BR><BR>[Stack]<UL><LI>Max Depth = 8<LI>Call Chain = _FMSTR_GetS8
</UL>
<BR>[Called By]<UL><LI><a href="#[3d]">&gt;&gt;</a>&nbsp;&nbsp;&nbsp;_FMSTR_Compare8S
</UL>

<P><STRONG><a name="[f4]"></a>_FMSTR_GetU8</STRONG> (Thumb, 16 bytes, Stack size 8 bytes, freemaster_rec.o(.text._FMSTR_GetU8))
<BR><BR>[Stack]<UL><LI>Max Depth = 8<LI>Call Chain = _FMSTR_GetU8
</UL>
<BR>[Called By]<UL><LI><a href="#[3e]">&gt;&gt;</a>&nbsp;&nbsp;&nbsp;_FMSTR_Compare8U
</UL>

<P><STRONG><a name="[ed]"></a>_FMSTR_GetS16</STRONG> (Thumb, 18 bytes, Stack size 8 bytes, freemaster_rec.o(.text._FMSTR_GetS16))
<BR><BR>[Stack]<UL><LI>Max Depth = 8<LI>Call Chain = _FMSTR_GetS16
</UL>
<BR>[Called By]<UL><LI><a href="#[3f]">&gt;&gt;</a>&nbsp;&nbsp;&nbsp;_FMSTR_Compare16S
</UL>

<P><STRONG><a name="[ee]"></a>_FMSTR_GetU16</STRONG> (Thumb, 16 bytes, Stack size 8 bytes, freemaster_rec.o(.text._FMSTR_GetU16))
<BR><BR>[Stack]<UL><LI>Max Depth = 8<LI>Call Chain = _FMSTR_GetU16
</UL>
<BR>[Called By]<UL><LI><a href="#[40]">&gt;&gt;</a>&nbsp;&nbsp;&nbsp;_FMSTR_Compare16U
</UL>

<P><STRONG><a name="[ef]"></a>_FMSTR_GetS32</STRONG> (Thumb, 16 bytes, Stack size 8 bytes, freemaster_rec.o(.text._FMSTR_GetS32))
<BR><BR>[Stack]<UL><LI>Max Depth = 8<LI>Call Chain = _FMSTR_GetS32
</UL>
<BR>[Called By]<UL><LI><a href="#[41]">&gt;&gt;</a>&nbsp;&nbsp;&nbsp;_FMSTR_Compare32S
</UL>

<P><STRONG><a name="[f0]"></a>_FMSTR_GetU32</STRONG> (Thumb, 16 bytes, Stack size 8 bytes, freemaster_rec.o(.text._FMSTR_GetU32))
<BR><BR>[Stack]<UL><LI>Max Depth = 8<LI>Call Chain = _FMSTR_GetU32
</UL>
<BR>[Called By]<UL><LI><a href="#[42]">&gt;&gt;</a>&nbsp;&nbsp;&nbsp;_FMSTR_Compare32U
</UL>

<P><STRONG><a name="[f1]"></a>_FMSTR_GetS64</STRONG> (Thumb, 18 bytes, Stack size 8 bytes, freemaster_rec.o(.text._FMSTR_GetS64))
<BR><BR>[Stack]<UL><LI>Max Depth = 8<LI>Call Chain = _FMSTR_GetS64
</UL>
<BR>[Called By]<UL><LI><a href="#[43]">&gt;&gt;</a>&nbsp;&nbsp;&nbsp;_FMSTR_Compare64S
</UL>

<P><STRONG><a name="[f2]"></a>_FMSTR_GetU64</STRONG> (Thumb, 18 bytes, Stack size 8 bytes, freemaster_rec.o(.text._FMSTR_GetU64))
<BR><BR>[Stack]<UL><LI>Max Depth = 8<LI>Call Chain = _FMSTR_GetU64
</UL>
<BR>[Called By]<UL><LI><a href="#[44]">&gt;&gt;</a>&nbsp;&nbsp;&nbsp;_FMSTR_Compare64U
</UL>

<P><STRONG><a name="[b1]"></a>_FMSTR_SetScope_CFGMEM</STRONG> (Thumb, 70 bytes, Stack size 32 bytes, freemaster_scope.o(.text._FMSTR_SetScope_CFGMEM))
<BR><BR>[Stack]<UL><LI>Max Depth = 48<LI>Call Chain = _FMSTR_SetScope_CFGMEM &rArr; _FMSTR_MemSet
</UL>
<BR>[Calls]<UL><LI><a href="#[86]">&gt;&gt;</a>&nbsp;&nbsp;&nbsp;_FMSTR_MemSet
</UL>
<BR>[Called By]<UL><LI><a href="#[a8]">&gt;&gt;</a>&nbsp;&nbsp;&nbsp;FMSTR_SetScope
</UL>

<P><STRONG><a name="[b2]"></a>_FMSTR_SetScope_CFGVAR</STRONG> (Thumb, 194 bytes, Stack size 40 bytes, freemaster_scope.o(.text._FMSTR_SetScope_CFGVAR))
<BR><BR>[Stack]<UL><LI>Max Depth = 136<LI>Call Chain = _FMSTR_SetScope_CFGVAR &rArr; FMSTR_AddressFromBuffer &rArr; FMSTR_UlebDecode &rArr; FMSTR_LebDecode &rArr; _FMSTR_MemSet
</UL>
<BR>[Calls]<UL><LI><a href="#[68]">&gt;&gt;</a>&nbsp;&nbsp;&nbsp;FMSTR_AddressFromBuffer
</UL>
<BR>[Called By]<UL><LI><a href="#[a8]">&gt;&gt;</a>&nbsp;&nbsp;&nbsp;FMSTR_SetScope
</UL>

<P><STRONG><a name="[45]"></a>_FMSTR_SerialInit</STRONG> (Thumb, 306 bytes, Stack size 24 bytes, freemaster_serial.o(.text._FMSTR_SerialInit))
<BR><BR>[Stack]<UL><LI>Max Depth = 40<LI>Call Chain = _FMSTR_SerialInit &rArr; _FMSTR_Listen
</UL>
<BR>[Calls]<UL><LI><a href="#[9e]">&gt;&gt;</a>&nbsp;&nbsp;&nbsp;_FMSTR_Listen
</UL>
<BR>[Address Reference Count : 1]<UL><LI> freemaster_serial.o(.rodata.FMSTR_SERIAL)
</UL>
<P><STRONG><a name="[9e]"></a>_FMSTR_Listen</STRONG> (Thumb, 66 bytes, Stack size 16 bytes, freemaster_serial.o(.text._FMSTR_Listen))
<BR><BR>[Stack]<UL><LI>Max Depth = 16<LI>Call Chain = _FMSTR_Listen
</UL>
<BR>[Called By]<UL><LI><a href="#[9c]">&gt;&gt;</a>&nbsp;&nbsp;&nbsp;FMSTR_ProcessSerial
<LI><a href="#[45]">&gt;&gt;</a>&nbsp;&nbsp;&nbsp;_FMSTR_SerialInit
</UL>

<P><STRONG><a name="[46]"></a>_FMSTR_SerialPoll</STRONG> (Thumb, 36 bytes, Stack size 8 bytes, freemaster_serial.o(.text._FMSTR_SerialPoll))
<BR><BR>[Stack]<UL><LI>Max Depth = 344<LI>Call Chain = _FMSTR_SerialPoll &rArr; FMSTR_ProcessSerial &rArr; _FMSTR_Rx &rArr; FMSTR_ProtocolDecoder &rArr; FMSTR_GetRecCmd &rArr; FMSTR_CopyToBuffer &rArr; FMSTR_MemCpyFrom &rArr; _FMSTR_MemCpySrcAligned &rArr; _FMSTR_CopySrcAligned_U32
</UL>
<BR>[Calls]<UL><LI><a href="#[9c]">&gt;&gt;</a>&nbsp;&nbsp;&nbsp;FMSTR_ProcessSerial
</UL>
<BR>[Address Reference Count : 1]<UL><LI> freemaster_serial.o(.rodata.FMSTR_SERIAL)
</UL>
<P><STRONG><a name="[47]"></a>_FMSTR_SerialSendResponse</STRONG> (Thumb, 350 bytes, Stack size 32 bytes, freemaster_serial.o(.text._FMSTR_SerialSendResponse))
<BR><BR>[Stack]<UL><LI>Max Depth = 44<LI>Call Chain = _FMSTR_SerialSendResponse &rArr; FMSTR_Crc8AddByte
</UL>
<BR>[Calls]<UL><LI><a href="#[101]">&gt;&gt;</a>&nbsp;&nbsp;&nbsp;FMSTR_Crc8AddByte
<LI><a href="#[100]">&gt;&gt;</a>&nbsp;&nbsp;&nbsp;FMSTR_Crc8Init
</UL>
<BR>[Called By]<UL><LI><a href="#[102]">&gt;&gt;</a>&nbsp;&nbsp;&nbsp;_FMSTR_SendError
</UL>
<BR>[Address Reference Count : 1]<UL><LI> freemaster_serial.o(.rodata.FMSTR_SERIAL)
</UL>
<P><STRONG><a name="[9d]"></a>_FMSTR_Tx</STRONG> (Thumb, 136 bytes, Stack size 8 bytes, freemaster_serial.o(.text._FMSTR_Tx))
<BR><BR>[Stack]<UL><LI>Max Depth = 8<LI>Call Chain = _FMSTR_Tx
</UL>
<BR>[Called By]<UL><LI><a href="#[9c]">&gt;&gt;</a>&nbsp;&nbsp;&nbsp;FMSTR_ProcessSerial
</UL>

<P><STRONG><a name="[9f]"></a>_FMSTR_Rx</STRONG> (Thumb, 526 bytes, Stack size 40 bytes, freemaster_serial.o(.text._FMSTR_Rx))
<BR><BR>[Stack]<UL><LI>Max Depth = 320<LI>Call Chain = _FMSTR_Rx &rArr; FMSTR_ProtocolDecoder &rArr; FMSTR_GetRecCmd &rArr; FMSTR_CopyToBuffer &rArr; FMSTR_MemCpyFrom &rArr; _FMSTR_MemCpySrcAligned &rArr; _FMSTR_CopySrcAligned_U32
</UL>
<BR>[Calls]<UL><LI><a href="#[101]">&gt;&gt;</a>&nbsp;&nbsp;&nbsp;FMSTR_Crc8AddByte
<LI><a href="#[100]">&gt;&gt;</a>&nbsp;&nbsp;&nbsp;FMSTR_Crc8Init
<LI><a href="#[102]">&gt;&gt;</a>&nbsp;&nbsp;&nbsp;_FMSTR_SendError
<LI><a href="#[a0]">&gt;&gt;</a>&nbsp;&nbsp;&nbsp;FMSTR_ProtocolDecoder
</UL>
<BR>[Called By]<UL><LI><a href="#[9c]">&gt;&gt;</a>&nbsp;&nbsp;&nbsp;FMSTR_ProcessSerial
</UL>

<P><STRONG><a name="[102]"></a>_FMSTR_SendError</STRONG> (Thumb, 34 bytes, Stack size 16 bytes, freemaster_serial.o(.text._FMSTR_SendError))
<BR><BR>[Stack]<UL><LI>Max Depth = 60<LI>Call Chain = _FMSTR_SendError &rArr; _FMSTR_SerialSendResponse &rArr; FMSTR_Crc8AddByte
</UL>
<BR>[Calls]<UL><LI><a href="#[47]">&gt;&gt;</a>&nbsp;&nbsp;&nbsp;_FMSTR_SerialSendResponse
</UL>
<BR>[Called By]<UL><LI><a href="#[9f]">&gt;&gt;</a>&nbsp;&nbsp;&nbsp;_FMSTR_Rx
</UL>

<P><STRONG><a name="[6d]"></a>FMSTR_CAST_PTR_TO_ADDR_Func</STRONG> (Thumb, 10 bytes, Stack size 4 bytes, freemaster_utils.o(.text.FMSTR_CAST_PTR_TO_ADDR_Func))
<BR><BR>[Stack]<UL><LI>Max Depth = 4<LI>Call Chain = FMSTR_CAST_PTR_TO_ADDR_Func
</UL>
<BR>[Called By]<UL><LI><a href="#[72]">&gt;&gt;</a>&nbsp;&nbsp;&nbsp;FMSTR_MemCpyFrom
<LI><a href="#[71]">&gt;&gt;</a>&nbsp;&nbsp;&nbsp;FMSTR_CopyToBuffer
<LI><a href="#[6c]">&gt;&gt;</a>&nbsp;&nbsp;&nbsp;FMSTR_CopyFromBuffer
<LI><a href="#[70]">&gt;&gt;</a>&nbsp;&nbsp;&nbsp;FMSTR_MemCpyToMasked
<LI><a href="#[95]">&gt;&gt;</a>&nbsp;&nbsp;&nbsp;_FMSTR_MemCpyMaskedDstAligned
<LI><a href="#[8f]">&gt;&gt;</a>&nbsp;&nbsp;&nbsp;_FMSTR_MemCpySrcAligned
<LI><a href="#[93]">&gt;&gt;</a>&nbsp;&nbsp;&nbsp;_FMSTR_MemCpyDstAligned
<LI><a href="#[6f]">&gt;&gt;</a>&nbsp;&nbsp;&nbsp;FMSTR_CopyFromBufferWithMask
<LI><a href="#[6e]">&gt;&gt;</a>&nbsp;&nbsp;&nbsp;FMSTR_MemCpyTo
</UL>

<P><STRONG><a name="[8d]"></a>FMSTR_CAST_ADDR_TO_PTR_Func</STRONG> (Thumb, 10 bytes, Stack size 4 bytes, freemaster_utils.o(.text.FMSTR_CAST_ADDR_TO_PTR_Func))
<BR><BR>[Stack]<UL><LI>Max Depth = 4<LI>Call Chain = FMSTR_CAST_ADDR_TO_PTR_Func
</UL>
<BR>[Called By]<UL><LI><a href="#[72]">&gt;&gt;</a>&nbsp;&nbsp;&nbsp;FMSTR_MemCpyFrom
<LI><a href="#[70]">&gt;&gt;</a>&nbsp;&nbsp;&nbsp;FMSTR_MemCpyToMasked
<LI><a href="#[95]">&gt;&gt;</a>&nbsp;&nbsp;&nbsp;_FMSTR_MemCpyMaskedDstAligned
<LI><a href="#[8f]">&gt;&gt;</a>&nbsp;&nbsp;&nbsp;_FMSTR_MemCpySrcAligned
<LI><a href="#[93]">&gt;&gt;</a>&nbsp;&nbsp;&nbsp;_FMSTR_MemCpyDstAligned
<LI><a href="#[3a]">&gt;&gt;</a>&nbsp;&nbsp;&nbsp;FMSTR_MemCpySrcAligned_64
<LI><a href="#[39]">&gt;&gt;</a>&nbsp;&nbsp;&nbsp;FMSTR_MemCpySrcAligned_32
<LI><a href="#[38]">&gt;&gt;</a>&nbsp;&nbsp;&nbsp;FMSTR_MemCpySrcAligned_16
<LI><a href="#[37]">&gt;&gt;</a>&nbsp;&nbsp;&nbsp;FMSTR_MemCpySrcAligned_8
<LI><a href="#[6e]">&gt;&gt;</a>&nbsp;&nbsp;&nbsp;FMSTR_MemCpyTo
</UL>

<P><STRONG><a name="[92]"></a>_FMSTR_CopyDstAligned_U16</STRONG> (Thumb, 56 bytes, Stack size 16 bytes, freemaster_utils.o(.text._FMSTR_CopyDstAligned_U16))
<BR><BR>[Stack]<UL><LI>Max Depth = 16<LI>Call Chain = _FMSTR_CopyDstAligned_U16
</UL>
<BR>[Called By]<UL><LI><a href="#[94]">&gt;&gt;</a>&nbsp;&nbsp;&nbsp;_FMSTR_CopyMaskedDstAligned_U16
<LI><a href="#[93]">&gt;&gt;</a>&nbsp;&nbsp;&nbsp;_FMSTR_MemCpyDstAligned
<LI><a href="#[6e]">&gt;&gt;</a>&nbsp;&nbsp;&nbsp;FMSTR_MemCpyTo
</UL>

<P><STRONG><a name="[93]"></a>_FMSTR_MemCpyDstAligned</STRONG> (Thumb, 170 bytes, Stack size 40 bytes, freemaster_utils.o(.text._FMSTR_MemCpyDstAligned))
<BR><BR>[Stack]<UL><LI>Max Depth = 56<LI>Call Chain = _FMSTR_MemCpyDstAligned &rArr; _FMSTR_CopyDstAligned_U32
</UL>
<BR>[Calls]<UL><LI><a href="#[fa]">&gt;&gt;</a>&nbsp;&nbsp;&nbsp;_FMSTR_CopyDstAligned_U32
<LI><a href="#[92]">&gt;&gt;</a>&nbsp;&nbsp;&nbsp;_FMSTR_CopyDstAligned_U16
<LI><a href="#[8d]">&gt;&gt;</a>&nbsp;&nbsp;&nbsp;FMSTR_CAST_ADDR_TO_PTR_Func
<LI><a href="#[6d]">&gt;&gt;</a>&nbsp;&nbsp;&nbsp;FMSTR_CAST_PTR_TO_ADDR_Func
</UL>
<BR>[Called By]<UL><LI><a href="#[6e]">&gt;&gt;</a>&nbsp;&nbsp;&nbsp;FMSTR_MemCpyTo
</UL>

<P><STRONG><a name="[8e]"></a>_FMSTR_CopySrcAligned_U16</STRONG> (Thumb, 56 bytes, Stack size 16 bytes, freemaster_utils.o(.text._FMSTR_CopySrcAligned_U16))
<BR><BR>[Stack]<UL><LI>Max Depth = 16<LI>Call Chain = _FMSTR_CopySrcAligned_U16
</UL>
<BR>[Called By]<UL><LI><a href="#[72]">&gt;&gt;</a>&nbsp;&nbsp;&nbsp;FMSTR_MemCpyFrom
<LI><a href="#[8f]">&gt;&gt;</a>&nbsp;&nbsp;&nbsp;_FMSTR_MemCpySrcAligned
<LI><a href="#[38]">&gt;&gt;</a>&nbsp;&nbsp;&nbsp;FMSTR_MemCpySrcAligned_16
</UL>

<P><STRONG><a name="[8f]"></a>_FMSTR_MemCpySrcAligned</STRONG> (Thumb, 170 bytes, Stack size 40 bytes, freemaster_utils.o(.text._FMSTR_MemCpySrcAligned))
<BR><BR>[Stack]<UL><LI>Max Depth = 56<LI>Call Chain = _FMSTR_MemCpySrcAligned &rArr; _FMSTR_CopySrcAligned_U32
</UL>
<BR>[Calls]<UL><LI><a href="#[90]">&gt;&gt;</a>&nbsp;&nbsp;&nbsp;_FMSTR_CopySrcAligned_U32
<LI><a href="#[8e]">&gt;&gt;</a>&nbsp;&nbsp;&nbsp;_FMSTR_CopySrcAligned_U16
<LI><a href="#[8d]">&gt;&gt;</a>&nbsp;&nbsp;&nbsp;FMSTR_CAST_ADDR_TO_PTR_Func
<LI><a href="#[6d]">&gt;&gt;</a>&nbsp;&nbsp;&nbsp;FMSTR_CAST_PTR_TO_ADDR_Func
</UL>
<BR>[Called By]<UL><LI><a href="#[72]">&gt;&gt;</a>&nbsp;&nbsp;&nbsp;FMSTR_MemCpyFrom
</UL>

<P><STRONG><a name="[90]"></a>_FMSTR_CopySrcAligned_U32</STRONG> (Thumb, 84 bytes, Stack size 16 bytes, freemaster_utils.o(.text._FMSTR_CopySrcAligned_U32))
<BR><BR>[Stack]<UL><LI>Max Depth = 16<LI>Call Chain = _FMSTR_CopySrcAligned_U32
</UL>
<BR>[Called By]<UL><LI><a href="#[8f]">&gt;&gt;</a>&nbsp;&nbsp;&nbsp;_FMSTR_MemCpySrcAligned
<LI><a href="#[39]">&gt;&gt;</a>&nbsp;&nbsp;&nbsp;FMSTR_MemCpySrcAligned_32
</UL>

<P><STRONG><a name="[fa]"></a>_FMSTR_CopyDstAligned_U32</STRONG> (Thumb, 84 bytes, Stack size 16 bytes, freemaster_utils.o(.text._FMSTR_CopyDstAligned_U32))
<BR><BR>[Stack]<UL><LI>Max Depth = 16<LI>Call Chain = _FMSTR_CopyDstAligned_U32
</UL>
<BR>[Called By]<UL><LI><a href="#[f9]">&gt;&gt;</a>&nbsp;&nbsp;&nbsp;_FMSTR_CopyMaskedDstAligned_U32
<LI><a href="#[93]">&gt;&gt;</a>&nbsp;&nbsp;&nbsp;_FMSTR_MemCpyDstAligned
</UL>

<P><STRONG><a name="[94]"></a>_FMSTR_CopyMaskedDstAligned_U16</STRONG> (Thumb, 70 bytes, Stack size 32 bytes, freemaster_utils.o(.text._FMSTR_CopyMaskedDstAligned_U16))
<BR><BR>[Stack]<UL><LI>Max Depth = 48<LI>Call Chain = _FMSTR_CopyMaskedDstAligned_U16 &rArr; _FMSTR_CopyDstAligned_U16
</UL>
<BR>[Calls]<UL><LI><a href="#[92]">&gt;&gt;</a>&nbsp;&nbsp;&nbsp;_FMSTR_CopyDstAligned_U16
</UL>
<BR>[Called By]<UL><LI><a href="#[70]">&gt;&gt;</a>&nbsp;&nbsp;&nbsp;FMSTR_MemCpyToMasked
<LI><a href="#[95]">&gt;&gt;</a>&nbsp;&nbsp;&nbsp;_FMSTR_MemCpyMaskedDstAligned
</UL>

<P><STRONG><a name="[95]"></a>_FMSTR_MemCpyMaskedDstAligned</STRONG> (Thumb, 244 bytes, Stack size 48 bytes, freemaster_utils.o(.text._FMSTR_MemCpyMaskedDstAligned))
<BR><BR>[Stack]<UL><LI>Max Depth = 96<LI>Call Chain = _FMSTR_MemCpyMaskedDstAligned &rArr; _FMSTR_CopyMaskedDstAligned_U32 &rArr; _FMSTR_CopyDstAligned_U32
</UL>
<BR>[Calls]<UL><LI><a href="#[f9]">&gt;&gt;</a>&nbsp;&nbsp;&nbsp;_FMSTR_CopyMaskedDstAligned_U32
<LI><a href="#[94]">&gt;&gt;</a>&nbsp;&nbsp;&nbsp;_FMSTR_CopyMaskedDstAligned_U16
<LI><a href="#[8d]">&gt;&gt;</a>&nbsp;&nbsp;&nbsp;FMSTR_CAST_ADDR_TO_PTR_Func
<LI><a href="#[6d]">&gt;&gt;</a>&nbsp;&nbsp;&nbsp;FMSTR_CAST_PTR_TO_ADDR_Func
</UL>
<BR>[Called By]<UL><LI><a href="#[70]">&gt;&gt;</a>&nbsp;&nbsp;&nbsp;FMSTR_MemCpyToMasked
</UL>

<P><STRONG><a name="[f9]"></a>_FMSTR_CopyMaskedDstAligned_U32</STRONG> (Thumb, 56 bytes, Stack size 32 bytes, freemaster_utils.o(.text._FMSTR_CopyMaskedDstAligned_U32))
<BR><BR>[Stack]<UL><LI>Max Depth = 48<LI>Call Chain = _FMSTR_CopyMaskedDstAligned_U32 &rArr; _FMSTR_CopyDstAligned_U32
</UL>
<BR>[Calls]<UL><LI><a href="#[fa]">&gt;&gt;</a>&nbsp;&nbsp;&nbsp;_FMSTR_CopyDstAligned_U32
</UL>
<BR>[Called By]<UL><LI><a href="#[95]">&gt;&gt;</a>&nbsp;&nbsp;&nbsp;_FMSTR_MemCpyMaskedDstAligned
</UL>

<P><STRONG><a name="[8c]"></a>FMSTR_LebDecode</STRONG> (Thumb, 264 bytes, Stack size 40 bytes, freemaster_utils.o(.text.FMSTR_LebDecode))
<BR><BR>[Stack]<UL><LI>Max Depth = 56<LI>Call Chain = FMSTR_LebDecode &rArr; _FMSTR_MemSet
</UL>
<BR>[Calls]<UL><LI><a href="#[86]">&gt;&gt;</a>&nbsp;&nbsp;&nbsp;_FMSTR_MemSet
</UL>
<BR>[Called By]<UL><LI><a href="#[84]">&gt;&gt;</a>&nbsp;&nbsp;&nbsp;FMSTR_SlebDecode
<LI><a href="#[69]">&gt;&gt;</a>&nbsp;&nbsp;&nbsp;FMSTR_UlebDecode
</UL>

<P><STRONG><a name="[104]"></a>_FMSTR_Compare</STRONG> (Thumb, 64 bytes, Stack size 8 bytes, freemaster_utils.o(.text._FMSTR_Compare))
<BR><BR>[Stack]<UL><LI>Max Depth = 8<LI>Call Chain = _FMSTR_Compare
</UL>
<BR>[Called By]<UL><LI><a href="#[fc]">&gt;&gt;</a>&nbsp;&nbsp;&nbsp;_FMSTR_StrCmp
</UL>

<P><STRONG><a name="[91]"></a>_FMSTR_CopySrcAligned_U64</STRONG> (Thumb, 152 bytes, Stack size 24 bytes, freemaster_utils.o(.text._FMSTR_CopySrcAligned_U64))
<BR><BR>[Stack]<UL><LI>Max Depth = 24<LI>Call Chain = _FMSTR_CopySrcAligned_U64
</UL>
<BR>[Called By]<UL><LI><a href="#[3a]">&gt;&gt;</a>&nbsp;&nbsp;&nbsp;FMSTR_MemCpySrcAligned_64
</UL>

<P><STRONG><a name="[48]"></a>Fm_Uart_Init</STRONG> (Thumb, 4 bytes, Stack size 0 bytes, freemaster_uart_user.o(.text.Fm_Uart_Init))
<BR>[Address Reference Count : 1]<UL><LI> freemaster_uart_user.o(.rodata.FmUartDrv)
</UL>
<P><STRONG><a name="[49]"></a>Fm_Uart_EnableTransmit</STRONG> (Thumb, 8 bytes, Stack size 4 bytes, freemaster_uart_user.o(.text.Fm_Uart_EnableTransmit))
<BR><BR>[Stack]<UL><LI>Max Depth = 4<LI>Call Chain = Fm_Uart_EnableTransmit
</UL>
<BR>[Address Reference Count : 1]<UL><LI> freemaster_uart_user.o(.rodata.FmUartDrv)
</UL>
<P><STRONG><a name="[4a]"></a>Fm_Uart_EnableReceive</STRONG> (Thumb, 8 bytes, Stack size 4 bytes, freemaster_uart_user.o(.text.Fm_Uart_EnableReceive))
<BR><BR>[Stack]<UL><LI>Max Depth = 4<LI>Call Chain = Fm_Uart_EnableReceive
</UL>
<BR>[Address Reference Count : 1]<UL><LI> freemaster_uart_user.o(.rodata.FmUartDrv)
</UL><P>
<H3>
Undefined Global Symbols
</H3><HR></body></html>
